This is pdfTeX, Version 3.141592653-2.6-1.40.27 (MiKTeX 25.4) (preloaded format=pdflatex 2025.9.15)  16 SEP 2025 03:38
entering extended mode
 restricted \write18 enabled.
 %&-line parsing enabled.
**./integrarinforme.tex
(integrarinforme.tex
LaTeX2e <2025-06-01> patch level 1
L3 programming layer <2025-08-13>
(C:\Program Files\MiKTeX\tex/latex/base\article.cls
Document Class: article 2025/01/22 v1.4n Standard LaTeX document class
(C:\Program Files\MiKTeX\tex/latex/base\size12.clo
File: size12.clo 2025/01/22 v1.4n Standard LaTeX file (size option)
)
\c@part=\count275
\c@section=\count276
\c@subsection=\count277
\c@subsubsection=\count278
\c@paragraph=\count279
\c@subparagraph=\count280
\c@figure=\count281
\c@table=\count282
\abovecaptionskip=\skip49
\belowcaptionskip=\skip50
\bibindent=\dimen148
)
(C:\Users\Ivan\AppData\Roaming\MiKTeX\tex/latex/setspace\setspace.sty
Package: setspace 2022/12/04 v6.7b set line spacing
)
(C:\Users\Ivan\AppData\Roaming\MiKTeX\tex/latex/newtx\newtxtext.sty
Package: newtxtext 2024/04/01 v1.744(Michael Sharpe) latex and unicode latex su
pport for TeXGyreTermesX

`newtxtext' v1.744, 2024/04/01 Text macros taking advantage of TeXGyre Termes a
nd its extensions (msharpe)
(C:\Users\Ivan\AppData\Roaming\MiKTeX\tex/latex/xpatch\xpatch.sty
(C:\Program Files\MiKTeX\tex/latex/l3kernel\expl3.sty
Package: expl3 2025-08-13 L3 programming layer (loader) 

(C:\Program Files\MiKTeX\tex/latex/l3backend\l3backend-pdftex.def
File: l3backend-pdftex.def 2025-06-09 L3 backend support: PDF output (pdfTeX)
\l__color_backend_stack_int=\count283
))
Package: xpatch 2020/03/25 v0.3a Extending etoolbox patching commands

(C:\Program Files\MiKTeX\tex/latex/l3packages/xparse\xparse.sty
Package: xparse 2024-08-16 L3 Experimental document command parser
)
(C:\Program Files\MiKTeX\tex/latex/etoolbox\etoolbox.sty
Package: etoolbox 2025/02/11 v2.5l e-TeX tools for LaTeX (JAW)
\etb@tempcnta=\count284
))
(C:\Program Files\MiKTeX\tex/latex/xcolor\xcolor.sty
Package: xcolor 2024/09/29 v3.02 LaTeX color extensions (UK)

(C:\Program Files\MiKTeX\tex/latex/graphics-cfg\color.cfg
File: color.cfg 2016/01/02 v1.6 sample color configuration
)
Package xcolor Info: Driver file: pdftex.def on input line 274.

(C:\Program Files\MiKTeX\tex/latex/graphics-def\pdftex.def
File: pdftex.def 2024/04/13 v1.2c Graphics/color driver for pdftex
)
(C:\Program Files\MiKTeX\tex/latex/graphics\mathcolor.ltx)
Package xcolor Info: Model `cmy' substituted by `cmy0' on input line 1349.
Package xcolor Info: Model `hsb' substituted by `rgb' on input line 1353.
Package xcolor Info: Model `RGB' extended on input line 1365.
Package xcolor Info: Model `HTML' substituted by `rgb' on input line 1367.
Package xcolor Info: Model `Hsb' substituted by `hsb' on input line 1368.
Package xcolor Info: Model `tHsb' substituted by `hsb' on input line 1369.
Package xcolor Info: Model `HSB' substituted by `hsb' on input line 1370.
Package xcolor Info: Model `Gray' substituted by `gray' on input line 1371.
Package xcolor Info: Model `wave' substituted by `hsb' on input line 1372.
)
(C:\Program Files\MiKTeX\tex/generic/iftex\iftex.sty
Package: iftex 2024/12/12 v1.0g TeX engine tests
)
(C:\Program Files\MiKTeX\tex/latex/xkeyval\xkeyval.sty
Package: xkeyval 2022/06/16 v2.9 package option processing (HA)

(C:\Program Files\MiKTeX\tex/generic/xkeyval\xkeyval.tex
(C:\Program Files\MiKTeX\tex/generic/xkeyval\xkvutils.tex
\XKV@toks=\toks17
\XKV@tempa@toks=\toks18

(C:\Program Files\MiKTeX\tex/generic/xkeyval\keyval.tex))
\XKV@depth=\count285
File: xkeyval.tex 2014/12/03 v2.7a key=value parser (HA)
))
(C:\Program Files\MiKTeX\tex/latex/base\textcomp.sty
Package: textcomp 2024/04/24 v2.1b Standard LaTeX package
)
(C:\Users\Ivan\AppData\Roaming\MiKTeX\tex/latex/xstring\xstring.sty
(C:\Users\Ivan\AppData\Roaming\MiKTeX\tex/generic/xstring\xstring.tex
\xs_counta=\count286
\xs_countb=\count287
)
Package: xstring 2023/08/22 v1.86 String manipulations (CT)
)
(C:\Program Files\MiKTeX\tex/latex/base\ifthen.sty
Package: ifthen 2024/03/16 v1.1e Standard LaTeX ifthen package (DPC)
)
(C:\Users\Ivan\AppData\Roaming\MiKTeX\tex/latex/carlisle\scalefnt.sty)
LaTeX Font Info:    Setting ntxLF sub-encoding to TS1/0 on input line 24.
LaTeX Font Info:    Setting ntxTLF sub-encoding to TS1/0 on input line 24.
LaTeX Font Info:    Setting ntxOsF sub-encoding to TS1/0 on input line 24.
LaTeX Font Info:    Setting ntxTOsF sub-encoding to TS1/0 on input line 24.

(C:\Users\Ivan\AppData\Roaming\MiKTeX\tex/generic/binhex\binhex.tex)
\ntx@tmpcnta=\count288
\ntx@cnt=\count289

(C:\Users\Ivan\AppData\Roaming\MiKTeX\tex/latex/fontaxes\fontaxes.sty
Package: fontaxes 2025-05-24 v2.0.1 Font selection axes (deprecated)

(C:\Users\Ivan\AppData\Roaming\MiKTeX\tex/latex/figureversions\figureversions.s
ty
Package: figureversions 2025-04-29 v1.0.1 Figure versions
))
\tx@sixem=\dimen149
\tx@y=\dimen150
\tx@x=\dimen151
\tx@tmpdima=\dimen152
\tx@tmpdimb=\dimen153
\tx@tmpdimc=\dimen154
\tx@tmpdimd=\dimen155
\tx@tmpdime=\dimen156
\tx@tmpdimf=\dimen157
\tx@dimA=\dimen158
\tx@dimAA=\dimen159
\tx@dimB=\dimen160
\tx@dimBB=\dimen161
\tx@dimC=\dimen162
LaTeX Info: Redefining \oldstylenums on input line 902.
) (C:\Users\Ivan\AppData\Roaming\MiKTeX\tex/latex/newtx\newtxmath.sty
Package: newtxmath 2024/09/22 v1.754

`newtxmath' v1.754, 2024/09/22 Math macros based originally on txfonts (msharpe
) (C:\Program Files\MiKTeX\tex/latex/amsmath\amsmath.sty
Package: amsmath 2025/06/16 v2.17y AMS math features
\@mathmargin=\skip51

For additional information on amsmath, use the `?' option.
(C:\Program Files\MiKTeX\tex/latex/amsmath\amstext.sty
Package: amstext 2024/11/17 v2.01 AMS text

(C:\Program Files\MiKTeX\tex/latex/amsmath\amsgen.sty
File: amsgen.sty 1999/11/30 v2.0 generic functions
\@emptytoks=\toks19
\ex@=\dimen163
))
(C:\Program Files\MiKTeX\tex/latex/amsmath\amsbsy.sty
Package: amsbsy 1999/11/29 v1.2d Bold Symbols
\pmbraise@=\dimen164
)
(C:\Program Files\MiKTeX\tex/latex/amsmath\amsopn.sty
Package: amsopn 2022/04/08 v2.04 operator names
)
\inf@bad=\count290
LaTeX Info: Redefining \frac on input line 233.
\uproot@=\count291
\leftroot@=\count292
LaTeX Info: Redefining \overline on input line 398.
LaTeX Info: Redefining \colon on input line 409.
\classnum@=\count293
\DOTSCASE@=\count294
LaTeX Info: Redefining \ldots on input line 495.
LaTeX Info: Redefining \dots on input line 498.
LaTeX Info: Redefining \cdots on input line 619.
\Mathstrutbox@=\box53
\strutbox@=\box54
LaTeX Info: Redefining \big on input line 721.
LaTeX Info: Redefining \Big on input line 722.
LaTeX Info: Redefining \bigg on input line 723.
LaTeX Info: Redefining \Bigg on input line 724.
\big@size=\dimen165
LaTeX Font Info:    Redeclaring font encoding OML on input line 742.
LaTeX Font Info:    Redeclaring font encoding OMS on input line 743.
\macc@depth=\count295
LaTeX Info: Redefining \bmod on input line 904.
LaTeX Info: Redefining \pmod on input line 909.
LaTeX Info: Redefining \smash on input line 939.
LaTeX Info: Redefining \relbar on input line 969.
LaTeX Info: Redefining \Relbar on input line 970.
\c@MaxMatrixCols=\count296
\dotsspace@=\muskip17
\c@parentequation=\count297
\dspbrk@lvl=\count298
\tag@help=\toks20
\row@=\count299
\column@=\count300
\maxfields@=\count301
\andhelp@=\toks21
\eqnshift@=\dimen166
\alignsep@=\dimen167
\tagshift@=\dimen168
\tagwidth@=\dimen169
\totwidth@=\dimen170
\lineht@=\dimen171
\@envbody=\toks22
\multlinegap=\skip52
\multlinetaggap=\skip53
\mathdisplay@stack=\toks23
LaTeX Info: Redefining \[ on input line 2949.
LaTeX Info: Redefining \] on input line 2950.
)
(C:\Program Files\MiKTeX\tex/latex/oberdiek\centernot.sty
Package: centernot 2016/05/16 v1.4 Centers the not symbol horizontally (HO)
)
\tx@cntz=\count302

(C:\Users\Ivan\AppData\Roaming\MiKTeX\tex/generic/binhex\binhex.tex)
\tx@Isdigit=\count303
\tx@IsAlNum=\count304
\tx@tA=\toks24
\tx@tB=\toks25
\tx@su=\read2

amsthm NOT loaded
LaTeX Font Info:    Redeclaring symbol font `operators' on input line 402.
LaTeX Font Info:    Overwriting symbol font `operators' in version `normal'
(Font)                  OT1/cmr/m/n --> OT1/minntx/m/n on input line 402.
LaTeX Font Info:    Overwriting symbol font `operators' in version `bold'
(Font)                  OT1/cmr/bx/n --> OT1/minntx/m/n on input line 402.
LaTeX Font Info:    Overwriting symbol font `operators' in version `bold'
(Font)                  OT1/minntx/m/n --> OT1/minntx/b/n on input line 403.
LaTeX Font Info:    Redeclaring math alphabet \mathsf on input line 410.
LaTeX Font Info:    Overwriting math alphabet `\mathsf' in version `normal'
(Font)                  OT1/cmss/m/n --> OT1/qhv/m/n on input line 410.
LaTeX Font Info:    Overwriting math alphabet `\mathsf' in version `bold'
(Font)                  OT1/cmss/bx/n --> OT1/qhv/m/n on input line 410.
LaTeX Font Info:    Overwriting math alphabet `\mathsf' in version `bold'
(Font)                  OT1/qhv/m/n --> OT1/qhv/b/n on input line 412.
LaTeX Font Info:    Redeclaring math alphabet \mathit on input line 419.
LaTeX Font Info:    Overwriting math alphabet `\mathit' in version `normal'
(Font)                  OT1/cmr/m/it --> OT1/minntx/m/it on input line 419.
LaTeX Font Info:    Overwriting math alphabet `\mathit' in version `bold'
(Font)                  OT1/cmr/bx/it --> OT1/minntx/m/it on input line 419.
LaTeX Font Info:    Redeclaring math alphabet \mathtt on input line 420.
LaTeX Font Info:    Overwriting math alphabet `\mathtt' in version `normal'
(Font)                  OT1/cmtt/m/n --> OT1/ntxtt/m/n on input line 420.
LaTeX Font Info:    Overwriting math alphabet `\mathtt' in version `bold'
(Font)                  OT1/cmtt/m/n --> OT1/ntxtt/m/n on input line 420.
LaTeX Font Info:    Redeclaring math alphabet \mathbf on input line 422.
LaTeX Font Info:    Overwriting math alphabet `\mathbf' in version `normal'
(Font)                  OT1/cmr/bx/n --> OT1/minntx/b/n on input line 422.
LaTeX Font Info:    Overwriting math alphabet `\mathbf' in version `bold'
(Font)                  OT1/cmr/bx/n --> OT1/minntx/b/n on input line 422.
LaTeX Font Info:    Overwriting math alphabet `\mathit' in version `bold'
(Font)                  OT1/minntx/m/it --> OT1/minntx/b/it on input line 423.
LaTeX Font Info:    Overwriting math alphabet `\mathtt' in version `bold'
(Font)                  OT1/ntxtt/m/n --> OT1/ntxtt/b/n on input line 426.
LaTeX Font Info:    Redeclaring symbol font `letters' on input line 534.
LaTeX Font Info:    Overwriting symbol font `letters' in version `normal'
(Font)                  OML/cmm/m/it --> OML/ntxmi/m/it on input line 534.
LaTeX Font Info:    Overwriting symbol font `letters' in version `bold'
(Font)                  OML/cmm/b/it --> OML/ntxmi/m/it on input line 534.
LaTeX Font Info:    Overwriting symbol font `letters' in version `bold'
(Font)                  OML/ntxmi/m/it --> OML/ntxmi/b/it on input line 535.
\symlettersA=\mathgroup4
LaTeX Font Info:    Overwriting symbol font `lettersA' in version `bold'
(Font)                  U/ntxmia/m/it --> U/ntxmia/b/it on input line 582.
Now handling font encoding LMS ...
... no UTF-8 mapping file for font encoding LMS
LaTeX Font Info:    Redeclaring symbol font `symbols' on input line 604.
LaTeX Font Info:    Encoding `OMS' has changed to `LMS' for symbol font
(Font)              `symbols' in the math version `normal' on input line 604.
LaTeX Font Info:    Overwriting symbol font `symbols' in version `normal'
(Font)                  OMS/cmsy/m/n --> LMS/ntxsy/m/n on input line 604.
LaTeX Font Info:    Encoding `OMS' has changed to `LMS' for symbol font
(Font)              `symbols' in the math version `bold' on input line 604.
LaTeX Font Info:    Overwriting symbol font `symbols' in version `bold'
(Font)                  OMS/cmsy/b/n --> LMS/ntxsy/m/n on input line 604.
LaTeX Font Info:    Overwriting symbol font `symbols' in version `bold'
(Font)                  LMS/ntxsy/m/n --> LMS/ntxsy/b/n on input line 605.
\symAMSm=\mathgroup5
LaTeX Font Info:    Overwriting symbol font `AMSm' in version `bold'
(Font)                  U/ntxsym/m/n --> U/ntxsym/b/n on input line 630.
\symsymbolsC=\mathgroup6
LaTeX Font Info:    Overwriting symbol font `symbolsC' in version `bold'
(Font)                  U/ntxsyc/m/n --> U/ntxsyc/b/n on input line 651.
Now handling font encoding LMX ...
... no UTF-8 mapping file for font encoding LMX
LaTeX Font Info:    Redeclaring symbol font `largesymbols' on input line 664.
LaTeX Font Info:    Encoding `OMX' has changed to `LMX' for symbol font
(Font)              `largesymbols' in the math version `normal' on input line 6
64.
LaTeX Font Info:    Overwriting symbol font `largesymbols' in version `normal'
(Font)                  OMX/cmex/m/n --> LMX/ntxexx/m/n on input line 664.
LaTeX Font Info:    Encoding `OMX' has changed to `LMX' for symbol font
(Font)              `largesymbols' in the math version `bold' on input line 664
.
LaTeX Font Info:    Overwriting symbol font `largesymbols' in version `bold'
(Font)                  OMX/cmex/m/n --> LMX/ntxexx/m/n on input line 664.
LaTeX Font Info:    Overwriting symbol font `largesymbols' in version `bold'
(Font)                  LMX/ntxexx/m/n --> LMX/ntxexx/b/n on input line 665.
\symlargesymbolsTXA=\mathgroup7
LaTeX Font Info:    Overwriting symbol font `largesymbolsTXA' in version `bold'

(Font)                  U/ntxexa/m/n --> U/ntxexa/b/n on input line 679.
\tx@sbptoks=\toks26
LaTeX Font Info:    Redeclaring math delimiter \lfloor on input line 902.
LaTeX Font Info:    Redeclaring math delimiter \rfloor on input line 903.
LaTeX Font Info:    Redeclaring math delimiter \lceil on input line 904.
LaTeX Font Info:    Redeclaring math delimiter \rceil on input line 905.
LaTeX Font Info:    Redeclaring math delimiter \lbrace on input line 910.
LaTeX Font Info:    Redeclaring math delimiter \rbrace on input line 911.
LaTeX Font Info:    Redeclaring math delimiter \langle on input line 913.
LaTeX Font Info:    Redeclaring math delimiter \rangle on input line 915.
LaTeX Font Info:    Redeclaring math delimiter \arrowvert on input line 919.
LaTeX Font Info:    Redeclaring math delimiter \vert on input line 920.
LaTeX Font Info:    Redeclaring math symbol \hbar on input line 966.
LaTeX Font Info:    Redeclaring math accent \dot on input line 991.
LaTeX Font Info:    Redeclaring math accent \ddot on input line 992.
LaTeX Font Info:    Redeclaring math accent \vec on input line 2057.
LaTeX Info: Redefining \Bbbk on input line 2847.
LaTeX Info: Redefining \not on input line 2995.
) (C:\Program Files\MiKTeX\tex/latex/base\inputenc.sty
Package: inputenc 2024/02/08 v1.3d Input encoding file
\inpenc@prehook=\toks27
\inpenc@posthook=\toks28
)
(C:\Program Files\MiKTeX\tex/generic/babel\babel.sty
Package: babel 2025/08/03 v25.12 The multilingual framework for LuaLaTeX, pdfLa
TeX and XeLaTeX
\babel@savecnt=\count305
LaTeX Encoding Info:    Redeclaring text command \ij (encoding OT1) on input li
ne 2045.
LaTeX Encoding Info:    Redeclaring text command \IJ (encoding OT1) on input li
ne 2047.
LaTeX Encoding Info:    Redeclaring text command \ij (encoding T1) on input lin
e 2049.
LaTeX Encoding Info:    Redeclaring text command \IJ (encoding T1) on input lin
e 2050.
LaTeX Encoding Info:    Ignoring declaration for text command \ij (encoding ?) 
on input line 2051.
LaTeX Encoding Info:    Ignoring declaration for text command \IJ (encoding ?) 
on input line 2053.
LaTeX Encoding Info:    Ignoring declaration for text command \SS (encoding ?) 
on input line 2078.
\U@D=\dimen172
\l@unhyphenated=\language79

(C:\Program Files\MiKTeX\tex/generic/babel\txtbabel.def)
\bbl@readstream=\read3
\bbl@dirlevel=\count306

*************************************
* Local config file bblopts.cfg used
*
(C:\Program Files\MiKTeX\tex/latex/arabi\bblopts.cfg
File: bblopts.cfg 2005/09/08 v0.1 add Arabic and Farsi to "declared" options of
 babel
)
(C:\Users\Ivan\AppData\Roaming\MiKTeX\tex/latex/babel-spanish\spanish.ldf
Language: spanish.ldf 2021/05/27 v5.0q Spanish support from the babel system

(C:\Program Files\MiKTeX\tex/generic/babel/locale/es\babel-spanish.tex
Package babel Info: Importing font and identification data for spanish
(babel)             from babel-es.ini. Reported on input line 12.
)
\es@quottoks=\toks29
\es@quotdepth=\count307
Package babel Info: Making " an active character on input line 570.
Package babel Info: Making . an active character on input line 675.
Package babel Info: Making < an active character on input line 722.
Package babel Info: Making > an active character on input line 722.
))
LaTeX Encoding Info:    Redeclaring text command \guillemotleft (encoding OT1) 
on input line 15.
LaTeX Encoding Info:    Redeclaring text command \guillemotright (encoding OT1)
 on input line 15.

(C:\Users\Ivan\AppData\Roaming\MiKTeX\tex/latex/geometry\geometry.sty
Package: geometry 2020/01/02 v5.9 Page Geometry

(C:\Program Files\MiKTeX\tex/generic/iftex\ifvtex.sty
Package: ifvtex 2019/10/25 v1.7 ifvtex legacy package. Use iftex instead.
)
\Gm@cnth=\count308
\Gm@cntv=\count309
\c@Gm@tempcnt=\count310
\Gm@bindingoffset=\dimen173
\Gm@wd@mp=\dimen174
\Gm@odd@mp=\dimen175
\Gm@even@mp=\dimen176
\Gm@layoutwidth=\dimen177
\Gm@layoutheight=\dimen178
\Gm@layouthoffset=\dimen179
\Gm@layoutvoffset=\dimen180
\Gm@dimlist=\toks30

(C:\Users\Ivan\AppData\Roaming\MiKTeX\tex/latex/geometry\geometry.cfg))
(C:\Program Files\MiKTeX\tex/latex/graphics\graphicx.sty
Package: graphicx 2024/12/31 v1.2e Enhanced LaTeX Graphics (DPC,SPQR)

(C:\Program Files\MiKTeX\tex/latex/graphics\graphics.sty
Package: graphics 2024/08/06 v1.4g Standard LaTeX Graphics (DPC,SPQR)

(C:\Program Files\MiKTeX\tex/latex/graphics\trig.sty
Package: trig 2023/12/02 v1.11 sin cos tan (DPC)
)
(C:\Program Files\MiKTeX\tex/latex/graphics-cfg\graphics.cfg
File: graphics.cfg 2016/06/04 v1.11 sample graphics configuration
)
Package graphics Info: Driver file: pdftex.def on input line 106.
)
\Gin@req@height=\dimen181
\Gin@req@width=\dimen182
)
(C:\Users\Ivan\AppData\Roaming\MiKTeX\tex/latex/titlesec\titlesec.sty
Package: titlesec 2025/01/04 v2.17 Sectioning titles
\ttl@box=\box55
\beforetitleunit=\skip54
\aftertitleunit=\skip55
\ttl@plus=\dimen183
\ttl@minus=\dimen184
\ttl@toksa=\toks31
\titlewidth=\dimen185
\titlewidthlast=\dimen186
\titlewidthfirst=\dimen187
)
(C:\Users\Ivan\AppData\Roaming\MiKTeX\tex/latex/lipsum\lipsum.sty
(C:\Program Files\MiKTeX\tex/latex/l3packages/l3keys2e\l3keys2e.sty
Package: l3keys2e 2024-08-16 LaTeX2e option processing using LaTeX3 keys
)
Package: lipsum 2021-09-20 v2.7 150 paragraphs of Lorem Ipsum dummy text
\g__lipsum_par_int=\count311
\l__lipsum_a_int=\count312
\l__lipsum_b_int=\count313

(C:\Users\Ivan\AppData\Roaming\MiKTeX\tex/latex/lipsum\lipsum.ltd.tex))
(C:\Users\Ivan\AppData\Roaming\MiKTeX\tex/latex/pdfpages\pdfpages.sty
Package: pdfpages 2025/07/23 v0.6g Insert pages of external PDF documents (AM)

(C:\Program Files\MiKTeX\tex/latex/tools\calc.sty
Package: calc 2025/03/01 v4.3b Infix arithmetic (KKT,FJ)
\calc@Acount=\count314
\calc@Bcount=\count315
\calc@Adimen=\dimen188
\calc@Bdimen=\dimen189
\calc@Askip=\skip56
\calc@Bskip=\skip57
LaTeX Info: Redefining \setlength on input line 86.
LaTeX Info: Redefining \addtolength on input line 87.
\calc@Ccount=\count316
\calc@Cskip=\skip58
)
(C:\Users\Ivan\AppData\Roaming\MiKTeX\tex/latex/eso-pic\eso-pic.sty
Package: eso-pic 2023/05/03 v3.0c eso-pic (RN)
\ESO@tempdima=\dimen190
\ESO@tempdimb=\dimen191
)
\AM@pagewidth=\dimen192
\AM@pageheight=\dimen193
\AM@fboxrule=\dimen194

(C:\Users\Ivan\AppData\Roaming\MiKTeX\tex/latex/pdfpages\pppdftex.def
File: pppdftex.def 2025/07/23 v0.6g Pdfpages driver for pdfTeX (AM)
)
\pdfpages@includegraphics@status=\count317
\AM@pagebox=\box56
\AM@global@opts=\toks32
\AM@pagecnt=\count318
\AM@toc@title=\toks33
\AM@lof@heading=\toks34
\c@AM@survey=\count319
\AM@templatesizebox=\box57
)
(C:\Program Files\MiKTeX\tex/latex/tocloft\tocloft.sty
Package: tocloft 2017/08/31 v2.3i parameterised ToC, etc., typesetting
Package tocloft Info: The document has section divisions on input line 51.
\cftparskip=\skip59
\cftbeforetoctitleskip=\skip60
\cftaftertoctitleskip=\skip61
\cftbeforepartskip=\skip62
\cftpartnumwidth=\skip63
\cftpartindent=\skip64
\cftbeforesecskip=\skip65
\cftsecindent=\skip66
\cftsecnumwidth=\skip67
\cftbeforesubsecskip=\skip68
\cftsubsecindent=\skip69
\cftsubsecnumwidth=\skip70
\cftbeforesubsubsecskip=\skip71
\cftsubsubsecindent=\skip72
\cftsubsubsecnumwidth=\skip73
\cftbeforeparaskip=\skip74
\cftparaindent=\skip75
\cftparanumwidth=\skip76
\cftbeforesubparaskip=\skip77
\cftsubparaindent=\skip78
\cftsubparanumwidth=\skip79
\cftbeforeloftitleskip=\skip80
\cftafterloftitleskip=\skip81
\cftbeforefigskip=\skip82
\cftfigindent=\skip83
\cftfignumwidth=\skip84
\c@lofdepth=\count320
\c@lotdepth=\count321
\cftbeforelottitleskip=\skip85
\cftafterlottitleskip=\skip86
\cftbeforetabskip=\skip87
\cfttabindent=\skip88
\cfttabnumwidth=\skip89
)
(C:\Program Files\MiKTeX\tex/latex/hyperref\hyperref.sty
Package: hyperref 2025-07-12 v7.01o Hypertext links for LaTeX

(C:\Users\Ivan\AppData\Roaming\MiKTeX\tex/latex/kvsetkeys\kvsetkeys.sty
Package: kvsetkeys 2022-10-05 v1.19 Key value parser (HO)
)
(C:\Users\Ivan\AppData\Roaming\MiKTeX\tex/generic/kvdefinekeys\kvdefinekeys.sty
Package: kvdefinekeys 2019-12-19 v1.6 Define keys (HO)
) (C:\Program Files\MiKTeX\tex/generic/pdfescape\pdfescape.sty
Package: pdfescape 2019/12/09 v1.15 Implements pdfTeX's escape features (HO)

(C:\Users\Ivan\AppData\Roaming\MiKTeX\tex/generic/ltxcmds\ltxcmds.sty
Package: ltxcmds 2023-12-04 v1.26 LaTeX kernel commands for general use (HO)
)
(C:\Program Files\MiKTeX\tex/generic/pdftexcmds\pdftexcmds.sty
Package: pdftexcmds 2020-06-27 v0.33 Utility functions of pdfTeX for LuaTeX (HO
)

(C:\Users\Ivan\AppData\Roaming\MiKTeX\tex/generic/infwarerr\infwarerr.sty
Package: infwarerr 2019/12/03 v1.5 Providing info/warning/error messages (HO)
)
Package pdftexcmds Info: \pdf@primitive is available.
Package pdftexcmds Info: \pdf@ifprimitive is available.
Package pdftexcmds Info: \pdfdraftmode found.
))
(C:\Program Files\MiKTeX\tex/latex/hycolor\hycolor.sty
Package: hycolor 2020-01-27 v1.10 Color options for hyperref/bookmark (HO)
)
(C:\Program Files\MiKTeX\tex/latex/hyperref\nameref.sty
Package: nameref 2025-06-21 v2.57 Cross-referencing by name of section

(C:\Program Files\MiKTeX\tex/latex/refcount\refcount.sty
Package: refcount 2019/12/15 v3.6 Data extraction from label references (HO)
)
(C:\Program Files\MiKTeX\tex/generic/gettitlestring\gettitlestring.sty
Package: gettitlestring 2019/12/15 v1.6 Cleanup title references (HO)

(C:\Users\Ivan\AppData\Roaming\MiKTeX\tex/latex/kvoptions\kvoptions.sty
Package: kvoptions 2022-06-15 v3.15 Key value format for package options (HO)
))
\c@section@level=\count322
)
(C:\Program Files\MiKTeX\tex/generic/stringenc\stringenc.sty
Package: stringenc 2019/11/29 v1.12 Convert strings between diff. encodings (HO
)
)
\@linkdim=\dimen195
\Hy@linkcounter=\count323
\Hy@pagecounter=\count324

(C:\Program Files\MiKTeX\tex/latex/hyperref\pd1enc.def
File: pd1enc.def 2025-07-12 v7.01o Hyperref: PDFDocEncoding definition (HO)
Now handling font encoding PD1 ...
... no UTF-8 mapping file for font encoding PD1
)
(C:\Program Files\MiKTeX\tex/generic/intcalc\intcalc.sty
Package: intcalc 2019/12/15 v1.3 Expandable calculations with integers (HO)
)
\Hy@SavedSpaceFactor=\count325

(C:\Program Files\MiKTeX\tex/latex/hyperref\puenc.def
File: puenc.def 2025-07-12 v7.01o Hyperref: PDF Unicode definition (HO)
Now handling font encoding PU ...
... no UTF-8 mapping file for font encoding PU
)
Package hyperref Info: Hyper figures OFF on input line 4195.
Package hyperref Info: Link nesting OFF on input line 4200.
Package hyperref Info: Hyper index ON on input line 4203.
Package hyperref Info: Plain pages OFF on input line 4210.
Package hyperref Info: Backreferencing OFF on input line 4215.
Package hyperref Info: Implicit mode ON; LaTeX internals redefined.
Package hyperref Info: Bookmarks ON on input line 4462.
\c@Hy@tempcnt=\count326

(C:\Program Files\MiKTeX\tex/latex/url\url.sty
\Urlmuskip=\muskip18
Package: url 2013/09/16  ver 3.4  Verb mode for urls, etc.
)
LaTeX Info: Redefining \url on input line 4801.
\XeTeXLinkMargin=\dimen196

(C:\Program Files\MiKTeX\tex/generic/bitset\bitset.sty
Package: bitset 2019/12/09 v1.3 Handle bit-vector datatype (HO)

(C:\Program Files\MiKTeX\tex/generic/bigintcalc\bigintcalc.sty
Package: bigintcalc 2019/12/15 v1.5 Expandable calculations on big integers (HO
)
))
\Fld@menulength=\count327
\Field@Width=\dimen197
\Fld@charsize=\dimen198
Package hyperref Info: Hyper figures OFF on input line 6078.
Package hyperref Info: Link nesting OFF on input line 6083.
Package hyperref Info: Hyper index ON on input line 6086.
Package hyperref Info: backreferencing OFF on input line 6093.
Package hyperref Info: Link coloring OFF on input line 6098.
Package hyperref Info: Link coloring with OCG OFF on input line 6103.
Package hyperref Info: PDF/A mode OFF on input line 6108.
\Hy@abspage=\count328
\c@Item=\count329
\c@Hfootnote=\count330
)
Package hyperref Info: Driver (autodetected): hpdftex.

(C:\Program Files\MiKTeX\tex/latex/hyperref\hpdftex.def
File: hpdftex.def 2025-07-12 v7.01o Hyperref driver for pdfTeX
\Fld@listcount=\count331
\c@bookmark@seq@number=\count332

(C:\Program Files\MiKTeX\tex/latex/rerunfilecheck\rerunfilecheck.sty
Package: rerunfilecheck 2025-06-21 v1.11 Rerun checks for auxiliary files (HO)

(C:\Program Files\MiKTeX\tex/generic/uniquecounter\uniquecounter.sty
Package: uniquecounter 2019/12/15 v1.4 Provide unlimited unique counter (HO)
)
Package uniquecounter Info: New unique counter `rerunfilecheck' on input line 2
84.
)
\Hy@SectionHShift=\skip90
)
Package hyperref Info: Option `colorlinks' set `true' on input line 31.
LaTeX Font Info:    Trying to load font information for OT1+ntxtlf on input lin
e 56.

(C:\Users\Ivan\AppData\Roaming\MiKTeX\tex/latex/newtx\ot1ntxtlf.fd
File: ot1ntxtlf.fd 2021/05/24 v1.0 font definition file for OT1/ntx/tlf
)
LaTeX Font Info:    Font shape `OT1/ntxtlf/m/n' will be
(Font)              scaled to size 12.0pt on input line 56.

(integrarinforme.aux
LaTeX Info: Redefining \. on input line 11.
LaTeX Info: Redefining \% on input line 11.
Package babel Info: 'spanish' activates 'spanish' shorthands.
(babel)             Reported on input line 11.
)
\openout1 = `integrarinforme.aux'.

LaTeX Font Info:    Checking defaults for OML/ntxmi/m/it on input line 56.
LaTeX Font Info:    Trying to load font information for OML+ntxmi on input line
 56.

(C:\Users\Ivan\AppData\Roaming\MiKTeX\tex/latex/newtx\omlntxmi.fd
File: omlntxmi.fd 2015/08/25 Fontinst v1.933 font definitions for OML/ntxmi.
)
LaTeX Font Info:    ... okay on input line 56.
LaTeX Font Info:    Checking defaults for OMS/cmsy/m/n on input line 56.
LaTeX Font Info:    ... okay on input line 56.
LaTeX Font Info:    Checking defaults for OT1/cmr/m/n on input line 56.
LaTeX Font Info:    ... okay on input line 56.
LaTeX Font Info:    Checking defaults for T1/cmr/m/n on input line 56.
LaTeX Font Info:    ... okay on input line 56.
LaTeX Font Info:    Checking defaults for TS1/cmr/m/n on input line 56.
LaTeX Font Info:    ... okay on input line 56.
LaTeX Font Info:    Checking defaults for OMX/cmex/m/n on input line 56.
LaTeX Font Info:    ... okay on input line 56.
LaTeX Font Info:    Checking defaults for U/ntxexa/m/n on input line 56.
LaTeX Font Info:    Trying to load font information for U+ntxexa on input line 
56.

(C:\Users\Ivan\AppData\Roaming\MiKTeX\tex/latex/newtx\untxexa.fd
File: untxexa.fd 2012/04/16 Fontinst v1.933 font definitions for U/ntxexa.
)
LaTeX Font Info:    ... okay on input line 56.
LaTeX Font Info:    Checking defaults for LMS/ntxsy/m/n on input line 56.
LaTeX Font Info:    Trying to load font information for LMS+ntxsy on input line
 56.

(C:\Users\Ivan\AppData\Roaming\MiKTeX\tex/latex/newtx\lmsntxsy.fd
File: lmsntxsy.fd 2016/07/02 Fontinst v1.933 font definitions for LMS/ntxsy.
)
LaTeX Font Info:    ... okay on input line 56.
LaTeX Font Info:    Checking defaults for LMX/ntxexx/m/n on input line 56.
LaTeX Font Info:    Trying to load font information for LMX+ntxexx on input lin
e 56.

(C:\Users\Ivan\AppData\Roaming\MiKTeX\tex/latex/newtx\lmxntxexx.fd
File: lmxntxexx.fd 2016/07/03 Fontinst v1.933 font definitions for LMX/ntxexx.
)
LaTeX Font Info:    ... okay on input line 56.
LaTeX Font Info:    Checking defaults for PD1/pdf/m/n on input line 56.
LaTeX Font Info:    ... okay on input line 56.
LaTeX Font Info:    Checking defaults for PU/pdf/m/n on input line 56.
LaTeX Font Info:    ... okay on input line 56.

(C:\Program Files\MiKTeX\tex/context/base/mkii\supp-pdf.mkii
[Loading MPS to PDF converter (version 2006.09.02).]
\scratchcounter=\count333
\scratchdimen=\dimen199
\scratchbox=\box58
\nofMPsegments=\count334
\nofMParguments=\count335
\everyMPshowfont=\toks35
\MPscratchCnt=\count336
\MPscratchDim=\dimen256
\MPnumerator=\count337
\makeMPintoPDFobject=\count338
\everyMPtoPDFconversion=\toks36
) (C:\Program Files\MiKTeX\tex/latex/epstopdf-pkg\epstopdf-base.sty
Package: epstopdf-base 2020-01-24 v2.11 Base part for package epstopdf
Package epstopdf-base Info: Redefining graphics rule for `.eps' on input line 4
85.

(C:\Program Files\MiKTeX\tex/latex/00miktex\epstopdf-sys.cfg
File: epstopdf-sys.cfg 2021/03/18 v2.0 Configuration of epstopdf for MiKTeX
))
\c@mv@tabular=\count339
\c@mv@boldtabular=\count340
LaTeX Info: Command `\dddot' is already robust on input line 56.
LaTeX Info: Command `\ddddot' is already robust on input line 56.
LaTeX Info: Redefining \. on input line 56.
LaTeX Info: Redefining \% on input line 56.

*geometry* driver: auto-detecting
*geometry* detected driver: pdftex
*geometry* verbose mode - [ preamble ] result:
* driver: pdftex
* paper: letterpaper
* layout: <same size as paper>
* layoutoffset:(h,v)=(0.0pt,0.0pt)
* modes: 
* h-part:(L,W,R)=(72.26999pt, 469.75502pt, 72.26999pt)
* v-part:(T,H,B)=(72.26999pt, 650.43001pt, 72.26999pt)
* \paperwidth=614.295pt
* \paperheight=794.96999pt
* \textwidth=469.75502pt
* \textheight=650.43001pt
* \oddsidemargin=0.0pt
* \evensidemargin=0.0pt
* \topmargin=-37.0pt
* \headheight=12.0pt
* \headsep=25.0pt
* \topskip=12.0pt
* \footskip=30.0pt
* \marginparwidth=44.0pt
* \marginparsep=10.0pt
* \columnsep=10.0pt
* \skip\footins=10.8pt plus 4.0pt minus 2.0pt
* \hoffset=0.0pt
* \voffset=0.0pt
* \mag=1000
* \@twocolumnfalse
* \@twosidefalse
* \@mparswitchfalse
* \@reversemarginfalse
* (1in=72.27pt=25.4mm, 1cm=28.453pt)

(C:\Users\Ivan\AppData\Roaming\MiKTeX\tex/latex/pdflscape\pdflscape.sty
Package: pdflscape 2022-10-27 v0.13 Display of landscape pages in PDF

(C:\Users\Ivan\AppData\Roaming\MiKTeX\tex/latex/pdflscape\pdflscape-nometadata.
sty
Package: pdflscape-nometadata 2022-10-28 v0.13 Display of landscape pages in PD
F (HO)
 (C:\Program Files\MiKTeX\tex/latex/graphics\lscape.sty
Package: lscape 2020/05/28 v3.02 Landscape Pages (DPC)
)
Package pdflscape Info: Auto-detected driver: pdftex on input line 81.
))
Package hyperref Info: Link coloring ON on input line 56.

(integrarinforme.out) (integrarinforme.out)
\@outlinefile=\write3
\openout3 = `integrarinforme.out'.

<portadaU2/caratulaU.pdf, id=19, 614.295pt x 794.97pt>
File: portadaU2/caratulaU.pdf Graphic file (type pdf)
<use portadaU2/caratulaU.pdf>
Package pdftex.def Info: portadaU2/caratulaU.pdf  used on input line 58.
(pdftex.def)             Requested size: 614.29349pt x 794.96806pt.
<portadaU2/caratulaU.pdf, id=21, page=1, 614.295pt x 794.97pt>
File: portadaU2/caratulaU.pdf Graphic file (type pdf)
<use portadaU2/caratulaU.pdf, page 1>
Package pdftex.def Info: portadaU2/caratulaU.pdf , page1 used on input line 58.

(pdftex.def)             Requested size: 614.29349pt x 794.96806pt.
File: portadaU2/caratulaU.pdf Graphic file (type pdf)
<use portadaU2/caratulaU.pdf, page 1>
Package pdftex.def Info: portadaU2/caratulaU.pdf , page1 used on input line 58.

(pdftex.def)             Requested size: 614.58406pt x 795.3441pt.
File: portadaU2/caratulaU.pdf Graphic file (type pdf)
<use portadaU2/caratulaU.pdf, page 1>
Package pdftex.def Info: portadaU2/caratulaU.pdf , page1 used on input line 58.

(pdftex.def)             Requested size: 614.58406pt x 795.3441pt.
File: portadaU2/caratulaU.pdf Graphic file (type pdf)
<use portadaU2/caratulaU.pdf, page 1>
Package pdftex.def Info: portadaU2/caratulaU.pdf , page1 used on input line 58.

(pdftex.def)             Requested size: 614.58406pt x 795.3441pt.


File: portadaU2/caratulaU.pdf Graphic file (type pdf)
<use portadaU2/caratulaU.pdf, page 1>
Package pdftex.def Info: portadaU2/caratulaU.pdf , page1 used on input line 58.

(pdftex.def)             Requested size: 614.58406pt x 795.3441pt.
[1


 <./portadaU2/caratulaU.pdf>]
LaTeX Font Info:    Font shape `OT1/ntxtlf/m/n' will be
(Font)              scaled to size 24.88pt on input line 61.
LaTeX Font Info:    Font shape `OT1/ntxtlf/b/n' will be
(Font)              scaled to size 24.88pt on input line 61.
 (integrarinforme.toc
LaTeX Info: Redefining \. on input line 1.
LaTeX Info: Redefining \% on input line 1.
LaTeX Font Info:    Font shape `OT1/ntxtlf/b/n' will be
(Font)              scaled to size 12.0pt on input line 2.
LaTeX Font Info:    Trying to load font information for OT1+minntx on input lin
e 2.

(C:\Users\Ivan\AppData\Roaming\MiKTeX\tex/latex/newtx\ot1minntx.fd
File: ot1minntx.fd 2023/09/09 v1.1 font definition file for OT1/minntx
)
LaTeX Font Info:    Font shape `OT1/minntx/m/n' will be
(Font)              scaled to size 12.0pt on input line 2.
LaTeX Font Info:    Font shape `OT1/minntx/m/n' will be
(Font)              scaled to size 8.8pt on input line 2.
LaTeX Font Info:    Font shape `OT1/minntx/m/n' will be
(Font)              scaled to size 6.6pt on input line 2.
LaTeX Font Info:    Font shape `OML/ntxmi/m/it' will be
(Font)              scaled to size 12.0pt on input line 2.
LaTeX Font Info:    Font shape `OML/ntxmi/m/it' will be
(Font)              scaled to size 8.8pt on input line 2.
LaTeX Font Info:    Font shape `OML/ntxmi/m/it' will be
(Font)              scaled to size 6.6pt on input line 2.
LaTeX Font Info:    Font shape `LMS/ntxsy/m/n' will be
(Font)              scaled to size 12.0pt on input line 2.
LaTeX Font Info:    Font shape `LMS/ntxsy/m/n' will be
(Font)              scaled to size 8.8pt on input line 2.
LaTeX Font Info:    Font shape `LMS/ntxsy/m/n' will be
(Font)              scaled to size 6.6pt on input line 2.
LaTeX Font Info:    Font shape `LMX/ntxexx/m/n' will be
(Font)              scaled to size 12.0pt on input line 2.
LaTeX Font Info:    Font shape `LMX/ntxexx/m/n' will be
(Font)              scaled to size 8.8pt on input line 2.
LaTeX Font Info:    Font shape `LMX/ntxexx/m/n' will be
(Font)              scaled to size 6.6pt on input line 2.
LaTeX Font Info:    Trying to load font information for U+ntxmia on input line 
2.

(C:\Users\Ivan\AppData\Roaming\MiKTeX\tex/latex/newtx\untxmia.fd
File: untxmia.fd 2024/04/09 Fontinst v1.933 font definitions for U/ntxmia.
)
LaTeX Font Info:    Font shape `U/ntxmia/m/it' will be
(Font)              scaled to size 12.0pt on input line 2.
LaTeX Font Info:    Font shape `U/ntxmia/m/it' will be
(Font)              scaled to size 8.8pt on input line 2.
LaTeX Font Info:    Font shape `U/ntxmia/m/it' will be
(Font)              scaled to size 6.6pt on input line 2.
LaTeX Font Info:    Trying to load font information for U+ntxsym on input line 
2.

(C:\Users\Ivan\AppData\Roaming\MiKTeX\tex/latex/newtx\untxsym.fd
File: untxsym.fd 2023/08/16 Fontinst v1.933 font definitions for U/ntxsym.
)
LaTeX Font Info:    Font shape `U/ntxsym/m/n' will be
(Font)              scaled to size 12.0pt on input line 2.
LaTeX Font Info:    Font shape `U/ntxsym/m/n' will be
(Font)              scaled to size 8.8pt on input line 2.
LaTeX Font Info:    Font shape `U/ntxsym/m/n' will be
(Font)              scaled to size 6.6pt on input line 2.
LaTeX Font Info:    Trying to load font information for U+ntxsyc on input line 
2.

(C:\Users\Ivan\AppData\Roaming\MiKTeX\tex/latex/newtx\untxsyc.fd
File: untxsyc.fd 2012/04/12 Fontinst v1.933 font definitions for U/ntxsyc.
)
LaTeX Font Info:    Font shape `U/ntxsyc/m/n' will be
(Font)              scaled to size 12.0pt on input line 2.
LaTeX Font Info:    Font shape `U/ntxsyc/m/n' will be
(Font)              scaled to size 8.8pt on input line 2.
LaTeX Font Info:    Font shape `U/ntxsyc/m/n' will be
(Font)              scaled to size 6.6pt on input line 2.
LaTeX Font Info:    Font shape `U/ntxexa/m/n' will be
(Font)              scaled to size 12.0pt on input line 2.
LaTeX Font Info:    Font shape `U/ntxexa/m/n' will be
(Font)              scaled to size 8.8pt on input line 2.
LaTeX Font Info:    Font shape `U/ntxexa/m/n' will be
(Font)              scaled to size 6.6pt on input line 2.
)
\tf@toc=\write4
\openout4 = `integrarinforme.toc'.



[2{C:/Users/Ivan/AppData/Local/MiKTeX/fonts/map/pdftex/pdftex.map}{C:/Users/Iva
n/AppData/Roaming/MiKTeX/fonts/enc/dvips/newtx/ntx-ot1-tlf.enc}]
<hoja/hojaadjunta.pdf, id=143, 614.295pt x 794.97pt>
File: hoja/hojaadjunta.pdf Graphic file (type pdf)
<use hoja/hojaadjunta.pdf>
Package pdftex.def Info: hoja/hojaadjunta.pdf  used on input line 68.
(pdftex.def)             Requested size: 614.29349pt x 794.96806pt.
<hoja/hojaadjunta.pdf, id=145, page=1, 614.295pt x 794.97pt>
File: hoja/hojaadjunta.pdf Graphic file (type pdf)
<use hoja/hojaadjunta.pdf, page 1>
Package pdftex.def Info: hoja/hojaadjunta.pdf , page1 used on input line 68.
(pdftex.def)             Requested size: 614.29349pt x 794.96806pt.
File: hoja/hojaadjunta.pdf Graphic file (type pdf)
<use hoja/hojaadjunta.pdf, page 1>
Package pdftex.def Info: hoja/hojaadjunta.pdf , page1 used on input line 68.
(pdftex.def)             Requested size: 614.58406pt x 795.3441pt.
File: hoja/hojaadjunta.pdf Graphic file (type pdf)
<use hoja/hojaadjunta.pdf, page 1>
Package pdftex.def Info: hoja/hojaadjunta.pdf , page1 used on input line 68.
(pdftex.def)             Requested size: 614.58406pt x 795.3441pt.
File: hoja/hojaadjunta.pdf Graphic file (type pdf)
<use hoja/hojaadjunta.pdf, page 1>
Package pdftex.def Info: hoja/hojaadjunta.pdf , page1 used on input line 68.
(pdftex.def)             Requested size: 614.58406pt x 795.3441pt.


File: hoja/hojaadjunta.pdf Graphic file (type pdf)
<use hoja/hojaadjunta.pdf, page 1>
Package pdftex.def Info: hoja/hojaadjunta.pdf , page1 used on input line 68.
(pdftex.def)             Requested size: 614.58406pt x 795.3441pt.
[3

 <./hoja/hojaadjunta.pdf>]
<hoja/hojaadjunta.pdf, id=169, page=2, 614.295pt x 794.97pt>
File: hoja/hojaadjunta.pdf Graphic file (type pdf)
<use hoja/hojaadjunta.pdf, page 2>
Package pdftex.def Info: hoja/hojaadjunta.pdf , page2 used on input line 68.
(pdftex.def)             Requested size: 614.58406pt x 795.3441pt.
File: hoja/hojaadjunta.pdf Graphic file (type pdf)
<use hoja/hojaadjunta.pdf, page 2>
Package pdftex.def Info: hoja/hojaadjunta.pdf , page2 used on input line 68.
(pdftex.def)             Requested size: 614.58406pt x 795.3441pt.


File: hoja/hojaadjunta.pdf Graphic file (type pdf)
<use hoja/hojaadjunta.pdf, page 2>
Package pdftex.def Info: hoja/hojaadjunta.pdf , page2 used on input line 68.
(pdftex.def)             Requested size: 614.58406pt x 795.3441pt.
[4

 <./hoja/hojaadjunta.pdf>]
<scaner/oficiofirmado.pdf, id=174, 614.295pt x 794.97pt>
File: scaner/oficiofirmado.pdf Graphic file (type pdf)
<use scaner/oficiofirmado.pdf>
Package pdftex.def Info: scaner/oficiofirmado.pdf  used on input line 81.
(pdftex.def)             Requested size: 614.29349pt x 794.96806pt.
<scaner/oficiofirmado.pdf, id=176, page=1, 614.295pt x 794.97pt>
File: scaner/oficiofirmado.pdf Graphic file (type pdf)
<use scaner/oficiofirmado.pdf, page 1>
Package pdftex.def Info: scaner/oficiofirmado.pdf , page1 used on input line 81
.
(pdftex.def)             Requested size: 614.29349pt x 794.96806pt.
File: scaner/oficiofirmado.pdf Graphic file (type pdf)
<use scaner/oficiofirmado.pdf, page 1>
Package pdftex.def Info: scaner/oficiofirmado.pdf , page1 used on input line 81
.
(pdftex.def)             Requested size: 522.15321pt x 675.72769pt.
File: scaner/oficiofirmado.pdf Graphic file (type pdf)
<use scaner/oficiofirmado.pdf, page 1>
Package pdftex.def Info: scaner/oficiofirmado.pdf , page1 used on input line 81
.
(pdftex.def)             Requested size: 522.15321pt x 675.72769pt.
File: scaner/oficiofirmado.pdf Graphic file (type pdf)
<use scaner/oficiofirmado.pdf, page 1>
Package pdftex.def Info: scaner/oficiofirmado.pdf , page1 used on input line 81
.
(pdftex.def)             Requested size: 522.15321pt x 675.72769pt.


File: scaner/oficiofirmado.pdf Graphic file (type pdf)
<use scaner/oficiofirmado.pdf, page 1>
Package pdftex.def Info: scaner/oficiofirmado.pdf , page1 used on input line 81
.
(pdftex.def)             Requested size: 522.15321pt x 675.72769pt.
[5

 <./scaner/oficiofirmado.pdf

pdfTeX warning: pdflatex.exe (file ./scaner/oficiofirmado.pdf): PDF inclusion: 
Subtype in Resources dict is not a name (key 'Subtype', type <stream>); ignored
.
>]
<scaner/respuestaconesa.pdf, id=184, 614.295pt x 794.97pt>
File: scaner/respuestaconesa.pdf Graphic file (type pdf)
<use scaner/respuestaconesa.pdf>
Package pdftex.def Info: scaner/respuestaconesa.pdf  used on input line 91.
(pdftex.def)             Requested size: 614.29349pt x 794.96806pt.
<scaner/respuestaconesa.pdf, id=186, page=1, 614.295pt x 794.97pt>
File: scaner/respuestaconesa.pdf Graphic file (type pdf)
<use scaner/respuestaconesa.pdf, page 1>
Package pdftex.def Info: scaner/respuestaconesa.pdf , page1 used on input line 
91.
(pdftex.def)             Requested size: 614.29349pt x 794.96806pt.
File: scaner/respuestaconesa.pdf Graphic file (type pdf)
<use scaner/respuestaconesa.pdf, page 1>
Package pdftex.def Info: scaner/respuestaconesa.pdf , page1 used on input line 
91.
(pdftex.def)             Requested size: 522.15321pt x 675.72769pt.
File: scaner/respuestaconesa.pdf Graphic file (type pdf)
<use scaner/respuestaconesa.pdf, page 1>
Package pdftex.def Info: scaner/respuestaconesa.pdf , page1 used on input line 
91.
(pdftex.def)             Requested size: 522.15321pt x 675.72769pt.
File: scaner/respuestaconesa.pdf Graphic file (type pdf)
<use scaner/respuestaconesa.pdf, page 1>
Package pdftex.def Info: scaner/respuestaconesa.pdf , page1 used on input line 
91.
(pdftex.def)             Requested size: 522.15321pt x 675.72769pt.


File: scaner/respuestaconesa.pdf Graphic file (type pdf)
<use scaner/respuestaconesa.pdf, page 1>
Package pdftex.def Info: scaner/respuestaconesa.pdf , page1 used on input line 
91.
(pdftex.def)             Requested size: 522.15321pt x 675.72769pt.
[6

 <./scaner/respuestaconesa.pdf

pdfTeX warning: pdflatex.exe (file ./scaner/respuestaconesa.pdf): PDF inclusion
: Subtype in Resources dict is not a name (key 'Subtype', type <stream>); ignor
ed.
>]
<investigacion/investigacion.pdf, id=194, 614.295pt x 794.97pt>
File: investigacion/investigacion.pdf Graphic file (type pdf)
<use investigacion/investigacion.pdf>
Package pdftex.def Info: investigacion/investigacion.pdf  used on input line 10
0.
(pdftex.def)             Requested size: 614.29349pt x 794.96806pt.
<investigacion/investigacion.pdf, id=196, page=1, 614.295pt x 794.97pt>
File: investigacion/investigacion.pdf Graphic file (type pdf)
<use investigacion/investigacion.pdf, page 1>
Package pdftex.def Info: investigacion/investigacion.pdf , page1 used on input 
line 100.
(pdftex.def)             Requested size: 614.29349pt x 794.96806pt.
File: investigacion/investigacion.pdf Graphic file (type pdf)
<use investigacion/investigacion.pdf, page 1>
Package pdftex.def Info: investigacion/investigacion.pdf , page1 used on input 
line 100.
(pdftex.def)             Requested size: 614.58406pt x 795.3441pt.
File: investigacion/investigacion.pdf Graphic file (type pdf)
<use investigacion/investigacion.pdf, page 1>
Package pdftex.def Info: investigacion/investigacion.pdf , page1 used on input 
line 100.
(pdftex.def)             Requested size: 614.58406pt x 795.3441pt.
File: investigacion/investigacion.pdf Graphic file (type pdf)
<use investigacion/investigacion.pdf, page 1>
Package pdftex.def Info: investigacion/investigacion.pdf , page1 used on input 
line 100.
(pdftex.def)             Requested size: 614.58406pt x 795.3441pt.


File: investigacion/investigacion.pdf Graphic file (type pdf)
<use investigacion/investigacion.pdf, page 1>
Package pdftex.def Info: investigacion/investigacion.pdf , page1 used on input 
line 100.
(pdftex.def)             Requested size: 614.58406pt x 795.3441pt.
[7

 <./investigacion/investigacion.pdf>]
<investigacion/investigacion.pdf, id=211, page=2, 614.295pt x 794.97pt>
File: investigacion/investigacion.pdf Graphic file (type pdf)
<use investigacion/investigacion.pdf, page 2>
Package pdftex.def Info: investigacion/investigacion.pdf , page2 used on input 
line 100.
(pdftex.def)             Requested size: 614.58406pt x 795.3441pt.
File: investigacion/investigacion.pdf Graphic file (type pdf)
<use investigacion/investigacion.pdf, page 2>
Package pdftex.def Info: investigacion/investigacion.pdf , page2 used on input 
line 100.
(pdftex.def)             Requested size: 614.58406pt x 795.3441pt.


File: investigacion/investigacion.pdf Graphic file (type pdf)
<use investigacion/investigacion.pdf, page 2>
Package pdftex.def Info: investigacion/investigacion.pdf , page2 used on input 
line 100.
(pdftex.def)             Requested size: 614.58406pt x 795.3441pt.
[8

 <./investigacion/investigacion.pdf>]
<investigacion/investigacion.pdf, id=218, page=3, 614.295pt x 794.97pt>
File: investigacion/investigacion.pdf Graphic file (type pdf)
<use investigacion/investigacion.pdf, page 3>
Package pdftex.def Info: investigacion/investigacion.pdf , page3 used on input 
line 100.
(pdftex.def)             Requested size: 614.58406pt x 795.3441pt.
File: investigacion/investigacion.pdf Graphic file (type pdf)
<use investigacion/investigacion.pdf, page 3>
Package pdftex.def Info: investigacion/investigacion.pdf , page3 used on input 
line 100.
(pdftex.def)             Requested size: 614.58406pt x 795.3441pt.


File: investigacion/investigacion.pdf Graphic file (type pdf)
<use investigacion/investigacion.pdf, page 3>
Package pdftex.def Info: investigacion/investigacion.pdf , page3 used on input 
line 100.
(pdftex.def)             Requested size: 614.58406pt x 795.3441pt.
[9

 <./investigacion/investigacion.pdf>]
<investigacion/investigacion.pdf, id=224, page=4, 614.295pt x 794.97pt>
File: investigacion/investigacion.pdf Graphic file (type pdf)
<use investigacion/investigacion.pdf, page 4>
Package pdftex.def Info: investigacion/investigacion.pdf , page4 used on input 
line 100.
(pdftex.def)             Requested size: 614.58406pt x 795.3441pt.
File: investigacion/investigacion.pdf Graphic file (type pdf)
<use investigacion/investigacion.pdf, page 4>
Package pdftex.def Info: investigacion/investigacion.pdf , page4 used on input 
line 100.
(pdftex.def)             Requested size: 614.58406pt x 795.3441pt.


File: investigacion/investigacion.pdf Graphic file (type pdf)
<use investigacion/investigacion.pdf, page 4>
Package pdftex.def Info: investigacion/investigacion.pdf , page4 used on input 
line 100.
(pdftex.def)             Requested size: 614.58406pt x 795.3441pt.
[10

 <./investigacion/investigacion.pdf>]
<investigacion/investigacion.pdf, id=235, page=5, 614.295pt x 794.97pt>
File: investigacion/investigacion.pdf Graphic file (type pdf)
<use investigacion/investigacion.pdf, page 5>
Package pdftex.def Info: investigacion/investigacion.pdf , page5 used on input 
line 100.
(pdftex.def)             Requested size: 614.58406pt x 795.3441pt.
File: investigacion/investigacion.pdf Graphic file (type pdf)
<use investigacion/investigacion.pdf, page 5>
Package pdftex.def Info: investigacion/investigacion.pdf , page5 used on input 
line 100.
(pdftex.def)             Requested size: 614.58406pt x 795.3441pt.


File: investigacion/investigacion.pdf Graphic file (type pdf)
<use investigacion/investigacion.pdf, page 5>
Package pdftex.def Info: investigacion/investigacion.pdf , page5 used on input 
line 100.
(pdftex.def)             Requested size: 614.58406pt x 795.3441pt.
[11

 <./investigacion/investigacion.pdf>]
<investigacion/investigacion.pdf, id=241, page=6, 614.295pt x 794.97pt>
File: investigacion/investigacion.pdf Graphic file (type pdf)
<use investigacion/investigacion.pdf, page 6>
Package pdftex.def Info: investigacion/investigacion.pdf , page6 used on input 
line 100.
(pdftex.def)             Requested size: 614.58406pt x 795.3441pt.
File: investigacion/investigacion.pdf Graphic file (type pdf)
<use investigacion/investigacion.pdf, page 6>
Package pdftex.def Info: investigacion/investigacion.pdf , page6 used on input 
line 100.
(pdftex.def)             Requested size: 614.58406pt x 795.3441pt.


File: investigacion/investigacion.pdf Graphic file (type pdf)
<use investigacion/investigacion.pdf, page 6>
Package pdftex.def Info: investigacion/investigacion.pdf , page6 used on input 
line 100.
(pdftex.def)             Requested size: 614.58406pt x 795.3441pt.
[12

 <./investigacion/investigacion.pdf>]
<investigacion/investigacion.pdf, id=247, page=7, 614.295pt x 794.97pt>
File: investigacion/investigacion.pdf Graphic file (type pdf)
<use investigacion/investigacion.pdf, page 7>
Package pdftex.def Info: investigacion/investigacion.pdf , page7 used on input 
line 100.
(pdftex.def)             Requested size: 614.58406pt x 795.3441pt.
File: investigacion/investigacion.pdf Graphic file (type pdf)
<use investigacion/investigacion.pdf, page 7>
Package pdftex.def Info: investigacion/investigacion.pdf , page7 used on input 
line 100.
(pdftex.def)             Requested size: 614.58406pt x 795.3441pt.


File: investigacion/investigacion.pdf Graphic file (type pdf)
<use investigacion/investigacion.pdf, page 7>
Package pdftex.def Info: investigacion/investigacion.pdf , page7 used on input 
line 100.
(pdftex.def)             Requested size: 614.58406pt x 795.3441pt.
[13

 <./investigacion/investigacion.pdf>]
<investigacion/investigacion.pdf, id=253, page=8, 614.295pt x 794.97pt>
File: investigacion/investigacion.pdf Graphic file (type pdf)
<use investigacion/investigacion.pdf, page 8>
Package pdftex.def Info: investigacion/investigacion.pdf , page8 used on input 
line 100.
(pdftex.def)             Requested size: 614.58406pt x 795.3441pt.
File: investigacion/investigacion.pdf Graphic file (type pdf)
<use investigacion/investigacion.pdf, page 8>
Package pdftex.def Info: investigacion/investigacion.pdf , page8 used on input 
line 100.
(pdftex.def)             Requested size: 614.58406pt x 795.3441pt.


File: investigacion/investigacion.pdf Graphic file (type pdf)
<use investigacion/investigacion.pdf, page 8>
Package pdftex.def Info: investigacion/investigacion.pdf , page8 used on input 
line 100.
(pdftex.def)             Requested size: 614.58406pt x 795.3441pt.
[14

 <./investigacion/investigacion.pdf>]
<investigacion/investigacion.pdf, id=258, page=9, 614.295pt x 794.97pt>
File: investigacion/investigacion.pdf Graphic file (type pdf)
<use investigacion/investigacion.pdf, page 9>
Package pdftex.def Info: investigacion/investigacion.pdf , page9 used on input 
line 100.
(pdftex.def)             Requested size: 614.58406pt x 795.3441pt.
File: investigacion/investigacion.pdf Graphic file (type pdf)
<use investigacion/investigacion.pdf, page 9>
Package pdftex.def Info: investigacion/investigacion.pdf , page9 used on input 
line 100.
(pdftex.def)             Requested size: 614.58406pt x 795.3441pt.


File: investigacion/investigacion.pdf Graphic file (type pdf)
<use investigacion/investigacion.pdf, page 9>
Package pdftex.def Info: investigacion/investigacion.pdf , page9 used on input 
line 100.
(pdftex.def)             Requested size: 614.58406pt x 795.3441pt.
[15

 <./investigacion/investigacion.pdf>]
<investigacion/investigacion.pdf, id=264, page=10, 614.295pt x 794.97pt>
File: investigacion/investigacion.pdf Graphic file (type pdf)
<use investigacion/investigacion.pdf, page 10>
Package pdftex.def Info: investigacion/investigacion.pdf , page10 used on input
 line 100.
(pdftex.def)             Requested size: 614.58406pt x 795.3441pt.
File: investigacion/investigacion.pdf Graphic file (type pdf)
<use investigacion/investigacion.pdf, page 10>
Package pdftex.def Info: investigacion/investigacion.pdf , page10 used on input
 line 100.
(pdftex.def)             Requested size: 614.58406pt x 795.3441pt.


File: investigacion/investigacion.pdf Graphic file (type pdf)
<use investigacion/investigacion.pdf, page 10>
Package pdftex.def Info: investigacion/investigacion.pdf , page10 used on input
 line 100.
(pdftex.def)             Requested size: 614.58406pt x 795.3441pt.
[16

 <./investigacion/investigacion.pdf>]
<investigacion/investigacion.pdf, id=275, page=11, 614.295pt x 794.97pt>
File: investigacion/investigacion.pdf Graphic file (type pdf)
<use investigacion/investigacion.pdf, page 11>
Package pdftex.def Info: investigacion/investigacion.pdf , page11 used on input
 line 100.
(pdftex.def)             Requested size: 614.58406pt x 795.3441pt.
File: investigacion/investigacion.pdf Graphic file (type pdf)
<use investigacion/investigacion.pdf, page 11>
Package pdftex.def Info: investigacion/investigacion.pdf , page11 used on input
 line 100.
(pdftex.def)             Requested size: 614.58406pt x 795.3441pt.


File: investigacion/investigacion.pdf Graphic file (type pdf)
<use investigacion/investigacion.pdf, page 11>
Package pdftex.def Info: investigacion/investigacion.pdf , page11 used on input
 line 100.
(pdftex.def)             Requested size: 614.58406pt x 795.3441pt.
[17

 <./investigacion/investigacion.pdf>]
<investigacion/investigacion.pdf, id=281, page=12, 614.295pt x 794.97pt>
File: investigacion/investigacion.pdf Graphic file (type pdf)
<use investigacion/investigacion.pdf, page 12>
Package pdftex.def Info: investigacion/investigacion.pdf , page12 used on input
 line 100.
(pdftex.def)             Requested size: 614.58406pt x 795.3441pt.
File: investigacion/investigacion.pdf Graphic file (type pdf)
<use investigacion/investigacion.pdf, page 12>
Package pdftex.def Info: investigacion/investigacion.pdf , page12 used on input
 line 100.
(pdftex.def)             Requested size: 614.58406pt x 795.3441pt.


File: investigacion/investigacion.pdf Graphic file (type pdf)
<use investigacion/investigacion.pdf, page 12>
Package pdftex.def Info: investigacion/investigacion.pdf , page12 used on input
 line 100.
(pdftex.def)             Requested size: 614.58406pt x 795.3441pt.
[18

 <./investigacion/investigacion.pdf>]
<investigacion/investigacion.pdf, id=292, page=13, 614.295pt x 794.97pt>
File: investigacion/investigacion.pdf Graphic file (type pdf)
<use investigacion/investigacion.pdf, page 13>
Package pdftex.def Info: investigacion/investigacion.pdf , page13 used on input
 line 100.
(pdftex.def)             Requested size: 614.58406pt x 795.3441pt.
File: investigacion/investigacion.pdf Graphic file (type pdf)
<use investigacion/investigacion.pdf, page 13>
Package pdftex.def Info: investigacion/investigacion.pdf , page13 used on input
 line 100.
(pdftex.def)             Requested size: 614.58406pt x 795.3441pt.


File: investigacion/investigacion.pdf Graphic file (type pdf)
<use investigacion/investigacion.pdf, page 13>
Package pdftex.def Info: investigacion/investigacion.pdf , page13 used on input
 line 100.
(pdftex.def)             Requested size: 614.58406pt x 795.3441pt.
[19

 <./investigacion/investigacion.pdf>]
<investigacion/investigacion.pdf, id=298, page=14, 614.295pt x 794.97pt>
File: investigacion/investigacion.pdf Graphic file (type pdf)
<use investigacion/investigacion.pdf, page 14>
Package pdftex.def Info: investigacion/investigacion.pdf , page14 used on input
 line 100.
(pdftex.def)             Requested size: 614.58406pt x 795.3441pt.
File: investigacion/investigacion.pdf Graphic file (type pdf)
<use investigacion/investigacion.pdf, page 14>
Package pdftex.def Info: investigacion/investigacion.pdf , page14 used on input
 line 100.
(pdftex.def)             Requested size: 614.58406pt x 795.3441pt.


File: investigacion/investigacion.pdf Graphic file (type pdf)
<use investigacion/investigacion.pdf, page 14>
Package pdftex.def Info: investigacion/investigacion.pdf , page14 used on input
 line 100.
(pdftex.def)             Requested size: 614.58406pt x 795.3441pt.
[20

 <./investigacion/investigacion.pdf>]
<investigacion/investigacion.pdf, id=303, page=15, 614.295pt x 794.97pt>
File: investigacion/investigacion.pdf Graphic file (type pdf)
<use investigacion/investigacion.pdf, page 15>
Package pdftex.def Info: investigacion/investigacion.pdf , page15 used on input
 line 100.
(pdftex.def)             Requested size: 614.58406pt x 795.3441pt.
File: investigacion/investigacion.pdf Graphic file (type pdf)
<use investigacion/investigacion.pdf, page 15>
Package pdftex.def Info: investigacion/investigacion.pdf , page15 used on input
 line 100.
(pdftex.def)             Requested size: 614.58406pt x 795.3441pt.


File: investigacion/investigacion.pdf Graphic file (type pdf)
<use investigacion/investigacion.pdf, page 15>
Package pdftex.def Info: investigacion/investigacion.pdf , page15 used on input
 line 100.
(pdftex.def)             Requested size: 614.58406pt x 795.3441pt.
[21

 <./investigacion/investigacion.pdf>]
<investigacion/investigacion.pdf, id=308, page=16, 614.295pt x 794.97pt>
File: investigacion/investigacion.pdf Graphic file (type pdf)
<use investigacion/investigacion.pdf, page 16>
Package pdftex.def Info: investigacion/investigacion.pdf , page16 used on input
 line 100.
(pdftex.def)             Requested size: 614.58406pt x 795.3441pt.
File: investigacion/investigacion.pdf Graphic file (type pdf)
<use investigacion/investigacion.pdf, page 16>
Package pdftex.def Info: investigacion/investigacion.pdf , page16 used on input
 line 100.
(pdftex.def)             Requested size: 614.58406pt x 795.3441pt.


File: investigacion/investigacion.pdf Graphic file (type pdf)
<use investigacion/investigacion.pdf, page 16>
Package pdftex.def Info: investigacion/investigacion.pdf , page16 used on input
 line 100.
(pdftex.def)             Requested size: 614.58406pt x 795.3441pt.
[22

 <./investigacion/investigacion.pdf>]
<investigacion/investigacion.pdf, id=313, page=17, 614.295pt x 794.97pt>
File: investigacion/investigacion.pdf Graphic file (type pdf)
<use investigacion/investigacion.pdf, page 17>
Package pdftex.def Info: investigacion/investigacion.pdf , page17 used on input
 line 100.
(pdftex.def)             Requested size: 614.58406pt x 795.3441pt.
File: investigacion/investigacion.pdf Graphic file (type pdf)
<use investigacion/investigacion.pdf, page 17>
Package pdftex.def Info: investigacion/investigacion.pdf , page17 used on input
 line 100.
(pdftex.def)             Requested size: 614.58406pt x 795.3441pt.


File: investigacion/investigacion.pdf Graphic file (type pdf)
<use investigacion/investigacion.pdf, page 17>
Package pdftex.def Info: investigacion/investigacion.pdf , page17 used on input
 line 100.
(pdftex.def)             Requested size: 614.58406pt x 795.3441pt.
[23

 <./investigacion/investigacion.pdf>]
<investigacion/investigacion.pdf, id=318, page=18, 614.295pt x 794.97pt>
File: investigacion/investigacion.pdf Graphic file (type pdf)
<use investigacion/investigacion.pdf, page 18>
Package pdftex.def Info: investigacion/investigacion.pdf , page18 used on input
 line 100.
(pdftex.def)             Requested size: 614.58406pt x 795.3441pt.
File: investigacion/investigacion.pdf Graphic file (type pdf)
<use investigacion/investigacion.pdf, page 18>
Package pdftex.def Info: investigacion/investigacion.pdf , page18 used on input
 line 100.
(pdftex.def)             Requested size: 614.58406pt x 795.3441pt.


File: investigacion/investigacion.pdf Graphic file (type pdf)
<use investigacion/investigacion.pdf, page 18>
Package pdftex.def Info: investigacion/investigacion.pdf , page18 used on input
 line 100.
(pdftex.def)             Requested size: 614.58406pt x 795.3441pt.
[24

 <./investigacion/investigacion.pdf>]
<investigacion/investigacion.pdf, id=323, page=19, 614.295pt x 794.97pt>
File: investigacion/investigacion.pdf Graphic file (type pdf)
<use investigacion/investigacion.pdf, page 19>
Package pdftex.def Info: investigacion/investigacion.pdf , page19 used on input
 line 100.
(pdftex.def)             Requested size: 614.58406pt x 795.3441pt.
File: investigacion/investigacion.pdf Graphic file (type pdf)
<use investigacion/investigacion.pdf, page 19>
Package pdftex.def Info: investigacion/investigacion.pdf , page19 used on input
 line 100.
(pdftex.def)             Requested size: 614.58406pt x 795.3441pt.


File: investigacion/investigacion.pdf Graphic file (type pdf)
<use investigacion/investigacion.pdf, page 19>
Package pdftex.def Info: investigacion/investigacion.pdf , page19 used on input
 line 100.
(pdftex.def)             Requested size: 614.58406pt x 795.3441pt.
[25

 <./investigacion/investigacion.pdf>]
<investigacion/investigacion.pdf, id=330, page=20, 614.295pt x 794.97pt>
File: investigacion/investigacion.pdf Graphic file (type pdf)
<use investigacion/investigacion.pdf, page 20>
Package pdftex.def Info: investigacion/investigacion.pdf , page20 used on input
 line 100.
(pdftex.def)             Requested size: 614.58406pt x 795.3441pt.
File: investigacion/investigacion.pdf Graphic file (type pdf)
<use investigacion/investigacion.pdf, page 20>
Package pdftex.def Info: investigacion/investigacion.pdf , page20 used on input
 line 100.
(pdftex.def)             Requested size: 614.58406pt x 795.3441pt.


File: investigacion/investigacion.pdf Graphic file (type pdf)
<use investigacion/investigacion.pdf, page 20>
Package pdftex.def Info: investigacion/investigacion.pdf , page20 used on input
 line 100.
(pdftex.def)             Requested size: 614.58406pt x 795.3441pt.
[26

 <./investigacion/investigacion.pdf>]
<investigacion/investigacion.pdf, id=336, page=21, 614.295pt x 794.97pt>
File: investigacion/investigacion.pdf Graphic file (type pdf)
<use investigacion/investigacion.pdf, page 21>
Package pdftex.def Info: investigacion/investigacion.pdf , page21 used on input
 line 100.
(pdftex.def)             Requested size: 614.58406pt x 795.3441pt.
File: investigacion/investigacion.pdf Graphic file (type pdf)
<use investigacion/investigacion.pdf, page 21>
Package pdftex.def Info: investigacion/investigacion.pdf , page21 used on input
 line 100.
(pdftex.def)             Requested size: 614.58406pt x 795.3441pt.


File: investigacion/investigacion.pdf Graphic file (type pdf)
<use investigacion/investigacion.pdf, page 21>
Package pdftex.def Info: investigacion/investigacion.pdf , page21 used on input
 line 100.
(pdftex.def)             Requested size: 614.58406pt x 795.3441pt.
[27

 <./investigacion/investigacion.pdf>]
<investigacion/investigacion.pdf, id=341, page=22, 614.295pt x 794.97pt>
File: investigacion/investigacion.pdf Graphic file (type pdf)
<use investigacion/investigacion.pdf, page 22>
Package pdftex.def Info: investigacion/investigacion.pdf , page22 used on input
 line 100.
(pdftex.def)             Requested size: 614.58406pt x 795.3441pt.
File: investigacion/investigacion.pdf Graphic file (type pdf)
<use investigacion/investigacion.pdf, page 22>
Package pdftex.def Info: investigacion/investigacion.pdf , page22 used on input
 line 100.
(pdftex.def)             Requested size: 614.58406pt x 795.3441pt.


File: investigacion/investigacion.pdf Graphic file (type pdf)
<use investigacion/investigacion.pdf, page 22>
Package pdftex.def Info: investigacion/investigacion.pdf , page22 used on input
 line 100.
(pdftex.def)             Requested size: 614.58406pt x 795.3441pt.
[28

 <./investigacion/investigacion.pdf>]
<investigacion/investigacion.pdf, id=346, page=23, 614.295pt x 794.97pt>
File: investigacion/investigacion.pdf Graphic file (type pdf)
<use investigacion/investigacion.pdf, page 23>
Package pdftex.def Info: investigacion/investigacion.pdf , page23 used on input
 line 100.
(pdftex.def)             Requested size: 614.58406pt x 795.3441pt.
File: investigacion/investigacion.pdf Graphic file (type pdf)
<use investigacion/investigacion.pdf, page 23>
Package pdftex.def Info: investigacion/investigacion.pdf , page23 used on input
 line 100.
(pdftex.def)             Requested size: 614.58406pt x 795.3441pt.


File: investigacion/investigacion.pdf Graphic file (type pdf)
<use investigacion/investigacion.pdf, page 23>
Package pdftex.def Info: investigacion/investigacion.pdf , page23 used on input
 line 100.
(pdftex.def)             Requested size: 614.58406pt x 795.3441pt.
[29

 <./investigacion/investigacion.pdf>]
<investigacion/investigacion.pdf, id=352, page=24, 614.295pt x 794.97pt>
File: investigacion/investigacion.pdf Graphic file (type pdf)
<use investigacion/investigacion.pdf, page 24>
Package pdftex.def Info: investigacion/investigacion.pdf , page24 used on input
 line 100.
(pdftex.def)             Requested size: 614.58406pt x 795.3441pt.
File: investigacion/investigacion.pdf Graphic file (type pdf)
<use investigacion/investigacion.pdf, page 24>
Package pdftex.def Info: investigacion/investigacion.pdf , page24 used on input
 line 100.
(pdftex.def)             Requested size: 614.58406pt x 795.3441pt.


File: investigacion/investigacion.pdf Graphic file (type pdf)
<use investigacion/investigacion.pdf, page 24>
Package pdftex.def Info: investigacion/investigacion.pdf , page24 used on input
 line 100.
(pdftex.def)             Requested size: 614.58406pt x 795.3441pt.
[30

 <./investigacion/investigacion.pdf>]
<investigacion/investigacion.pdf, id=358, page=25, 614.295pt x 794.97pt>
File: investigacion/investigacion.pdf Graphic file (type pdf)
<use investigacion/investigacion.pdf, page 25>
Package pdftex.def Info: investigacion/investigacion.pdf , page25 used on input
 line 100.
(pdftex.def)             Requested size: 614.58406pt x 795.3441pt.
File: investigacion/investigacion.pdf Graphic file (type pdf)
<use investigacion/investigacion.pdf, page 25>
Package pdftex.def Info: investigacion/investigacion.pdf , page25 used on input
 line 100.
(pdftex.def)             Requested size: 614.58406pt x 795.3441pt.


File: investigacion/investigacion.pdf Graphic file (type pdf)
<use investigacion/investigacion.pdf, page 25>
Package pdftex.def Info: investigacion/investigacion.pdf , page25 used on input
 line 100.
(pdftex.def)             Requested size: 614.58406pt x 795.3441pt.
[31

 <./investigacion/investigacion.pdf>]
<investigacion/investigacion.pdf, id=364, page=26, 614.295pt x 794.97pt>
File: investigacion/investigacion.pdf Graphic file (type pdf)
<use investigacion/investigacion.pdf, page 26>
Package pdftex.def Info: investigacion/investigacion.pdf , page26 used on input
 line 100.
(pdftex.def)             Requested size: 614.58406pt x 795.3441pt.
File: investigacion/investigacion.pdf Graphic file (type pdf)
<use investigacion/investigacion.pdf, page 26>
Package pdftex.def Info: investigacion/investigacion.pdf , page26 used on input
 line 100.
(pdftex.def)             Requested size: 614.58406pt x 795.3441pt.


File: investigacion/investigacion.pdf Graphic file (type pdf)
<use investigacion/investigacion.pdf, page 26>
Package pdftex.def Info: investigacion/investigacion.pdf , page26 used on input
 line 100.
(pdftex.def)             Requested size: 614.58406pt x 795.3441pt.
[32

 <./investigacion/investigacion.pdf>]
<investigacion/investigacion.pdf, id=375, page=27, 614.295pt x 794.97pt>
File: investigacion/investigacion.pdf Graphic file (type pdf)
<use investigacion/investigacion.pdf, page 27>
Package pdftex.def Info: investigacion/investigacion.pdf , page27 used on input
 line 100.
(pdftex.def)             Requested size: 614.58406pt x 795.3441pt.
File: investigacion/investigacion.pdf Graphic file (type pdf)
<use investigacion/investigacion.pdf, page 27>
Package pdftex.def Info: investigacion/investigacion.pdf , page27 used on input
 line 100.
(pdftex.def)             Requested size: 614.58406pt x 795.3441pt.


File: investigacion/investigacion.pdf Graphic file (type pdf)
<use investigacion/investigacion.pdf, page 27>
Package pdftex.def Info: investigacion/investigacion.pdf , page27 used on input
 line 100.
(pdftex.def)             Requested size: 614.58406pt x 795.3441pt.
[33

 <./investigacion/investigacion.pdf>]
<investigacion/investigacion.pdf, id=388, page=28, 614.295pt x 794.97pt>
File: investigacion/investigacion.pdf Graphic file (type pdf)
<use investigacion/investigacion.pdf, page 28>
Package pdftex.def Info: investigacion/investigacion.pdf , page28 used on input
 line 100.
(pdftex.def)             Requested size: 614.58406pt x 795.3441pt.
File: investigacion/investigacion.pdf Graphic file (type pdf)
<use investigacion/investigacion.pdf, page 28>
Package pdftex.def Info: investigacion/investigacion.pdf , page28 used on input
 line 100.
(pdftex.def)             Requested size: 614.58406pt x 795.3441pt.


File: investigacion/investigacion.pdf Graphic file (type pdf)
<use investigacion/investigacion.pdf, page 28>
Package pdftex.def Info: investigacion/investigacion.pdf , page28 used on input
 line 100.
(pdftex.def)             Requested size: 614.58406pt x 795.3441pt.
[34

 <./investigacion/investigacion.pdf>]
<investigacion/investigacion.pdf, id=393, page=29, 614.295pt x 794.97pt>
File: investigacion/investigacion.pdf Graphic file (type pdf)
<use investigacion/investigacion.pdf, page 29>
Package pdftex.def Info: investigacion/investigacion.pdf , page29 used on input
 line 100.
(pdftex.def)             Requested size: 614.58406pt x 795.3441pt.
File: investigacion/investigacion.pdf Graphic file (type pdf)
<use investigacion/investigacion.pdf, page 29>
Package pdftex.def Info: investigacion/investigacion.pdf , page29 used on input
 line 100.
(pdftex.def)             Requested size: 614.58406pt x 795.3441pt.


File: investigacion/investigacion.pdf Graphic file (type pdf)
<use investigacion/investigacion.pdf, page 29>
Package pdftex.def Info: investigacion/investigacion.pdf , page29 used on input
 line 100.
(pdftex.def)             Requested size: 614.58406pt x 795.3441pt.
[35

 <./investigacion/investigacion.pdf>]
<investigacion/investigacion.pdf, id=399, page=30, 614.295pt x 794.97pt>
File: investigacion/investigacion.pdf Graphic file (type pdf)
<use investigacion/investigacion.pdf, page 30>
Package pdftex.def Info: investigacion/investigacion.pdf , page30 used on input
 line 100.
(pdftex.def)             Requested size: 614.58406pt x 795.3441pt.
File: investigacion/investigacion.pdf Graphic file (type pdf)
<use investigacion/investigacion.pdf, page 30>
Package pdftex.def Info: investigacion/investigacion.pdf , page30 used on input
 line 100.
(pdftex.def)             Requested size: 614.58406pt x 795.3441pt.


File: investigacion/investigacion.pdf Graphic file (type pdf)
<use investigacion/investigacion.pdf, page 30>
Package pdftex.def Info: investigacion/investigacion.pdf , page30 used on input
 line 100.
(pdftex.def)             Requested size: 614.58406pt x 795.3441pt.
[36

 <./investigacion/investigacion.pdf>]
<investigacion/investigacion.pdf, id=404, page=31, 614.295pt x 794.97pt>
File: investigacion/investigacion.pdf Graphic file (type pdf)
<use investigacion/investigacion.pdf, page 31>
Package pdftex.def Info: investigacion/investigacion.pdf , page31 used on input
 line 100.
(pdftex.def)             Requested size: 614.58406pt x 795.3441pt.
File: investigacion/investigacion.pdf Graphic file (type pdf)
<use investigacion/investigacion.pdf, page 31>
Package pdftex.def Info: investigacion/investigacion.pdf , page31 used on input
 line 100.
(pdftex.def)             Requested size: 614.58406pt x 795.3441pt.


File: investigacion/investigacion.pdf Graphic file (type pdf)
<use investigacion/investigacion.pdf, page 31>
Package pdftex.def Info: investigacion/investigacion.pdf , page31 used on input
 line 100.
(pdftex.def)             Requested size: 614.58406pt x 795.3441pt.
[37

 <./investigacion/investigacion.pdf>]
<investigacion/investigacion.pdf, id=411, page=32, 614.295pt x 794.97pt>
File: investigacion/investigacion.pdf Graphic file (type pdf)
<use investigacion/investigacion.pdf, page 32>
Package pdftex.def Info: investigacion/investigacion.pdf , page32 used on input
 line 100.
(pdftex.def)             Requested size: 614.58406pt x 795.3441pt.
File: investigacion/investigacion.pdf Graphic file (type pdf)
<use investigacion/investigacion.pdf, page 32>
Package pdftex.def Info: investigacion/investigacion.pdf , page32 used on input
 line 100.
(pdftex.def)             Requested size: 614.58406pt x 795.3441pt.


File: investigacion/investigacion.pdf Graphic file (type pdf)
<use investigacion/investigacion.pdf, page 32>
Package pdftex.def Info: investigacion/investigacion.pdf , page32 used on input
 line 100.
(pdftex.def)             Requested size: 614.58406pt x 795.3441pt.
[38

 <./investigacion/investigacion.pdf>]
<investigacion/investigacion.pdf, id=417, page=33, 614.295pt x 794.97pt>
File: investigacion/investigacion.pdf Graphic file (type pdf)
<use investigacion/investigacion.pdf, page 33>
Package pdftex.def Info: investigacion/investigacion.pdf , page33 used on input
 line 100.
(pdftex.def)             Requested size: 614.58406pt x 795.3441pt.
File: investigacion/investigacion.pdf Graphic file (type pdf)
<use investigacion/investigacion.pdf, page 33>
Package pdftex.def Info: investigacion/investigacion.pdf , page33 used on input
 line 100.
(pdftex.def)             Requested size: 614.58406pt x 795.3441pt.


File: investigacion/investigacion.pdf Graphic file (type pdf)
<use investigacion/investigacion.pdf, page 33>
Package pdftex.def Info: investigacion/investigacion.pdf , page33 used on input
 line 100.
(pdftex.def)             Requested size: 614.58406pt x 795.3441pt.
[39

 <./investigacion/investigacion.pdf>] (integrarinforme.aux
LaTeX Info: Redefining \. on input line 11.
LaTeX Info: Redefining \% on input line 11.
)
 ***********
LaTeX2e <2025-06-01> patch level 1
L3 programming layer <2020/03/25>
 ***********
Package rerunfilecheck Info: File `integrarinforme.out' has not changed.
(rerunfilecheck)             Checksum: D513384B765AB05EACE6539853DEB057;463.
 ) 
Here is how much of TeX's memory you used:
 17324 strings out of 468132
 269903 string characters out of 5440761
 763236 words of memory out of 5000000
 45632 multiletter control sequences out of 15000+600000
 644605 words of font info for 74 fonts, out of 8000000 for 9000
 1141 hyphenation exceptions out of 8191
 75i,18n,79p,294b,686s stack positions out of 10000i,1000n,20000p,200000b,200000s
<C:/Users/Ivan/AppData/Roaming/MiKTeX/fonts/type1/public/newtx/NewTXMI.pfb><C
:/Users/Ivan/AppData/Roaming/MiKTeX/fonts/type1/public/tex-gyre/qtmr.pfb><C:/Us
ers/Ivan/AppData/Roaming/MiKTeX/fonts/type1/public/newtx/txsym.pfb><C:/Users/Iv
an/AppData/Roaming/MiKTeX/fonts/type1/public/newtx/txsys.pfb><C:/Users/Ivan/App
Data/Roaming/MiKTeX/fonts/type1/public/newtx/ztmb.pfb><C:/Users/Ivan/AppData/Ro
aming/MiKTeX/fonts/type1/public/newtx/ztmr.pfb><C:/Users/Ivan/AppData/Roaming/M
iKTeX/fonts/type1/public/newtx/ztmri.pfb>
Output written on integrarinforme.pdf (39 pages, 2989956 bytes).
PDF statistics:
 451 PDF objects out of 1000 (max. 8388607)
 44 named destinations out of 1000 (max. 500000)
 273 words of extra memory for PDF output out of 10000 (max. 10000000)

