\BOOKMARK [1][-]{section.1}{\376\377\000O\000b\000j\000e\000t\000i\000v\000o\000s}{}% 1
\BOOKMARK [2][-]{subsection.1.1}{\376\377\000O\000b\000j\000e\000t\000i\000v\000o\000\040\000g\000e\000n\000e\000r\000a\000l}{section.1}% 2
\BOOKMARK [2][-]{subsection.1.2}{\376\377\000O\000b\000j\000e\000t\000i\000v\000o\000s\000\040\000e\000s\000p\000e\000c\000\355\000f\000i\000c\000o\000s}{section.1}% 3
\BOOKMARK [1][-]{section.2}{\376\377\000C\000r\000o\000n\000o\000g\000r\000a\000m\000a\000\040\000d\000e\000\040\000a\000c\000t\000i\000v\000i\000d\000a\000d\000e\000s\000\040}{}% 4
\BOOKMARK [1][-]{section.3}{\376\377\000I\000n\000t\000r\000o\000d\000u\000c\000c\000i\000\363\000n}{}% 5
\BOOKMARK [1][-]{section.4}{\376\377\000C\000a\000p\000\355\000t\000u\000l\000o\000\040\0001\000.\000\040\000D\000e\000s\000c\000r\000i\000p\000c\000i\000\363\000n\000\040\000d\000e\000l\000\040\000c\000u\000r\000s\000o\000\040\000y\000\040\000d\000e\000s\000a\000r\000r\000o\000l\000l\000o\000\040\000d\000e\000\040\000l\000a\000\040\000p\000r\000\341\000c\000t\000i\000c\000a\000\040\000d\000o\000c\000e\000n\000t\000e}{}% 6
\BOOKMARK [2][-]{subsection.4.1}{\376\377\000D\000e\000s\000c\000r\000i\000p\000c\000i\000\363\000n\000\040\000d\000e\000l\000\040\000p\000r\000o\000g\000r\000a\000m\000a\000\040\000d\000e\000l\000\040\000c\000u\000r\000s\000o}{section.4}% 7
\BOOKMARK [2][-]{subsection.4.2}{\376\377\000T\000e\000m\000a\000s\000\040\000q\000u\000e\000\040\000s\000e\000\040\000a\000b\000o\000r\000d\000a\000r\000o\000n\000\040\000e\000n\000\040\000l\000a\000\040\000p\000r\000\341\000c\000t\000i\000c\000a}{section.4}% 8
\BOOKMARK [2][-]{subsection.4.3}{\376\377\000H\000a\000b\000i\000l\000i\000d\000a\000d\000e\000s\000\040\000d\000e\000s\000a\000r\000r\000o\000l\000l\000a\000d\000a\000s}{section.4}% 9
\BOOKMARK [1][-]{section.5}{\376\377\000C\000a\000p\000\355\000t\000u\000l\000o\000\040\0001}{}% 10
\BOOKMARK [2][-]{subsection.5.1}{\376\377\000U\000b\000i\000c\000a\000c\000i\000\363\000n\000\040}{section.5}% 11
\BOOKMARK [2][-]{subsection.5.2}{\376\377\000A\000c\000t\000i\000v\000i\000d\000a\000d\000\040\000e\000c\000o\000n\000\363\000m\000i\000c\000a}{section.5}% 12
\BOOKMARK [2][-]{subsection.5.3}{\376\377\000O\000r\000g\000a\000n\000i\000g\000r\000a\000m\000a\000\040\000d\000e\000\040\000l\000a\000\040\000I\000n\000s\000t\000i\000t\000u\000c\000i\000\363\000n}{section.5}% 13
\BOOKMARK [2][-]{subsection.5.4}{\376\377\000F\000u\000n\000c\000i\000o\000n\000e\000s\000\040\000y\000\040\000r\000e\000s\000p\000o\000n\000s\000a\000b\000i\000l\000i\000d\000a\000d\000e\000s\000\040\000d\000e\000\040\000l\000a\000\040\000e\000m\000p\000r\000e\000s\000a}{section.5}% 14
\BOOKMARK [1][-]{section.6}{\376\377\000C\000a\000p\000\355\000t\000u\000l\000o\000\040\0002}{}% 15
\BOOKMARK [2][-]{subsection.6.1}{\376\377\000I\000m\000p\000o\000r\000t\000a\000n\000c\000i\000a\000\040\000d\000e\000\040\000l\000a\000\040\000t\000o\000p\000o\000g\000r\000a\000f\000\355\000a\000\040\000e\000n\000\040\000o\000b\000r\000a\000s\000\040\000c\000i\000v\000i\000l\000e\000s}{section.6}% 16
\BOOKMARK [2][-]{subsection.6.2}{\376\377\000F\000u\000n\000d\000a\000m\000e\000n\000t\000o\000s\000\040\000d\000e\000\040\000l\000e\000v\000a\000n\000t\000a\000m\000i\000e\000n\000t\000o\000\040\000t\000o\000p\000o\000g\000r\000\341\000f\000i\000c\000o}{section.6}% 17
\BOOKMARK [2][-]{subsection.6.3}{\376\377\000N\000i\000v\000e\000l\000a\000c\000i\000\363\000n\000\040\000g\000e\000o\000m\000\351\000t\000r\000i\000c\000a\000\040\000y\000\040\000c\000o\000n\000t\000r\000o\000l\000\040\000d\000e\000\040\000c\000o\000t\000a\000s}{section.6}% 18
\BOOKMARK [2][-]{subsection.6.4}{\376\377\000R\000e\000p\000l\000a\000n\000t\000e\000o\000\040\000y\000\040\000t\000r\000a\000n\000s\000f\000e\000r\000e\000n\000c\000i\000a\000\040\000d\000e\000\040\000c\000o\000o\000r\000d\000e\000n\000a\000d\000a\000s}{section.6}% 19
\BOOKMARK [2][-]{subsection.6.5}{\376\377\000P\000e\000n\000d\000i\000e\000n\000t\000e\000s\000\040\000y\000\040\000r\000a\000s\000a\000n\000t\000e\000s\000\040\000p\000r\000o\000y\000e\000c\000t\000a\000d\000a\000s}{section.6}% 20
\BOOKMARK [2][-]{subsection.6.6}{\376\377\000C\000o\000n\000t\000r\000o\000l\000\040\000g\000e\000o\000m\000\351\000t\000r\000i\000c\000o\000\040\000y\000\040\000v\000e\000r\000i\000f\000i\000c\000a\000c\000i\000\363\000n\000\040\000d\000e\000\040\000e\000s\000t\000r\000u\000c\000t\000u\000r\000a\000s}{section.6}% 21
\BOOKMARK [2][-]{subsection.6.7}{\376\377\000V\000e\000r\000i\000f\000i\000c\000a\000c\000i\000\363\000n\000\040\000d\000e\000\040\000c\000a\000p\000a\000s\000\040\000e\000s\000t\000r\000u\000c\000t\000u\000r\000a\000l\000e\000s\000\040\000d\000e\000l\000\040\000p\000a\000v\000i\000m\000e\000n\000t\000o}{section.6}% 22
\BOOKMARK [2][-]{subsection.6.8}{\376\377\000C\000\341\000l\000c\000u\000l\000o\000\040\000d\000e\000\040\000v\000o\000l\000\372\000m\000e\000n\000e\000s\000\040\000y\000\040\000m\000o\000v\000i\000m\000i\000e\000n\000t\000o\000\040\000d\000e\000\040\000t\000i\000e\000r\000r\000a\000s}{section.6}% 23
\BOOKMARK [2][-]{subsection.6.9}{\376\377\000N\000o\000r\000m\000a\000t\000i\000v\000a\000\040\000t\000\351\000c\000n\000i\000c\000a\000\040\000a\000p\000l\000i\000c\000a\000d\000a}{section.6}% 24
\BOOKMARK [1][-]{section.7}{\376\377\000C\000a\000p\000\355\000t\000u\000l\000o\000\040\0003}{}% 25
\BOOKMARK [2][-]{subsection.7.1}{\376\377\000F\000o\000l\000i\000o\000\040\0001}{section.7}% 26
\BOOKMARK [2][-]{subsection.7.2}{\376\377\000F\000o\000l\000i\000o\000\040\0002}{section.7}% 27
\BOOKMARK [2][-]{subsection.7.3}{\376\377\000F\000o\000l\000i\000o\000\040\0003}{section.7}% 28
\BOOKMARK [2][-]{subsection.7.4}{\376\377\000F\000o\000l\000i\000o\000\040\0004}{section.7}% 29
\BOOKMARK [2][-]{subsection.7.5}{\376\377\000F\000o\000l\000i\000o\000\040\0005}{section.7}% 30
\BOOKMARK [2][-]{subsection.7.6}{\376\377\000F\000o\000l\000i\000o\000\040\0006}{section.7}% 31
\BOOKMARK [2][-]{subsection.7.7}{\376\377\000F\000o\000l\000i\000o\000\040\0007}{section.7}% 32
\BOOKMARK [2][-]{subsection.7.8}{\376\377\000F\000o\000l\000i\000o\000\040\0008}{section.7}% 33
\BOOKMARK [2][-]{subsection.7.9}{\376\377\000F\000o\000l\000i\000o\000\040\0009}{section.7}% 34
\BOOKMARK [2][-]{subsection.7.10}{\376\377\000F\000o\000l\000i\000o\000\040\0001\0000}{section.7}% 35
\BOOKMARK [2][-]{subsection.7.11}{\376\377\000F\000o\000l\000i\000o\000\040\0001\0001}{section.7}% 36
\BOOKMARK [1][-]{section.8}{\376\377\000C\000a\000p\000\355\000t\000u\000l\000o\000\040\0004\000\040}{}% 37
\BOOKMARK [2][-]{subsection.8.1}{\376\377\000G\000I\000R\000D\000\040\000y\000\040\000A\000C\000C}{section.8}% 38
\BOOKMARK [1][-]{section.9}{\376\377\000P\000r\000e\000g\000u\000n\000t\000a\000s}{}% 39
\BOOKMARK [2][-]{subsection.9.1}{\376\377\000D\000i\000s\000e\000\361\000o\000\040\000d\000e\000\040\000D\000r\000e\000n\000a\000j\000e}{section.9}% 40
\BOOKMARK [2][-]{subsection.9.2}{\376\377\000J\000u\000n\000t\000a\000s\000\040\000e\000n\000\040\000p\000a\000v\000i\000m\000e\000n\000t\000o\000\040\000r\000\355\000g\000i\000d\000o\000\040\000y\000\040\000c\000o\000m\000p\000a\000c\000t\000a\000c\000i\000\363\000n\000\040\000d\000e\000l\000\040\000c\000o\000n\000c\000r\000e\000t\000o}{section.9}% 41
\BOOKMARK [3][-]{subsubsection.9.2.1}{\376\377\000J\000u\000n\000t\000a\000s\000\040\000e\000n\000\040\000p\000a\000v\000i\000m\000e\000n\000t\000o\000\040\000r\000\355\000g\000i\000d\000o}{subsection.9.2}% 42
\BOOKMARK [3][-]{subsubsection.9.2.2}{\376\377\000C\000o\000m\000p\000a\000c\000t\000a\000c\000i\000\363\000n\000\040\000d\000e\000l\000\040\000p\000a\000v\000i\000m\000e\000n\000t\000o\000\040\000r\000\355\000g\000i\000d\000o}{subsection.9.2}% 43
\BOOKMARK [3][-]{subsubsection.9.2.3}{\376\377\000I\000m\000p\000o\000r\000t\000a\000n\000c\000i\000a\000\040\000d\000e\000\040\000l\000a\000s\000\040\000j\000u\000n\000t\000a\000s\000\040\000y\000\040\000l\000a\000\040\000c\000o\000m\000p\000a\000c\000t\000a\000c\000i\000\363\000n}{subsection.9.2}% 44
\BOOKMARK [2][-]{subsection.9.3}{\376\377\000E\000n\000s\000a\000y\000o\000s\000\040\000d\000e\000\040\000C\000o\000m\000p\000a\000c\000t\000a\000c\000i\000\363\000n\000\040\000y\000\040\000D\000e\000t\000e\000r\000m\000i\000n\000a\000c\000i\000\363\000n\000\040\000d\000e\000\040\000D\000e\000n\000s\000i\000d\000a\000d\000\040\000e\000n\000\040\000C\000a\000m\000p\000o}{section.9}% 45
\BOOKMARK [3][-]{subsubsection.9.3.1}{\376\377\000E\000n\000s\000a\000y\000o\000\040\000C\000B\000R\000\040\000\050\000C\000a\000l\000i\000f\000o\000r\000n\000i\000a\000\040\000B\000e\000a\000r\000i\000n\000g\000\040\000R\000a\000t\000i\000o\000\051}{subsection.9.3}% 46
\BOOKMARK [3][-]{subsubsection.9.3.2}{\376\377\000E\000n\000s\000a\000y\000o\000\040\000P\000r\000o\000c\000t\000o\000r}{subsection.9.3}% 47
\BOOKMARK [3][-]{subsubsection.9.3.3}{\376\377\000R\000e\000l\000a\000c\000i\000\363\000n\000\040\000e\000n\000t\000r\000e\000\040\000e\000l\000\040\000E\000n\000s\000a\000y\000o\000\040\000C\000B\000R\000\040\000y\000\040\000e\000l\000\040\000P\000r\000o\000c\000t\000o\000r}{subsection.9.3}% 48
\BOOKMARK [3][-]{subsubsection.9.3.4}{\376\377\000D\000e\000t\000e\000r\000m\000i\000n\000a\000c\000i\000\363\000n\000\040\000d\000e\000\040\000l\000a\000\040\000D\000e\000n\000s\000i\000d\000a\000d\000\040\000y\000\040\000H\000u\000m\000e\000d\000a\000d\000\040\000e\000n\000\040\000C\000a\000m\000p\000o}{subsection.9.3}% 49
\BOOKMARK [1][-]{section.10}{\376\377\000C\000o\000n\000c\000l\000u\000s\000i\000o\000n\000e\000s}{}% 50
\BOOKMARK [1][-]{section.11}{\376\377\000R\000e\000c\000o\000m\000e\000n\000d\000a\000c\000i\000o\000n\000e\000s}{}% 51
