This is pdfTeX, Version 3.141592653-2.6-1.40.28 (TeX Live 2025) (preloaded format=pdflatex 2025.11.3)  3 NOV 2025 17:53
entering extended mode
 restricted \write18 enabled.
 %&-line parsing enabled.
**cuerpoinformeD.tex
(./cuerpoinformeD.tex
LaTeX2e <2025-11-01>
L3 programming layer <2025-10-24>

(d:/Instalar Programas/textlive/texlive/2025/texmf-dist/tex/latex/base/article.
cls
Document Class: article 2025/01/22 v1.4n Standard LaTeX document class

(d:/Instalar Programas/textlive/texlive/2025/texmf-dist/tex/latex/base/size12.c
lo
File: size12.clo 2025/01/22 v1.4n Standard LaTeX file (size option)
)
\c@part=\count275
\c@section=\count276
\c@subsection=\count277
\c@subsubsection=\count278
\c@paragraph=\count279
\c@subparagraph=\count280
\c@figure=\count281
\c@table=\count282
\abovecaptionskip=\skip49
\belowcaptionskip=\skip50
\bibindent=\dimen148
)
(d:/Instalar Programas/textlive/texlive/2025/texmf-dist/tex/latex/setspace/sets
pace.sty
Package: setspace 2022/12/04 v6.7b set line spacing
)
(d:/Instalar Programas/textlive/texlive/2025/texmf-dist/tex/latex/newtx/newtxte
xt.sty
Package: newtxtext 2024/04/01 v1.744(Michael Sharpe) latex and unicode latex su
pport for TeXGyreTermesX

`newtxtext' v1.744, 2024/04/01 Text macros taking advantage of TeXGyre Termes a
nd its extensions (msharpe)
(d:/Instalar Programas/textlive/texlive/2025/texmf-dist/tex/latex/xpatch/xpatch
.sty
(d:/Instalar Programas/textlive/texlive/2025/texmf-dist/tex/latex/l3kernel/expl
3.sty
Package: expl3 2025-10-24 L3 programming layer (loader) 

(d:/Instalar Programas/textlive/texlive/2025/texmf-dist/tex/latex/l3backend/l3b
ackend-pdftex.def
File: l3backend-pdftex.def 2025-10-09 L3 backend support: PDF output (pdfTeX)
\l__color_backend_stack_int=\count283
))
Package: xpatch 2020/03/25 v0.3a Extending etoolbox patching commands

(d:/Instalar Programas/textlive/texlive/2025/texmf-dist/tex/latex/l3packages/xp
arse/xparse.sty
Package: xparse 2025-10-09 L3 Experimental document command parser
)
(d:/Instalar Programas/textlive/texlive/2025/texmf-dist/tex/latex/etoolbox/etoo
lbox.sty
Package: etoolbox 2025/10/02 v2.5m e-TeX tools for LaTeX (JAW)
\etb@tempcnta=\count284
))
(d:/Instalar Programas/textlive/texlive/2025/texmf-dist/tex/latex/xcolor/xcolor
.sty
Package: xcolor 2024/09/29 v3.02 LaTeX color extensions (UK)

(d:/Instalar Programas/textlive/texlive/2025/texmf-dist/tex/latex/graphics-cfg/
color.cfg
File: color.cfg 2016/01/02 v1.6 sample color configuration
)
Package xcolor Info: Driver file: pdftex.def on input line 274.

(d:/Instalar Programas/textlive/texlive/2025/texmf-dist/tex/latex/graphics-def/
pdftex.def
File: pdftex.def 2025/09/29 v1.2d Graphics/color driver for pdftex
)
(d:/Instalar Programas/textlive/texlive/2025/texmf-dist/tex/latex/graphics/math
color.ltx)
Package xcolor Info: Model `cmy' substituted by `cmy0' on input line 1349.
Package xcolor Info: Model `hsb' substituted by `rgb' on input line 1353.
Package xcolor Info: Model `RGB' extended on input line 1365.
Package xcolor Info: Model `HTML' substituted by `rgb' on input line 1367.
Package xcolor Info: Model `Hsb' substituted by `hsb' on input line 1368.
Package xcolor Info: Model `tHsb' substituted by `hsb' on input line 1369.
Package xcolor Info: Model `HSB' substituted by `hsb' on input line 1370.
Package xcolor Info: Model `Gray' substituted by `gray' on input line 1371.
Package xcolor Info: Model `wave' substituted by `hsb' on input line 1372.
)
(d:/Instalar Programas/textlive/texlive/2025/texmf-dist/tex/generic/iftex/iftex
.sty
Package: iftex 2024/12/12 v1.0g TeX engine tests
)
(d:/Instalar Programas/textlive/texlive/2025/texmf-dist/tex/latex/xkeyval/xkeyv
al.sty
Package: xkeyval 2022/06/16 v2.9 package option processing (HA)

(d:/Instalar Programas/textlive/texlive/2025/texmf-dist/tex/generic/xkeyval/xke
yval.tex
(d:/Instalar Programas/textlive/texlive/2025/texmf-dist/tex/generic/xkeyval/xkv
utils.tex
\XKV@toks=\toks17
\XKV@tempa@toks=\toks18

(d:/Instalar Programas/textlive/texlive/2025/texmf-dist/tex/generic/xkeyval/key
val.tex))
\XKV@depth=\count285
File: xkeyval.tex 2014/12/03 v2.7a key=value parser (HA)
))
(d:/Instalar Programas/textlive/texlive/2025/texmf-dist/tex/latex/base/textcomp
.sty
Package: textcomp 2024/04/24 v2.1b Standard LaTeX package
)
(d:/Instalar Programas/textlive/texlive/2025/texmf-dist/tex/generic/xstring/xst
ring.sty
(d:/Instalar Programas/textlive/texlive/2025/texmf-dist/tex/generic/xstring/xst
ring.tex
\xs_counta=\count286
\xs_countb=\count287
)
Package: xstring 2023/08/22 v1.86 String manipulations (CT)
)
(d:/Instalar Programas/textlive/texlive/2025/texmf-dist/tex/latex/base/ifthen.s
ty
Package: ifthen 2024/03/16 v1.1e Standard LaTeX ifthen package (DPC)
)
(d:/Instalar Programas/textlive/texlive/2025/texmf-dist/tex/latex/carlisle/scal
efnt.sty)
LaTeX Font Info:    Setting ntxLF sub-encoding to TS1/0 on input line 24.
LaTeX Font Info:    Setting ntxTLF sub-encoding to TS1/0 on input line 24.
LaTeX Font Info:    Setting ntxOsF sub-encoding to TS1/0 on input line 24.
LaTeX Font Info:    Setting ntxTOsF sub-encoding to TS1/0 on input line 24.

(d:/Instalar Programas/textlive/texlive/2025/texmf-dist/tex/generic/kastrup/bin
hex.tex)
\ntx@tmpcnta=\count288
\ntx@cnt=\count289

(d:/Instalar Programas/textlive/texlive/2025/texmf-dist/tex/latex/fontaxes/font
axes.sty
Package: fontaxes 2025-05-24 v2.0.1 Font selection axes (deprecated)

(d:/Instalar Programas/textlive/texlive/2025/texmf-dist/tex/latex/figureversion
s/figureversions.sty
Package: figureversions 2025-04-29 v1.0.1 Figure versions
))
\tx@sixem=\dimen149
\tx@y=\dimen150
\tx@x=\dimen151
\tx@tmpdima=\dimen152
\tx@tmpdimb=\dimen153
\tx@tmpdimc=\dimen154
\tx@tmpdimd=\dimen155
\tx@tmpdime=\dimen156
\tx@tmpdimf=\dimen157
\tx@dimA=\dimen158
\tx@dimAA=\dimen159
\tx@dimB=\dimen160
\tx@dimBB=\dimen161
\tx@dimC=\dimen162
LaTeX Info: Redefining \oldstylenums on input line 902.
)
(d:/Instalar Programas/textlive/texlive/2025/texmf-dist/tex/latex/newtx/newtxma
th.sty
Package: newtxmath 2024/09/22 v1.754

`newtxmath' v1.754, 2024/09/22 Math macros based originally on txfonts (msharpe
)
(d:/Instalar Programas/textlive/texlive/2025/texmf-dist/tex/latex/amsmath/amsma
th.sty
Package: amsmath 2025/07/09 v2.17z AMS math features
\@mathmargin=\skip51

For additional information on amsmath, use the `?' option.

(d:/Instalar Programas/textlive/texlive/2025/texmf-dist/tex/latex/amsmath/amste
xt.sty
Package: amstext 2024/11/17 v2.01 AMS text

(d:/Instalar Programas/textlive/texlive/2025/texmf-dist/tex/latex/amsmath/amsge
n.sty
File: amsgen.sty 1999/11/30 v2.0 generic functions
\@emptytoks=\toks19
\ex@=\dimen163
))
(d:/Instalar Programas/textlive/texlive/2025/texmf-dist/tex/latex/amsmath/amsbs
y.sty
Package: amsbsy 1999/11/29 v1.2d Bold Symbols
\pmbraise@=\dimen164
)
(d:/Instalar Programas/textlive/texlive/2025/texmf-dist/tex/latex/amsmath/amsop
n.sty
Package: amsopn 2022/04/08 v2.04 operator names
)
\inf@bad=\count290
LaTeX Info: Redefining \frac on input line 233.
\uproot@=\count291
\leftroot@=\count292
LaTeX Info: Redefining \overline on input line 398.
LaTeX Info: Redefining \colon on input line 409.
\classnum@=\count293
\DOTSCASE@=\count294
LaTeX Info: Redefining \ldots on input line 495.
LaTeX Info: Redefining \dots on input line 498.
LaTeX Info: Redefining \cdots on input line 619.
\Mathstrutbox@=\box53
\strutbox@=\box54
LaTeX Info: Redefining \big on input line 721.
LaTeX Info: Redefining \Big on input line 722.
LaTeX Info: Redefining \bigg on input line 723.
LaTeX Info: Redefining \Bigg on input line 724.
\big@size=\dimen165
LaTeX Font Info:    Redeclaring font encoding OML on input line 742.
LaTeX Font Info:    Redeclaring font encoding OMS on input line 743.
\macc@depth=\count295
LaTeX Info: Redefining \bmod on input line 904.
LaTeX Info: Redefining \pmod on input line 909.
LaTeX Info: Redefining \smash on input line 939.
LaTeX Info: Redefining \relbar on input line 969.
LaTeX Info: Redefining \Relbar on input line 970.
\c@MaxMatrixCols=\count296
\dotsspace@=\muskip17
\c@parentequation=\count297
\dspbrk@lvl=\count298
\tag@help=\toks20
\row@=\count299
\column@=\count300
\maxfields@=\count301
\andhelp@=\toks21
\eqnshift@=\dimen166
\alignsep@=\dimen167
\tagshift@=\dimen168
\tagwidth@=\dimen169
\totwidth@=\dimen170
\lineht@=\dimen171
\@envbody=\toks22
\multlinegap=\skip52
\multlinetaggap=\skip53
\mathdisplay@stack=\toks23
LaTeX Info: Redefining \[ on input line 2950.
LaTeX Info: Redefining \] on input line 2951.
)
(d:/Instalar Programas/textlive/texlive/2025/texmf-dist/tex/latex/oberdiek/cent
ernot.sty
Package: centernot 2016/05/16 v1.4 Centers the not symbol horizontally (HO)
)
\tx@cntz=\count302

(d:/Instalar Programas/textlive/texlive/2025/texmf-dist/tex/generic/kastrup/bin
hex.tex)
\tx@Isdigit=\count303
\tx@IsAlNum=\count304
\tx@tA=\toks24
\tx@tB=\toks25
\tx@su=\read2

amsthm NOT loaded
LaTeX Font Info:    Redeclaring symbol font `operators' on input line 402.
LaTeX Font Info:    Overwriting symbol font `operators' in version `normal'
(Font)                  OT1/cmr/m/n --> OT1/minntx/m/n on input line 402.
LaTeX Font Info:    Overwriting symbol font `operators' in version `bold'
(Font)                  OT1/cmr/bx/n --> OT1/minntx/m/n on input line 402.
LaTeX Font Info:    Overwriting symbol font `operators' in version `bold'
(Font)                  OT1/minntx/m/n --> OT1/minntx/b/n on input line 403.
LaTeX Font Info:    Redeclaring math alphabet \mathsf on input line 410.
LaTeX Font Info:    Overwriting math alphabet `\mathsf' in version `normal'
(Font)                  OT1/cmss/m/n --> OT1/qhv/m/n on input line 410.
LaTeX Font Info:    Overwriting math alphabet `\mathsf' in version `bold'
(Font)                  OT1/cmss/bx/n --> OT1/qhv/m/n on input line 410.
LaTeX Font Info:    Overwriting math alphabet `\mathsf' in version `bold'
(Font)                  OT1/qhv/m/n --> OT1/qhv/b/n on input line 412.
LaTeX Font Info:    Redeclaring math alphabet \mathit on input line 419.
LaTeX Font Info:    Overwriting math alphabet `\mathit' in version `normal'
(Font)                  OT1/cmr/m/it --> OT1/minntx/m/it on input line 419.
LaTeX Font Info:    Overwriting math alphabet `\mathit' in version `bold'
(Font)                  OT1/cmr/bx/it --> OT1/minntx/m/it on input line 419.
LaTeX Font Info:    Redeclaring math alphabet \mathtt on input line 420.
LaTeX Font Info:    Overwriting math alphabet `\mathtt' in version `normal'
(Font)                  OT1/cmtt/m/n --> OT1/ntxtt/m/n on input line 420.
LaTeX Font Info:    Overwriting math alphabet `\mathtt' in version `bold'
(Font)                  OT1/cmtt/m/n --> OT1/ntxtt/m/n on input line 420.
LaTeX Font Info:    Redeclaring math alphabet \mathbf on input line 422.
LaTeX Font Info:    Overwriting math alphabet `\mathbf' in version `normal'
(Font)                  OT1/cmr/bx/n --> OT1/minntx/b/n on input line 422.
LaTeX Font Info:    Overwriting math alphabet `\mathbf' in version `bold'
(Font)                  OT1/cmr/bx/n --> OT1/minntx/b/n on input line 422.
LaTeX Font Info:    Overwriting math alphabet `\mathit' in version `bold'
(Font)                  OT1/minntx/m/it --> OT1/minntx/b/it on input line 423.
LaTeX Font Info:    Overwriting math alphabet `\mathtt' in version `bold'
(Font)                  OT1/ntxtt/m/n --> OT1/ntxtt/b/n on input line 426.
LaTeX Font Info:    Redeclaring symbol font `letters' on input line 534.
LaTeX Font Info:    Overwriting symbol font `letters' in version `normal'
(Font)                  OML/cmm/m/it --> OML/ntxmi/m/it on input line 534.
LaTeX Font Info:    Overwriting symbol font `letters' in version `bold'
(Font)                  OML/cmm/b/it --> OML/ntxmi/m/it on input line 534.
LaTeX Font Info:    Overwriting symbol font `letters' in version `bold'
(Font)                  OML/ntxmi/m/it --> OML/ntxmi/b/it on input line 535.
\symlettersA=\mathgroup4
LaTeX Font Info:    Overwriting symbol font `lettersA' in version `bold'
(Font)                  U/ntxmia/m/it --> U/ntxmia/b/it on input line 582.
Now handling font encoding LMS ...
... no UTF-8 mapping file for font encoding LMS
LaTeX Font Info:    Redeclaring symbol font `symbols' on input line 604.
LaTeX Font Info:    Encoding `OMS' has changed to `LMS' for symbol font
(Font)              `symbols' in the math version `normal' on input line 604.
LaTeX Font Info:    Overwriting symbol font `symbols' in version `normal'
(Font)                  OMS/cmsy/m/n --> LMS/ntxsy/m/n on input line 604.
LaTeX Font Info:    Encoding `OMS' has changed to `LMS' for symbol font
(Font)              `symbols' in the math version `bold' on input line 604.
LaTeX Font Info:    Overwriting symbol font `symbols' in version `bold'
(Font)                  OMS/cmsy/b/n --> LMS/ntxsy/m/n on input line 604.
LaTeX Font Info:    Overwriting symbol font `symbols' in version `bold'
(Font)                  LMS/ntxsy/m/n --> LMS/ntxsy/b/n on input line 605.
\symAMSm=\mathgroup5
LaTeX Font Info:    Overwriting symbol font `AMSm' in version `bold'
(Font)                  U/ntxsym/m/n --> U/ntxsym/b/n on input line 630.
\symsymbolsC=\mathgroup6
LaTeX Font Info:    Overwriting symbol font `symbolsC' in version `bold'
(Font)                  U/ntxsyc/m/n --> U/ntxsyc/b/n on input line 651.
Now handling font encoding LMX ...
... no UTF-8 mapping file for font encoding LMX
LaTeX Font Info:    Redeclaring symbol font `largesymbols' on input line 664.
LaTeX Font Info:    Encoding `OMX' has changed to `LMX' for symbol font
(Font)              `largesymbols' in the math version `normal' on input line 6
64.
LaTeX Font Info:    Overwriting symbol font `largesymbols' in version `normal'
(Font)                  OMX/cmex/m/n --> LMX/ntxexx/m/n on input line 664.
LaTeX Font Info:    Encoding `OMX' has changed to `LMX' for symbol font
(Font)              `largesymbols' in the math version `bold' on input line 664
.
LaTeX Font Info:    Overwriting symbol font `largesymbols' in version `bold'
(Font)                  OMX/cmex/m/n --> LMX/ntxexx/m/n on input line 664.
LaTeX Font Info:    Overwriting symbol font `largesymbols' in version `bold'
(Font)                  LMX/ntxexx/m/n --> LMX/ntxexx/b/n on input line 665.
\symlargesymbolsTXA=\mathgroup7
LaTeX Font Info:    Overwriting symbol font `largesymbolsTXA' in version `bold'

(Font)                  U/ntxexa/m/n --> U/ntxexa/b/n on input line 679.
\tx@sbptoks=\toks26
LaTeX Font Info:    Redeclaring math delimiter \lfloor on input line 902.
LaTeX Font Info:    Redeclaring math delimiter \rfloor on input line 903.
LaTeX Font Info:    Redeclaring math delimiter \lceil on input line 904.
LaTeX Font Info:    Redeclaring math delimiter \rceil on input line 905.
LaTeX Font Info:    Redeclaring math delimiter \lbrace on input line 910.
LaTeX Font Info:    Redeclaring math delimiter \rbrace on input line 911.
LaTeX Font Info:    Redeclaring math delimiter \langle on input line 913.
LaTeX Font Info:    Redeclaring math delimiter \rangle on input line 915.
LaTeX Font Info:    Redeclaring math delimiter \arrowvert on input line 919.
LaTeX Font Info:    Redeclaring math delimiter \vert on input line 920.
LaTeX Font Info:    Redeclaring math symbol \hbar on input line 966.
LaTeX Font Info:    Redeclaring math accent \dot on input line 991.
LaTeX Font Info:    Redeclaring math accent \ddot on input line 992.
LaTeX Font Info:    Redeclaring math accent \vec on input line 2057.
LaTeX Info: Redefining \Bbbk on input line 2847.
LaTeX Info: Redefining \not on input line 2995.
)
(d:/Instalar Programas/textlive/texlive/2025/texmf-dist/tex/latex/base/inputenc
.sty
Package: inputenc 2024/02/08 v1.3d Input encoding file
\inpenc@prehook=\toks27
\inpenc@posthook=\toks28
)
(d:/Instalar Programas/textlive/texlive/2025/texmf-dist/tex/generic/babel/babel
.sty
Package: babel 2025/10/22 v25.14 The multilingual framework for LuaLaTeX, pdfLa
TeX and XeLaTeX
\babel@savecnt=\count305
LaTeX Encoding Info:    Redeclaring text command \ij (encoding OT1) on input li
ne 2050.
LaTeX Encoding Info:    Redeclaring text command \IJ (encoding OT1) on input li
ne 2052.
LaTeX Encoding Info:    Redeclaring text command \ij (encoding T1) on input lin
e 2054.
LaTeX Encoding Info:    Redeclaring text command \IJ (encoding T1) on input lin
e 2055.
LaTeX Encoding Info:    Ignoring declaration for text command \ij (encoding ?) 
on input line 2056.
LaTeX Encoding Info:    Ignoring declaration for text command \IJ (encoding ?) 
on input line 2058.
LaTeX Encoding Info:    Ignoring declaration for text command \SS (encoding ?) 
on input line 2083.
\U@D=\dimen172
\l@unhyphenated=\language90

(d:/Instalar Programas/textlive/texlive/2025/texmf-dist/tex/generic/babel/txtba
bel.def)
\bbl@readstream=\read3
\bbl@dirlevel=\count306

(d:/Instalar Programas/textlive/texlive/2025/texmf-dist/tex/generic/babel/local
e/es/babel-spanish.tex)
Package babel Info: Importing font and identification data for spanish
(babel)             from babel-es.ini. Reported on input line 4295.

(d:/Instalar Programas/textlive/texlive/2025/texmf-dist/tex/generic/babel-spani
sh/spanish.ldf
Language: spanish.ldf 2021/05/27 v5.0q Spanish support from the babel system
\es@quottoks=\toks29
\es@quotdepth=\count307
Package babel Info: Making " an active character on input line 570.
Package babel Info: Making . an active character on input line 675.
Package babel Info: Making < an active character on input line 722.
Package babel Info: Making > an active character on input line 722.
))
LaTeX Encoding Info:    Redeclaring text command \guillemotleft (encoding OT1) 
on input line 11.
LaTeX Encoding Info:    Redeclaring text command \guillemotright (encoding OT1)
 on input line 11.

(d:/Instalar Programas/textlive/texlive/2025/texmf-dist/tex/latex/geometry/geom
etry.sty
Package: geometry 2020/01/02 v5.9 Page Geometry

(d:/Instalar Programas/textlive/texlive/2025/texmf-dist/tex/generic/iftex/ifvte
x.sty
Package: ifvtex 2019/10/25 v1.7 ifvtex legacy package. Use iftex instead.
)
\Gm@cnth=\count308
\Gm@cntv=\count309
\c@Gm@tempcnt=\count310
\Gm@bindingoffset=\dimen173
\Gm@wd@mp=\dimen174
\Gm@odd@mp=\dimen175
\Gm@even@mp=\dimen176
\Gm@layoutwidth=\dimen177
\Gm@layoutheight=\dimen178
\Gm@layouthoffset=\dimen179
\Gm@layoutvoffset=\dimen180
\Gm@dimlist=\toks30
)
(d:/Instalar Programas/textlive/texlive/2025/texmf-dist/tex/latex/graphics/grap
hicx.sty
Package: graphicx 2024/12/31 v1.2e Enhanced LaTeX Graphics (DPC,SPQR)

(d:/Instalar Programas/textlive/texlive/2025/texmf-dist/tex/latex/graphics/grap
hics.sty
Package: graphics 2024/08/06 v1.4g Standard LaTeX Graphics (DPC,SPQR)

(d:/Instalar Programas/textlive/texlive/2025/texmf-dist/tex/latex/graphics/trig
.sty
Package: trig 2023/12/02 v1.11 sin cos tan (DPC)
)
(d:/Instalar Programas/textlive/texlive/2025/texmf-dist/tex/latex/graphics-cfg/
graphics.cfg
File: graphics.cfg 2016/06/04 v1.11 sample graphics configuration
)
Package graphics Info: Driver file: pdftex.def on input line 106.
)
\Gin@req@height=\dimen181
\Gin@req@width=\dimen182
)
(d:/Instalar Programas/textlive/texlive/2025/texmf-dist/tex/latex/titlesec/titl
esec.sty
Package: titlesec 2025/01/04 v2.17 Sectioning titles
\ttl@box=\box55
\beforetitleunit=\skip54
\aftertitleunit=\skip55
\ttl@plus=\dimen183
\ttl@minus=\dimen184
\ttl@toksa=\toks31
\titlewidth=\dimen185
\titlewidthlast=\dimen186
\titlewidthfirst=\dimen187
)
(d:/Instalar Programas/textlive/texlive/2025/texmf-dist/tex/latex/lipsum/lipsum
.sty
(d:/Instalar Programas/textlive/texlive/2025/texmf-dist/tex/latex/l3packages/l3
keys2e/l3keys2e.sty
Package: l3keys2e 2025-10-09 LaTeX2e option processing using LaTeX3 keys
)
Package: lipsum 2021-09-20 v2.7 150 paragraphs of Lorem Ipsum dummy text
\g__lipsum_par_int=\count311
\l__lipsum_a_int=\count312
\l__lipsum_b_int=\count313

(d:/Instalar Programas/textlive/texlive/2025/texmf-dist/tex/latex/lipsum/lipsum
.ltd.tex))
(d:/Instalar Programas/textlive/texlive/2025/texmf-dist/tex/latex/pdfpages/pdfp
ages.sty
Package: pdfpages 2025/07/23 v0.6g Insert pages of external PDF documents (AM)

(d:/Instalar Programas/textlive/texlive/2025/texmf-dist/tex/latex/tools/calc.st
y
Package: calc 2025/03/01 v4.3b Infix arithmetic (KKT,FJ)
\calc@Acount=\count314
\calc@Bcount=\count315
\calc@Adimen=\dimen188
\calc@Bdimen=\dimen189
\calc@Askip=\skip56
\calc@Bskip=\skip57
LaTeX Info: Redefining \setlength on input line 86.
LaTeX Info: Redefining \addtolength on input line 87.
\calc@Ccount=\count316
\calc@Cskip=\skip58
)
(d:/Instalar Programas/textlive/texlive/2025/texmf-dist/tex/latex/eso-pic/eso-p
ic.sty
Package: eso-pic 2023/05/03 v3.0c eso-pic (RN)
\ESO@tempdima=\dimen190
\ESO@tempdimb=\dimen191
)
\AM@pagewidth=\dimen192
\AM@pageheight=\dimen193
\AM@fboxrule=\dimen194

(d:/Instalar Programas/textlive/texlive/2025/texmf-dist/tex/latex/pdfpages/pppd
ftex.def
File: pppdftex.def 2025/07/23 v0.6g Pdfpages driver for pdfTeX (AM)
)
\pdfpages@includegraphics@status=\count317
\AM@pagebox=\box56
\AM@global@opts=\toks32
\AM@pagecnt=\count318
\AM@toc@title=\toks33
\AM@lof@heading=\toks34
\c@AM@survey=\count319
\AM@templatesizebox=\box57
)
(d:/Instalar Programas/textlive/texlive/2025/texmf-dist/tex/latex/comment/comme
nt.sty
\CommentStream=\write3
 Excluding comment 'comment')
(d:/Instalar Programas/textlive/texlive/2025/texmf-dist/tex/latex/float/float.s
ty
Package: float 2001/11/08 v1.3d Float enhancements (AL)
\c@float@type=\count320
\float@exts=\toks35
\float@box=\box58
\@float@everytoks=\toks36
\@floatcapt=\box59
)
(d:/Instalar Programas/textlive/texlive/2025/texmf-dist/tex/latex/enumitem/enum
item.sty
Package: enumitem 2025/02/06 v3.11 Customized lists
\enitkv@toks@=\toks37
\labelindent=\skip59
\enit@outerparindent=\dimen195
\enit@toks=\toks38
\enit@inbox=\box60
\enit@count@id=\count321
\enitdp@description=\count322
)
(d:/Instalar Programas/textlive/texlive/2025/texmf-dist/tex/latex/siunitx/siuni
tx.sty
Package: siunitx 2025-07-09 v3.4.14 A comprehensive (SI) units package
\l__siunitx_number_uncert_offset_int=\count323
\l__siunitx_number_exponent_fixed_int=\count324
\l__siunitx_number_min_decimal_int=\count325
\l__siunitx_number_min_integer_int=\count326
\l__siunitx_number_round_precision_int=\count327
\l__siunitx_number_lower_threshold_int=\count328
\l__siunitx_number_upper_threshold_int=\count329
\l__siunitx_number_group_first_int=\count330
\l__siunitx_number_group_size_int=\count331
\l__siunitx_number_group_minimum_int=\count332
\l__siunitx_angle_tmp_dim=\dimen196
\l__siunitx_angle_marker_box=\box61
\l__siunitx_angle_unit_box=\box62
\l__siunitx_compound_count_int=\count333

(d:/Instalar Programas/textlive/texlive/2025/texmf-dist/tex/latex/translations/
translations.sty
Package: translations 2022/02/05 v1.12 internationalization of LaTeX2e packages
 (CN)

(d:/Instalar Programas/textlive/texlive/2025/texmf-dist/tex/generic/pdftexcmds/
pdftexcmds.sty
Package: pdftexcmds 2020-06-27 v0.33 Utility functions of pdfTeX for LuaTeX (HO
)

(d:/Instalar Programas/textlive/texlive/2025/texmf-dist/tex/generic/infwarerr/i
nfwarerr.sty
Package: infwarerr 2019/12/03 v1.5 Providing info/warning/error messages (HO)
)
(d:/Instalar Programas/textlive/texlive/2025/texmf-dist/tex/generic/ltxcmds/ltx
cmds.sty
Package: ltxcmds 2023-12-04 v1.26 LaTeX kernel commands for general use (HO)
)
Package pdftexcmds Info: \pdf@primitive is available.
Package pdftexcmds Info: \pdf@ifprimitive is available.
Package pdftexcmds Info: \pdfdraftmode found.
))
\l__siunitx_table_tmp_box=\box63
\l__siunitx_table_tmp_dim=\dimen197
\l__siunitx_table_column_width_dim=\dimen198
\l__siunitx_table_integer_box=\box64
\l__siunitx_table_decimal_box=\box65
\l__siunitx_table_uncert_box=\box66
\l__siunitx_table_before_box=\box67
\l__siunitx_table_after_box=\box68
\l__siunitx_table_before_dim=\dimen199
\l__siunitx_table_carry_dim=\dimen256
\l__siunitx_unit_tmp_int=\count334
\l__siunitx_unit_position_int=\count335
\l__siunitx_unit_total_int=\count336

(d:/Instalar Programas/textlive/texlive/2025/texmf-dist/tex/latex/tools/array.s
ty
Package: array 2025/09/25 v2.6n Tabular extension package (FMi)
\col@sep=\dimen257
\ar@mcellbox=\box69
\extrarowheight=\dimen258
\NC@list=\toks39
\extratabsurround=\skip60
\backup@length=\skip61
\ar@cellbox=\box70
))
(d:/Instalar Programas/textlive/texlive/2025/texmf-dist/tex/latex/fancyhdr/fanc
yhdr.sty
Package: fancyhdr 2025/02/07 v5.2 Extensive control of page headers and footers

\f@nch@headwidth=\skip62
\f@nch@offset@elh=\skip63
\f@nch@offset@erh=\skip64
\f@nch@offset@olh=\skip65
\f@nch@offset@orh=\skip66
\f@nch@offset@elf=\skip67
\f@nch@offset@erf=\skip68
\f@nch@offset@olf=\skip69
\f@nch@offset@orf=\skip70
\f@nch@height=\skip71
\f@nch@footalignment=\skip72
\f@nch@widthL=\skip73
\f@nch@widthC=\skip74
\f@nch@widthR=\skip75
\@temptokenb=\toks40
)
(d:/Instalar Programas/textlive/texlive/2025/texmf-dist/tex/latex/tocloft/toclo
ft.sty
Package: tocloft 2017/08/31 v2.3i parameterised ToC, etc., typesetting
Package tocloft Info: The document has section divisions on input line 51.
\cftparskip=\skip76
\cftbeforetoctitleskip=\skip77
\cftaftertoctitleskip=\skip78
\cftbeforepartskip=\skip79
\cftpartnumwidth=\skip80
\cftpartindent=\skip81
\cftbeforesecskip=\skip82
\cftsecindent=\skip83
\cftsecnumwidth=\skip84
\cftbeforesubsecskip=\skip85
\cftsubsecindent=\skip86
\cftsubsecnumwidth=\skip87
\cftbeforesubsubsecskip=\skip88
\cftsubsubsecindent=\skip89
\cftsubsubsecnumwidth=\skip90
\cftbeforeparaskip=\skip91
\cftparaindent=\skip92
\cftparanumwidth=\skip93
\cftbeforesubparaskip=\skip94
\cftsubparaindent=\skip95
\cftsubparanumwidth=\skip96
\cftbeforeloftitleskip=\skip97
\cftafterloftitleskip=\skip98
\cftbeforefigskip=\skip99
\cftfigindent=\skip100
\cftfignumwidth=\skip101
\c@lofdepth=\count337
\c@lotdepth=\count338
\cftbeforelottitleskip=\skip102
\cftafterlottitleskip=\skip103
\cftbeforetabskip=\skip104
\cfttabindent=\skip105
\cfttabnumwidth=\skip106
)
(d:/Instalar Programas/textlive/texlive/2025/texmf-dist/tex/latex/hyperref/hype
rref.sty
Package: hyperref 2025-07-12 v7.01o Hypertext links for LaTeX

(d:/Instalar Programas/textlive/texlive/2025/texmf-dist/tex/latex/kvsetkeys/kvs
etkeys.sty
Package: kvsetkeys 2022-10-05 v1.19 Key value parser (HO)
)
(d:/Instalar Programas/textlive/texlive/2025/texmf-dist/tex/generic/kvdefinekey
s/kvdefinekeys.sty
Package: kvdefinekeys 2019-12-19 v1.6 Define keys (HO)
)
(d:/Instalar Programas/textlive/texlive/2025/texmf-dist/tex/generic/pdfescape/p
dfescape.sty
Package: pdfescape 2019/12/09 v1.15 Implements pdfTeX's escape features (HO)
)
(d:/Instalar Programas/textlive/texlive/2025/texmf-dist/tex/latex/hycolor/hycol
or.sty
Package: hycolor 2020-01-27 v1.10 Color options for hyperref/bookmark (HO)
)
(d:/Instalar Programas/textlive/texlive/2025/texmf-dist/tex/latex/hyperref/name
ref.sty
Package: nameref 2025-06-21 v2.57 Cross-referencing by name of section

(d:/Instalar Programas/textlive/texlive/2025/texmf-dist/tex/latex/refcount/refc
ount.sty
Package: refcount 2019/12/15 v3.6 Data extraction from label references (HO)
)
(d:/Instalar Programas/textlive/texlive/2025/texmf-dist/tex/generic/gettitlestr
ing/gettitlestring.sty
Package: gettitlestring 2019/12/15 v1.6 Cleanup title references (HO)

(d:/Instalar Programas/textlive/texlive/2025/texmf-dist/tex/latex/kvoptions/kvo
ptions.sty
Package: kvoptions 2022-06-15 v3.15 Key value format for package options (HO)
))
\c@section@level=\count339
)
(d:/Instalar Programas/textlive/texlive/2025/texmf-dist/tex/generic/stringenc/s
tringenc.sty
Package: stringenc 2019/11/29 v1.12 Convert strings between diff. encodings (HO
)
)
\@linkdim=\dimen259
\Hy@linkcounter=\count340
\Hy@pagecounter=\count341

(d:/Instalar Programas/textlive/texlive/2025/texmf-dist/tex/latex/hyperref/pd1e
nc.def
File: pd1enc.def 2025-07-12 v7.01o Hyperref: PDFDocEncoding definition (HO)
Now handling font encoding PD1 ...
... no UTF-8 mapping file for font encoding PD1
)
(d:/Instalar Programas/textlive/texlive/2025/texmf-dist/tex/generic/intcalc/int
calc.sty
Package: intcalc 2019/12/15 v1.3 Expandable calculations with integers (HO)
)
\Hy@SavedSpaceFactor=\count342

(d:/Instalar Programas/textlive/texlive/2025/texmf-dist/tex/latex/hyperref/puen
c.def
File: puenc.def 2025-07-12 v7.01o Hyperref: PDF Unicode definition (HO)
Now handling font encoding PU ...
... no UTF-8 mapping file for font encoding PU
)
Package hyperref Info: Hyper figures OFF on input line 4195.
Package hyperref Info: Link nesting OFF on input line 4200.
Package hyperref Info: Hyper index ON on input line 4203.
Package hyperref Info: Plain pages OFF on input line 4210.
Package hyperref Info: Backreferencing OFF on input line 4215.
Package hyperref Info: Implicit mode ON; LaTeX internals redefined.
Package hyperref Info: Bookmarks ON on input line 4462.
\c@Hy@tempcnt=\count343

(d:/Instalar Programas/textlive/texlive/2025/texmf-dist/tex/latex/url/url.sty
\Urlmuskip=\muskip18
Package: url 2013/09/16  ver 3.4  Verb mode for urls, etc.
)
LaTeX Info: Redefining \url on input line 4801.
\XeTeXLinkMargin=\dimen260

(d:/Instalar Programas/textlive/texlive/2025/texmf-dist/tex/generic/bitset/bits
et.sty
Package: bitset 2019/12/09 v1.3 Handle bit-vector datatype (HO)

(d:/Instalar Programas/textlive/texlive/2025/texmf-dist/tex/generic/bigintcalc/
bigintcalc.sty
Package: bigintcalc 2019/12/15 v1.5 Expandable calculations on big integers (HO
)
))
\Fld@menulength=\count344
\Field@Width=\dimen261
\Fld@charsize=\dimen262
Package hyperref Info: Hyper figures OFF on input line 6078.
Package hyperref Info: Link nesting OFF on input line 6083.
Package hyperref Info: Hyper index ON on input line 6086.
Package hyperref Info: backreferencing OFF on input line 6093.
Package hyperref Info: Link coloring OFF on input line 6098.
Package hyperref Info: Link coloring with OCG OFF on input line 6103.
Package hyperref Info: PDF/A mode OFF on input line 6108.
\Hy@abspage=\count345
\c@Item=\count346
\c@Hfootnote=\count347
)
Package hyperref Info: Driver (autodetected): hpdftex.

(d:/Instalar Programas/textlive/texlive/2025/texmf-dist/tex/latex/hyperref/hpdf
tex.def
File: hpdftex.def 2025-07-12 v7.01o Hyperref driver for pdfTeX
\Fld@listcount=\count348
\c@bookmark@seq@number=\count349

(d:/Instalar Programas/textlive/texlive/2025/texmf-dist/tex/latex/rerunfilechec
k/rerunfilecheck.sty
Package: rerunfilecheck 2025-06-21 v1.11 Rerun checks for auxiliary files (HO)

(d:/Instalar Programas/textlive/texlive/2025/texmf-dist/tex/generic/uniquecount
er/uniquecounter.sty
Package: uniquecounter 2019/12/15 v1.4 Provide unlimited unique counter (HO)
)
Package uniquecounter Info: New unique counter `rerunfilecheck' on input line 2
84.
)
\Hy@SectionHShift=\skip107
)
(d:/Instalar Programas/textlive/texlive/2025/texmf-dist/tex/latex/bookmark/book
mark.sty
Package: bookmark 2023-12-10 v1.31 PDF bookmarks (HO)

(d:/Instalar Programas/textlive/texlive/2025/texmf-dist/tex/latex/bookmark/bkm-
pdftex.def
File: bkm-pdftex.def 2023-12-10 v1.31 bookmark driver for pdfTeX and luaTeX (HO
)
\BKM@id=\count350
))
LaTeX Font Info:    Trying to load font information for OT1+ntxtlf on input lin
e 81.

(d:/Instalar Programas/textlive/texlive/2025/texmf-dist/tex/latex/newtx/ot1ntxt
lf.fd
File: ot1ntxtlf.fd 2021/05/24 v1.0 font definition file for OT1/ntx/tlf
)
LaTeX Font Info:    Font shape `OT1/ntxtlf/m/n' will be
(Font)              scaled to size 12.0pt on input line 81.
 (./cuerpoinformeD.aux
LaTeX Info: Redefining \. on input line 12.
LaTeX Info: Redefining \% on input line 12.
Package babel Info: 'spanish' activates 'spanish' shorthands.
(babel)             Reported on input line 12.
)
\openout1 = `cuerpoinformeD.aux'.

LaTeX Font Info:    Checking defaults for OML/ntxmi/m/it on input line 81.
LaTeX Font Info:    Trying to load font information for OML+ntxmi on input line
 81.

(d:/Instalar Programas/textlive/texlive/2025/texmf-dist/tex/latex/newtx/omlntxm
i.fd
File: omlntxmi.fd 2015/08/25 Fontinst v1.933 font definitions for OML/ntxmi.
)
LaTeX Font Info:    ... okay on input line 81.
LaTeX Font Info:    Checking defaults for OMS/cmsy/m/n on input line 81.
LaTeX Font Info:    ... okay on input line 81.
LaTeX Font Info:    Checking defaults for OT1/cmr/m/n on input line 81.
LaTeX Font Info:    ... okay on input line 81.
LaTeX Font Info:    Checking defaults for T1/cmr/m/n on input line 81.
LaTeX Font Info:    ... okay on input line 81.
LaTeX Font Info:    Checking defaults for TS1/cmr/m/n on input line 81.
LaTeX Font Info:    ... okay on input line 81.
LaTeX Font Info:    Checking defaults for OMX/cmex/m/n on input line 81.
LaTeX Font Info:    ... okay on input line 81.
LaTeX Font Info:    Checking defaults for U/ntxexa/m/n on input line 81.
LaTeX Font Info:    Trying to load font information for U+ntxexa on input line 
81.

(d:/Instalar Programas/textlive/texlive/2025/texmf-dist/tex/latex/newtx/untxexa
.fd
File: untxexa.fd 2012/04/16 Fontinst v1.933 font definitions for U/ntxexa.
)
LaTeX Font Info:    ... okay on input line 81.
LaTeX Font Info:    Checking defaults for LMS/ntxsy/m/n on input line 81.
LaTeX Font Info:    Trying to load font information for LMS+ntxsy on input line
 81.

(d:/Instalar Programas/textlive/texlive/2025/texmf-dist/tex/latex/newtx/lmsntxs
y.fd
File: lmsntxsy.fd 2016/07/02 Fontinst v1.933 font definitions for LMS/ntxsy.
)
LaTeX Font Info:    ... okay on input line 81.
LaTeX Font Info:    Checking defaults for LMX/ntxexx/m/n on input line 81.
LaTeX Font Info:    Trying to load font information for LMX+ntxexx on input lin
e 81.

(d:/Instalar Programas/textlive/texlive/2025/texmf-dist/tex/latex/newtx/lmxntxe
xx.fd
File: lmxntxexx.fd 2016/07/03 Fontinst v1.933 font definitions for LMX/ntxexx.
)
LaTeX Font Info:    ... okay on input line 81.
LaTeX Font Info:    Checking defaults for PD1/pdf/m/n on input line 81.
LaTeX Font Info:    ... okay on input line 81.
LaTeX Font Info:    Checking defaults for PU/pdf/m/n on input line 81.
LaTeX Font Info:    ... okay on input line 81.

(d:/Instalar Programas/textlive/texlive/2025/texmf-dist/tex/context/base/mkii/s
upp-pdf.mkii
[Loading MPS to PDF converter (version 2006.09.02).]
\scratchcounter=\count351
\scratchdimen=\dimen263
\scratchbox=\box71
\nofMPsegments=\count352
\nofMParguments=\count353
\everyMPshowfont=\toks41
\MPscratchCnt=\count354
\MPscratchDim=\dimen264
\MPnumerator=\count355
\makeMPintoPDFobject=\count356
\everyMPtoPDFconversion=\toks42
)
(d:/Instalar Programas/textlive/texlive/2025/texmf-dist/tex/latex/epstopdf-pkg/
epstopdf-base.sty
Package: epstopdf-base 2020-01-24 v2.11 Base part for package epstopdf
Package epstopdf-base Info: Redefining graphics rule for `.eps' on input line 4
85.

(d:/Instalar Programas/textlive/texlive/2025/texmf-dist/tex/latex/latexconfig/e
pstopdf-sys.cfg
File: epstopdf-sys.cfg 2010/07/13 v1.3 Configuration of (r)epstopdf for TeX Liv
e
))
\c@mv@tabular=\count357
\c@mv@boldtabular=\count358
LaTeX Info: Command `\dddot' is already robust on input line 81.
LaTeX Info: Command `\ddddot' is already robust on input line 81.
LaTeX Info: Redefining \. on input line 81.
LaTeX Info: Redefining \% on input line 81.

*geometry* driver: auto-detecting
*geometry* detected driver: pdftex
*geometry* verbose mode - [ preamble ] result:
* driver: pdftex
* paper: letterpaper
* layout: <same size as paper>
* layoutoffset:(h,v)=(0.0pt,0.0pt)
* modes: 
* h-part:(L,W,R)=(85.35826pt, 457.80486pt, 71.13188pt)
* v-part:(T,H,B)=(71.13188pt, 652.70622pt, 71.13188pt)
* \paperwidth=614.295pt
* \paperheight=794.96999pt
* \textwidth=457.80486pt
* \textheight=652.70622pt
* \oddsidemargin=13.08827pt
* \evensidemargin=13.08827pt
* \topmargin=-38.1381pt
* \headheight=12.0pt
* \headsep=25.0pt
* \topskip=12.0pt
* \footskip=30.0pt
* \marginparwidth=44.0pt
* \marginparsep=10.0pt
* \columnsep=10.0pt
* \skip\footins=10.8pt plus 4.0pt minus 2.0pt
* \hoffset=0.0pt
* \voffset=0.0pt
* \mag=1000
* \@twocolumnfalse
* \@twosidefalse
* \@mparswitchfalse
* \@reversemarginfalse
* (1in=72.27pt=25.4mm, 1cm=28.453pt)


(d:/Instalar Programas/textlive/texlive/2025/texmf-dist/tex/latex/pdflscape/pdf
lscape.sty
Package: pdflscape 2025-06-23 v0.14 Display of landscape pages in PDF

(d:/Instalar Programas/textlive/texlive/2025/texmf-dist/tex/latex/pdflscape/pdf
lscape-nometadata.sty
Package: pdflscape-nometadata 2025-06-23 v0.14 Display of landscape pages in PD
F (HO)

(d:/Instalar Programas/textlive/texlive/2025/texmf-dist/tex/latex/graphics/lsca
pe.sty
Package: lscape 2020/05/28 v3.02 Landscape Pages (DPC)
)
Package pdflscape Info: Auto-detected driver: pdftex on input line 81.
))
(d:/Instalar Programas/textlive/texlive/2025/texmf-dist/tex/latex/translations/
translations-basic-dictionary-spanish.trsl
File: translations-basic-dictionary-spanish.trsl (spanish translation file `tra
nslations-basic-dictionary')
)
Package translations Info: loading dictionary `translations-basic-dictionary' f
or `spanish'. on input line 81.
Package hyperref Info: Link coloring OFF on input line 81.
LaTeX Font Info:    Font shape `OT1/ntxtlf/m/n' will be
(Font)              scaled to size 17.28pt on input line 84.
LaTeX Font Info:    Font shape `OT1/ntxtlf/b/n' will be
(Font)              scaled to size 17.28pt on input line 84.
 (./cuerpoinformeD.toc
LaTeX Info: Redefining \. on input line 1.
LaTeX Info: Redefining \% on input line 1.
LaTeX Font Info:    Font shape `OT1/ntxtlf/b/n' will be
(Font)              scaled to size 12.0pt on input line 2.
LaTeX Font Info:    Trying to load font information for OT1+minntx on input lin
e 2.

(d:/Instalar Programas/textlive/texlive/2025/texmf-dist/tex/latex/newtx/ot1minn
tx.fd
File: ot1minntx.fd 2023/09/09 v1.1 font definition file for OT1/minntx
)
LaTeX Font Info:    Font shape `OT1/minntx/m/n' will be
(Font)              scaled to size 12.0pt on input line 2.
LaTeX Font Info:    Font shape `OT1/minntx/m/n' will be
(Font)              scaled to size 8.8pt on input line 2.
LaTeX Font Info:    Font shape `OT1/minntx/m/n' will be
(Font)              scaled to size 6.6pt on input line 2.
LaTeX Font Info:    Font shape `OML/ntxmi/m/it' will be
(Font)              scaled to size 12.0pt on input line 2.
LaTeX Font Info:    Font shape `OML/ntxmi/m/it' will be
(Font)              scaled to size 8.8pt on input line 2.
LaTeX Font Info:    Font shape `OML/ntxmi/m/it' will be
(Font)              scaled to size 6.6pt on input line 2.
LaTeX Font Info:    Font shape `LMS/ntxsy/m/n' will be
(Font)              scaled to size 12.0pt on input line 2.
LaTeX Font Info:    Font shape `LMS/ntxsy/m/n' will be
(Font)              scaled to size 8.8pt on input line 2.
LaTeX Font Info:    Font shape `LMS/ntxsy/m/n' will be
(Font)              scaled to size 6.6pt on input line 2.
LaTeX Font Info:    Font shape `LMX/ntxexx/m/n' will be
(Font)              scaled to size 12.0pt on input line 2.
LaTeX Font Info:    Font shape `LMX/ntxexx/m/n' will be
(Font)              scaled to size 8.8pt on input line 2.
LaTeX Font Info:    Font shape `LMX/ntxexx/m/n' will be
(Font)              scaled to size 6.6pt on input line 2.
LaTeX Font Info:    Trying to load font information for U+ntxmia on input line 
2.

(d:/Instalar Programas/textlive/texlive/2025/texmf-dist/tex/latex/newtx/untxmia
.fd
File: untxmia.fd 2024/04/09 Fontinst v1.933 font definitions for U/ntxmia.
)
LaTeX Font Info:    Font shape `U/ntxmia/m/it' will be
(Font)              scaled to size 12.0pt on input line 2.
LaTeX Font Info:    Font shape `U/ntxmia/m/it' will be
(Font)              scaled to size 8.8pt on input line 2.
LaTeX Font Info:    Font shape `U/ntxmia/m/it' will be
(Font)              scaled to size 6.6pt on input line 2.
LaTeX Font Info:    Trying to load font information for U+ntxsym on input line 
2.

(d:/Instalar Programas/textlive/texlive/2025/texmf-dist/tex/latex/newtx/untxsym
.fd
File: untxsym.fd 2023/08/16 Fontinst v1.933 font definitions for U/ntxsym.
)
LaTeX Font Info:    Font shape `U/ntxsym/m/n' will be
(Font)              scaled to size 12.0pt on input line 2.
LaTeX Font Info:    Font shape `U/ntxsym/m/n' will be
(Font)              scaled to size 8.8pt on input line 2.
LaTeX Font Info:    Font shape `U/ntxsym/m/n' will be
(Font)              scaled to size 6.6pt on input line 2.
LaTeX Font Info:    Trying to load font information for U+ntxsyc on input line 
2.

(d:/Instalar Programas/textlive/texlive/2025/texmf-dist/tex/latex/newtx/untxsyc
.fd
File: untxsyc.fd 2012/04/12 Fontinst v1.933 font definitions for U/ntxsyc.
)
LaTeX Font Info:    Font shape `U/ntxsyc/m/n' will be
(Font)              scaled to size 12.0pt on input line 2.
LaTeX Font Info:    Font shape `U/ntxsyc/m/n' will be
(Font)              scaled to size 8.8pt on input line 2.
LaTeX Font Info:    Font shape `U/ntxsyc/m/n' will be
(Font)              scaled to size 6.6pt on input line 2.
LaTeX Font Info:    Font shape `U/ntxexa/m/n' will be
(Font)              scaled to size 12.0pt on input line 2.
LaTeX Font Info:    Font shape `U/ntxexa/m/n' will be
(Font)              scaled to size 8.8pt on input line 2.
LaTeX Font Info:    Font shape `U/ntxexa/m/n' will be
(Font)              scaled to size 6.6pt on input line 2.


Package fancyhdr Warning: \headheight is too small (12.0pt): 
(fancyhdr)                Make it at least 14.49998pt, for example:
(fancyhdr)                \setlength{\headheight}{14.49998pt}.
(fancyhdr)                You might also make \topmargin smaller:
(fancyhdr)                \addtolength{\topmargin}{-2.49998pt}.

[1{d:/Instalar Programas/textlive/texlive/2025/texmf-var/fonts/map/pdftex/updma
p/pdftex.map}{d:/Instalar Programas/textlive/texlive/2025/texmf-dist/fonts/enc/
dvips/newtx/ntx-ot1-tlf.enc}


])
\tf@toc=\write4
\openout4 = `cuerpoinformeD.toc'.

 [2]
LaTeX Font Info:    Font shape `OT1/ntxtlf/m/n' will be
(Font)              scaled to size 14.4pt on input line 95.
LaTeX Font Info:    Font shape `OT1/ntxtlf/b/n' will be
(Font)              scaled to size 14.4pt on input line 95.


Package fancyhdr Warning: \headheight is too small (12.0pt): 
(fancyhdr)                Make it at least 14.49998pt, for example:
(fancyhdr)                \setlength{\headheight}{14.49998pt}.
(fancyhdr)                You might also make \topmargin smaller:
(fancyhdr)                \addtolength{\topmargin}{-2.49998pt}.


pdfTeX warning (ext4): destination with the same identifier (name{page.1}) has 
been already used, duplicate ignored
<to be read again> 
                   \relax 
l.111 	\section
               {Cronograma de actividades } [1


]
<./Imagenes/cronogramad.png, id=92, 882.29625pt x 1358.07375pt>
File: ./Imagenes/cronogramad.png Graphic file (type png)
<use ./Imagenes/cronogramad.png>
Package pdftex.def Info: ./Imagenes/cronogramad.png  used on input line 114.
(pdftex.def)             Requested size: 343.35364pt x 528.5069pt.


Package fancyhdr Warning: \headheight is too small (12.0pt): 
(fancyhdr)                Make it at least 14.49998pt, for example:
(fancyhdr)                \setlength{\headheight}{14.49998pt}.
(fancyhdr)                You might also make \topmargin smaller:
(fancyhdr)                \addtolength{\topmargin}{-2.49998pt}.


pdfTeX warning (ext4): destination with the same identifier (name{page.2}) has 
been already used, duplicate ignored
<to be read again> 
                   \relax 
l.121 	\section
               {Introducción} [2

 <./imagenes/cronogramad.png>]

Package fancyhdr Warning: \headheight is too small (12.0pt): 
(fancyhdr)                Make it at least 14.49998pt, for example:
(fancyhdr)                \setlength{\headheight}{14.49998pt}.
(fancyhdr)                You might also make \topmargin smaller:
(fancyhdr)                \addtolength{\topmargin}{-2.49998pt}.

[3

]
Overfull \hbox (6.47685pt too wide) in paragraph at lines 157--158
[]\OT1/ntxtlf/b/n/12 Aplicaciones de fun-cio-nes po-li-no-mia-les: \OT1/minntx/
m/n/12 mo-de-la-do de fen[]ome-nos sen-ci-llos (cos-to{ingreso,
 []


Overfull \hbox (46.91936pt too wide) in paragraph at lines 158--159
[]\OT1/ntxtlf/b/n/12 Funciones ra-cio-na-les: \OT1/minntx/m/n/12 an[]ali-sis de
 do-mi-nio, in-ter-sec-cio-nes, as[]^^Pnto-tas ver-ti-ca-les/horizontales/oblic
uas
 []


Package fancyhdr Warning: \headheight is too small (12.0pt): 
(fancyhdr)                Make it at least 14.49998pt, for example:
(fancyhdr)                \setlength{\headheight}{14.49998pt}.
(fancyhdr)                You might also make \topmargin smaller:
(fancyhdr)                \addtolength{\topmargin}{-2.49998pt}.

[4

]

Package fancyhdr Warning: \headheight is too small (12.0pt): 
(fancyhdr)                Make it at least 14.49998pt, for example:
(fancyhdr)                \setlength{\headheight}{14.49998pt}.
(fancyhdr)                You might also make \topmargin smaller:
(fancyhdr)                \addtolength{\topmargin}{-2.49998pt}.

[5]
<./Imagenes/imagen1.jpg, id=110, 1284.8pt x 722.7pt>
File: ./Imagenes/imagen1.jpg Graphic file (type jpg)
<use ./Imagenes/imagen1.jpg>
Package pdftex.def Info: ./Imagenes/imagen1.jpg  used on input line 230.
(pdftex.def)             Requested size: 320.46199pt x 180.25551pt.


Package fancyhdr Warning: \headheight is too small (12.0pt): 
(fancyhdr)                Make it at least 14.49998pt, for example:
(fancyhdr)                \setlength{\headheight}{14.49998pt}.
(fancyhdr)                You might also make \topmargin smaller:
(fancyhdr)                \addtolength{\topmargin}{-2.49998pt}.

[6

]
<./Imagenes/imagen1.1.jpg, id=120, 596.2275pt x 379.4175pt>
File: ./Imagenes/imagen1.1.jpg Graphic file (type jpg)
<use ./Imagenes/imagen1.1.jpg>
Package pdftex.def Info: ./Imagenes/imagen1.1.jpg  used on input line 237.
(pdftex.def)             Requested size: 251.79407pt x 160.23425pt.
LaTeX Font Info:    Font shape `OT1/ntxtlf/m/n' will be
(Font)              scaled to size 8.8pt on input line 252.
LaTeX Font Info:    Font shape `OT1/ntxtlf/m/n' will be
(Font)              scaled to size 6.6pt on input line 252.


Package fancyhdr Warning: \headheight is too small (12.0pt): 
(fancyhdr)                Make it at least 14.49998pt, for example:
(fancyhdr)                \setlength{\headheight}{14.49998pt}.
(fancyhdr)                You might also make \topmargin smaller:
(fancyhdr)                \addtolength{\topmargin}{-2.49998pt}.

[7 <./imagenes/imagen1.jpg> <./imagenes/imagen1.1.jpg>]
<./Imagenes/imagen2.1.jpg, id=129, 759.83875pt x 365.365pt>
File: ./Imagenes/imagen2.1.jpg Graphic file (type jpg)
<use ./Imagenes/imagen2.1.jpg>
Package pdftex.def Info: ./Imagenes/imagen2.1.jpg  used on input line 263.
(pdftex.def)             Requested size: 320.46199pt x 154.09337pt.
<./Imagenes/imagen2.jpg, id=130, 657.45625pt x 210.7875pt>
File: ./Imagenes/imagen2.jpg Graphic file (type jpg)
<use ./Imagenes/imagen2.jpg>
Package pdftex.def Info: ./Imagenes/imagen2.jpg  used on input line 270.
(pdftex.def)             Requested size: 320.46199pt x 102.74321pt.
<./Imagenes/imagen2.3.jpg, id=131, 192.72pt x 96.36pt>
File: ./Imagenes/imagen2.3.jpg Graphic file (type jpg)
<use ./Imagenes/imagen2.3.jpg>
Package pdftex.def Info: ./Imagenes/imagen2.3.jpg  used on input line 281.
(pdftex.def)             Requested size: 320.46199pt x 160.231pt.


Package fancyhdr Warning: \headheight is too small (12.0pt): 
(fancyhdr)                Make it at least 14.49998pt, for example:
(fancyhdr)                \setlength{\headheight}{14.49998pt}.
(fancyhdr)                You might also make \topmargin smaller:
(fancyhdr)                \addtolength{\topmargin}{-2.49998pt}.

[8 <./imagenes/imagen2.1.jpg> <./imagenes/imagen2.jpg>]
<./Imagenes/imagen3.jpg, id=138, 380.42125pt x 235.88126pt>
File: ./Imagenes/imagen3.jpg Graphic file (type jpg)
<use ./Imagenes/imagen3.jpg>
Package pdftex.def Info: ./Imagenes/imagen3.jpg  used on input line 306.
(pdftex.def)             Requested size: 251.79407pt x 156.1284pt.


Package fancyhdr Warning: \headheight is too small (12.0pt): 
(fancyhdr)                Make it at least 14.49998pt, for example:
(fancyhdr)                \setlength{\headheight}{14.49998pt}.
(fancyhdr)                You might also make \topmargin smaller:
(fancyhdr)                \addtolength{\topmargin}{-2.49998pt}.

[9 <./imagenes/imagen2.3.jpg>]
<./Imagenes/imagen3.1.jpg, id=145, 913.4125pt x 583.17876pt>
File: ./Imagenes/imagen3.1.jpg Graphic file (type jpg)
<use ./Imagenes/imagen3.1.jpg>
Package pdftex.def Info: ./Imagenes/imagen3.1.jpg  used on input line 327.
(pdftex.def)             Requested size: 251.79407pt x 160.75284pt.


Package fancyhdr Warning: \headheight is too small (12.0pt): 
(fancyhdr)                Make it at least 14.49998pt, for example:
(fancyhdr)                \setlength{\headheight}{14.49998pt}.
(fancyhdr)                You might also make \topmargin smaller:
(fancyhdr)                \addtolength{\topmargin}{-2.49998pt}.

[10 <./imagenes/imagen3.jpg> <./imagenes/imagen3.1.jpg>]
<./Imagenes/imagen4.jpg, id=152, 409.53pt x 349.305pt>
File: ./Imagenes/imagen4.jpg Graphic file (type jpg)
<use ./Imagenes/imagen4.jpg>
Package pdftex.def Info: ./Imagenes/imagen4.jpg  used on input line 353.
(pdftex.def)             Requested size: 251.79407pt x 214.77066pt.


Package fancyhdr Warning: \headheight is too small (12.0pt): 
(fancyhdr)                Make it at least 14.49998pt, for example:
(fancyhdr)                \setlength{\headheight}{14.49998pt}.
(fancyhdr)                You might also make \topmargin smaller:
(fancyhdr)                \addtolength{\topmargin}{-2.49998pt}.

[11 <./imagenes/imagen4.jpg>]
<./Imagenes/imagen5.jpg, id=159, 355.3275pt x 300.12125pt>
File: ./Imagenes/imagen5.jpg Graphic file (type jpg)
<use ./Imagenes/imagen5.jpg>
Package pdftex.def Info: ./Imagenes/imagen5.jpg  used on input line 375.
(pdftex.def)             Requested size: 269.49866pt x 227.62204pt.
<./Imagenes/imagen5.1.jpg, id=160, 191.21437pt x 241.65282pt>
File: ./Imagenes/imagen5.1.jpg Graphic file (type jpg)
<use ./Imagenes/imagen5.1.jpg>
Package pdftex.def Info: ./Imagenes/imagen5.1.jpg  used on input line 376.
(pdftex.def)             Requested size: 180.1179pt x 227.62204pt.
<./Imagenes/imagen5.2.jpg, id=161, 394.47375pt x 377.41pt>
File: ./Imagenes/imagen5.2.jpg Graphic file (type jpg)
<use ./Imagenes/imagen5.2.jpg>
Package pdftex.def Info: ./Imagenes/imagen5.2.jpg  used on input line 385.
(pdftex.def)             Requested size: 208.17323pt x 199.16928pt.
<./Imagenes/imagen5.3.jpg, id=162, 361.35pt x 331.2375pt>
File: ./Imagenes/imagen5.3.jpg Graphic file (type jpg)
<use ./Imagenes/imagen5.3.jpg>
Package pdftex.def Info: ./Imagenes/imagen5.3.jpg  used on input line 386.
(pdftex.def)             Requested size: 217.27483pt x 199.16928pt.


Package fancyhdr Warning: \headheight is too small (12.0pt): 
(fancyhdr)                Make it at least 14.49998pt, for example:
(fancyhdr)                \setlength{\headheight}{14.49998pt}.
(fancyhdr)                You might also make \topmargin smaller:
(fancyhdr)                \addtolength{\topmargin}{-2.49998pt}.

[12 <./imagenes/imagen5.jpg> <./imagenes/imagen5.1.jpg>]
<./Imagenes/imagen6.jpg, id=169, 263.98625pt x 309.155pt>
File: ./Imagenes/imagen6.jpg Graphic file (type jpg)
<use ./Imagenes/imagen6.jpg>
Package pdftex.def Info: ./Imagenes/imagen6.jpg  used on input line 399.
(pdftex.def)             Requested size: 137.34285pt x 160.8417pt.


Package fancyhdr Warning: \headheight is too small (12.0pt): 
(fancyhdr)                Make it at least 14.49998pt, for example:
(fancyhdr)                \setlength{\headheight}{14.49998pt}.
(fancyhdr)                You might also make \topmargin smaller:
(fancyhdr)                \addtolength{\topmargin}{-2.49998pt}.

[13 <./imagenes/imagen5.2.jpg> <./imagenes/imagen5.3.jpg> <./imagenes/imagen6.j
pg>]
<./Imagenes/imagen6.1.jpg, id=176, 303.1325pt x 359.3425pt>
File: ./Imagenes/imagen6.1.jpg Graphic file (type jpg)
<use ./Imagenes/imagen6.1.jpg>
Package pdftex.def Info: ./Imagenes/imagen6.1.jpg  used on input line 415.
(pdftex.def)             Requested size: 192.01982pt x 227.62204pt.
<./Imagenes/imagen6.2.jpg, id=177, 245.91875pt x 345.29pt>
File: ./Imagenes/imagen6.2.jpg Graphic file (type jpg)
<use ./Imagenes/imagen6.2.jpg>
Package pdftex.def Info: ./Imagenes/imagen6.2.jpg  used on input line 416.
(pdftex.def)             Requested size: 162.1155pt x 227.62204pt.
<./Imagenes/imagen6.3.jpg, id=178, 853.1875pt x 496.85625pt>
File: ./Imagenes/imagen6.3.jpg Graphic file (type jpg)
<use ./Imagenes/imagen6.3.jpg>
Package pdftex.def Info: ./Imagenes/imagen6.3.jpg  used on input line 431.
(pdftex.def)             Requested size: 366.24527pt x 213.28769pt.


Package fancyhdr Warning: \headheight is too small (12.0pt): 
(fancyhdr)                Make it at least 14.49998pt, for example:
(fancyhdr)                \setlength{\headheight}{14.49998pt}.
(fancyhdr)                You might also make \topmargin smaller:
(fancyhdr)                \addtolength{\topmargin}{-2.49998pt}.

[14 <./imagenes/imagen6.1.jpg> <./imagenes/imagen6.2.jpg>]
<./Imagenes/imagen7.jpg, id=184, 678.535pt x 269.005pt>
File: ./Imagenes/imagen7.jpg Graphic file (type jpg)
<use ./Imagenes/imagen7.jpg>
Package pdftex.def Info: ./Imagenes/imagen7.jpg  used on input line 448.
(pdftex.def)             Requested size: 366.24527pt x 145.19485pt.


Package fancyhdr Warning: \headheight is too small (12.0pt): 
(fancyhdr)                Make it at least 14.49998pt, for example:
(fancyhdr)                \setlength{\headheight}{14.49998pt}.
(fancyhdr)                You might also make \topmargin smaller:
(fancyhdr)                \addtolength{\topmargin}{-2.49998pt}.

[15 <./imagenes/imagen6.3.jpg> <./imagenes/imagen7.jpg>]
<./Imagenes/imagen7.1.jpg, id=192, 680.5425pt x 376.40625pt>
File: ./Imagenes/imagen7.1.jpg Graphic file (type jpg)
<use ./Imagenes/imagen7.1.jpg>
Package pdftex.def Info: ./Imagenes/imagen7.1.jpg  used on input line 459.
(pdftex.def)             Requested size: 366.24527pt x 202.56712pt.
<./Imagenes/imagen7.2.jpg, id=193, 689.57625pt x 354.32375pt>
File: ./Imagenes/imagen7.2.jpg Graphic file (type jpg)
<use ./Imagenes/imagen7.2.jpg>
Package pdftex.def Info: ./Imagenes/imagen7.2.jpg  used on input line 469.
(pdftex.def)             Requested size: 366.24527pt x 188.18536pt.


Package fancyhdr Warning: \headheight is too small (12.0pt): 
(fancyhdr)                Make it at least 14.49998pt, for example:
(fancyhdr)                \setlength{\headheight}{14.49998pt}.
(fancyhdr)                You might also make \topmargin smaller:
(fancyhdr)                \addtolength{\topmargin}{-2.49998pt}.

[16 <./imagenes/imagen7.1.jpg> <./imagenes/imagen7.2.jpg>]

Package fancyhdr Warning: \headheight is too small (12.0pt): 
(fancyhdr)                Make it at least 14.49998pt, for example:
(fancyhdr)                \setlength{\headheight}{14.49998pt}.
(fancyhdr)                You might also make \topmargin smaller:
(fancyhdr)                \addtolength{\topmargin}{-2.49998pt}.

[17]
<./Imagenes/fol2.jpg, id=205, 1156.32pt x 540.0175pt>
File: ./Imagenes/fol2.jpg Graphic file (type jpg)
<use ./Imagenes/fol2.jpg>
Package pdftex.def Info: ./Imagenes/fol2.jpg  used on input line 528.
(pdftex.def)             Requested size: 389.13692pt x 181.73303pt.
<./Imagenes/fol4.jpg, id=206, 433.62pt x 166.6225pt>
File: ./Imagenes/fol4.jpg Graphic file (type jpg)
<use ./Imagenes/fol4.jpg>
Package pdftex.def Info: ./Imagenes/fol4.jpg  used on input line 537.
(pdftex.def)             Requested size: 457.80486pt x 175.92491pt.


Package fancyhdr Warning: \headheight is too small (12.0pt): 
(fancyhdr)                Make it at least 14.49998pt, for example:
(fancyhdr)                \setlength{\headheight}{14.49998pt}.
(fancyhdr)                You might also make \topmargin smaller:
(fancyhdr)                \addtolength{\topmargin}{-2.49998pt}.

[18

 <./imagenes/fol2.jpg>]
<./Imagenes/fol5.jpg, id=212, 295.1025pt x 339.2675pt>
File: ./Imagenes/fol5.jpg Graphic file (type jpg)
<use ./Imagenes/fol5.jpg>
Package pdftex.def Info: ./Imagenes/fol5.jpg  used on input line 551.
(pdftex.def)             Requested size: 137.34285pt x 157.89752pt.


Package fancyhdr Warning: \headheight is too small (12.0pt): 
(fancyhdr)                Make it at least 14.49998pt, for example:
(fancyhdr)                \setlength{\headheight}{14.49998pt}.
(fancyhdr)                You might also make \topmargin smaller:
(fancyhdr)                \addtolength{\topmargin}{-2.49998pt}.

[19 <./imagenes/fol4.jpg>]
<./Imagenes/fol6.jpg, id=218, 1027.84pt x 592.2125pt>
File: ./Imagenes/fol6.jpg Graphic file (type jpg)
<use ./Imagenes/fol6.jpg>
Package pdftex.def Info: ./Imagenes/fol6.jpg  used on input line 561.
(pdftex.def)             Requested size: 274.6857pt x 158.26392pt.
<./Imagenes/fol7.jpg, id=219, 970.62625pt x 515.9275pt>
File: ./Imagenes/fol7.jpg Graphic file (type jpg)
<use ./Imagenes/fol7.jpg>
Package pdftex.def Info: ./Imagenes/fol7.jpg  used on input line 571.
(pdftex.def)             Requested size: 274.6857pt x 146.00957pt.


Package fancyhdr Warning: \headheight is too small (12.0pt): 
(fancyhdr)                Make it at least 14.49998pt, for example:
(fancyhdr)                \setlength{\headheight}{14.49998pt}.
(fancyhdr)                You might also make \topmargin smaller:
(fancyhdr)                \addtolength{\topmargin}{-2.49998pt}.

[20 <./imagenes/fol5.jpg> <./imagenes/fol6.jpg>]
<./Imagenes/fol8.jpg, id=226, 557.08125pt x 440.64626pt>
File: ./Imagenes/fol8.jpg Graphic file (type jpg)
<use ./Imagenes/fol8.jpg>
Package pdftex.def Info: ./Imagenes/fol8.jpg  used on input line 582.
(pdftex.def)             Requested size: 389.13692pt x 307.81151pt.


Package fancyhdr Warning: \headheight is too small (12.0pt): 
(fancyhdr)                Make it at least 14.49998pt, for example:
(fancyhdr)                \setlength{\headheight}{14.49998pt}.
(fancyhdr)                You might also make \topmargin smaller:
(fancyhdr)                \addtolength{\topmargin}{-2.49998pt}.

[21 <./imagenes/fol7.jpg>]
<./Imagenes/fol9.jpg, id=232, 437.635pt x 373.395pt>
File: ./Imagenes/fol9.jpg Graphic file (type jpg)
<use ./Imagenes/fol9.jpg>
Package pdftex.def Info: ./Imagenes/fol9.jpg  used on input line 591.
(pdftex.def)             Requested size: 320.46199pt x 273.42502pt.


Package fancyhdr Warning: \headheight is too small (12.0pt): 
(fancyhdr)                Make it at least 14.49998pt, for example:
(fancyhdr)                \setlength{\headheight}{14.49998pt}.
(fancyhdr)                You might also make \topmargin smaller:
(fancyhdr)                \addtolength{\topmargin}{-2.49998pt}.

[22 <./imagenes/fol8.jpg>]
<./Imagenes/fol10.jpg, id=238, 290.08376pt x 395.4775pt>
File: ./Imagenes/fol10.jpg Graphic file (type jpg)
<use ./Imagenes/fol10.jpg>
Package pdftex.def Info: ./Imagenes/fol10.jpg  used on input line 602.
(pdftex.def)             Requested size: 137.34285pt x 187.24428pt.


Package fancyhdr Warning: \headheight is too small (12.0pt): 
(fancyhdr)                Make it at least 14.49998pt, for example:
(fancyhdr)                \setlength{\headheight}{14.49998pt}.
(fancyhdr)                You might also make \topmargin smaller:
(fancyhdr)                \addtolength{\topmargin}{-2.49998pt}.

[23 <./imagenes/fol9.jpg>]
<./Imagenes/fol11.jpg, id=245, 471.7625pt x 446.66875pt>
File: ./Imagenes/fol11.jpg Graphic file (type jpg)
<use ./Imagenes/fol11.jpg>
Package pdftex.def Info: ./Imagenes/fol11.jpg  used on input line 609.
(pdftex.def)             Requested size: 274.6857pt x 260.07675pt.


Package fancyhdr Warning: \headheight is too small (12.0pt): 
(fancyhdr)                Make it at least 14.49998pt, for example:
(fancyhdr)                \setlength{\headheight}{14.49998pt}.
(fancyhdr)                You might also make \topmargin smaller:
(fancyhdr)                \addtolength{\topmargin}{-2.49998pt}.

[24 <./imagenes/fol10.jpg> <./imagenes/fol11.jpg>]
<./Imagenes/fol5.1.jpg, id=252, 589.20125pt x 361.35pt>
File: ./Imagenes/fol5.1.jpg Graphic file (type jpg)
<use ./Imagenes/fol5.1.jpg>
Package pdftex.def Info: ./Imagenes/fol5.1.jpg  used on input line 624.
(pdftex.def)             Requested size: 320.46199pt x 196.53761pt.
<./Imagenes/fol5.2.jpg, id=253, 648.4225pt x 455.7025pt>
File: ./Imagenes/fol5.2.jpg Graphic file (type jpg)
<use ./Imagenes/fol5.2.jpg>
Package pdftex.def Info: ./Imagenes/fol5.2.jpg  used on input line 633.
(pdftex.def)             Requested size: 389.13692pt x 273.48618pt.


Package fancyhdr Warning: \headheight is too small (12.0pt): 
(fancyhdr)                Make it at least 14.49998pt, for example:
(fancyhdr)                \setlength{\headheight}{14.49998pt}.
(fancyhdr)                You might also make \topmargin smaller:
(fancyhdr)                \addtolength{\topmargin}{-2.49998pt}.

[25 <./imagenes/fol5.1.jpg>]

Package fancyhdr Warning: \headheight is too small (12.0pt): 
(fancyhdr)                Make it at least 14.49998pt, for example:
(fancyhdr)                \setlength{\headheight}{14.49998pt}.
(fancyhdr)                You might also make \topmargin smaller:
(fancyhdr)                \addtolength{\topmargin}{-2.49998pt}.

[26 <./imagenes/fol5.2.jpg>]
<./Imagenes/fol7.1.jpg, id=264, 804.00375pt x 352.31625pt>
File: ./Imagenes/fol7.1.jpg Graphic file (type jpg)
<use ./Imagenes/fol7.1.jpg>
Package pdftex.def Info: ./Imagenes/fol7.1.jpg  used on input line 649.
(pdftex.def)             Requested size: 389.13692pt x 170.51836pt.
File: ./Imagenes/imagen4.jpg Graphic file (type jpg)
<use ./Imagenes/imagen4.jpg>
Package pdftex.def Info: ./Imagenes/imagen4.jpg  used on input line 654.
(pdftex.def)             Requested size: 183.11914pt x 156.19441pt.
<./Imagenes/fol8.1.jpg, id=265, 707.64375pt x 232.87pt>
File: ./Imagenes/fol8.1.jpg Graphic file (type jpg)
<use ./Imagenes/fol8.1.jpg>
Package pdftex.def Info: ./Imagenes/fol8.1.jpg  used on input line 667.
(pdftex.def)             Requested size: 453.22931pt x 149.14998pt.


Package fancyhdr Warning: \headheight is too small (12.0pt): 
(fancyhdr)                Make it at least 14.49998pt, for example:
(fancyhdr)                \setlength{\headheight}{14.49998pt}.
(fancyhdr)                You might also make \topmargin smaller:
(fancyhdr)                \addtolength{\topmargin}{-2.49998pt}.

[27 <./imagenes/fol7.1.jpg>]
<./Imagenes/fol8.2.jpg, id=272, 448.67625pt x 342.27875pt>
File: ./Imagenes/fol8.2.jpg Graphic file (type jpg)
<use ./Imagenes/fol8.2.jpg>
Package pdftex.def Info: ./Imagenes/fol8.2.jpg  used on input line 673.
(pdftex.def)             Requested size: 453.22931pt x 345.76146pt.


Package fancyhdr Warning: \headheight is too small (12.0pt): 
(fancyhdr)                Make it at least 14.49998pt, for example:
(fancyhdr)                \setlength{\headheight}{14.49998pt}.
(fancyhdr)                You might also make \topmargin smaller:
(fancyhdr)                \addtolength{\topmargin}{-2.49998pt}.

[28 <./imagenes/fol8.1.jpg> <./imagenes/fol8.2.jpg>]
<./Imagenes/fol9.2.jpg, id=279, 642.90187pt x 411.5375pt>
File: ./Imagenes/fol9.2.jpg Graphic file (type jpg)
<use ./Imagenes/fol9.2.jpg>
Package pdftex.def Info: ./Imagenes/fol9.2.jpg  used on input line 683.
(pdftex.def)             Requested size: 389.13692pt x 249.10341pt.
<./Imagenes/fol9.1.jpg, id=280, 642.90187pt x 411.5375pt>
File: ./Imagenes/fol9.1.jpg Graphic file (type jpg)
<use ./Imagenes/fol9.1.jpg>
Package pdftex.def Info: ./Imagenes/fol9.1.jpg  used on input line 690.
(pdftex.def)             Requested size: 389.13692pt x 249.10341pt.


Package fancyhdr Warning: \headheight is too small (12.0pt): 
(fancyhdr)                Make it at least 14.49998pt, for example:
(fancyhdr)                \setlength{\headheight}{14.49998pt}.
(fancyhdr)                You might also make \topmargin smaller:
(fancyhdr)                \addtolength{\topmargin}{-2.49998pt}.

[29 <./imagenes/fol9.2.jpg>]
<./Imagenes/fol9.3.jpg, id=287, 574.145pt x 319.1925pt>
File: ./Imagenes/fol9.3.jpg Graphic file (type jpg)
<use ./Imagenes/fol9.3.jpg>
Package pdftex.def Info: ./Imagenes/fol9.3.jpg  used on input line 695.
(pdftex.def)             Requested size: 389.13692pt x 216.3418pt.
<./Imagenes/fol10.1.jpg, id=288, 432.61626pt x 326.21875pt>
File: ./Imagenes/fol10.1.jpg Graphic file (type jpg)
<use ./Imagenes/fol10.1.jpg>
Package pdftex.def Info: ./Imagenes/fol10.1.jpg  used on input line 705.
(pdftex.def)             Requested size: 228.90242pt x 172.6064pt.


Package fancyhdr Warning: \headheight is too small (12.0pt): 
(fancyhdr)                Make it at least 14.49998pt, for example:
(fancyhdr)                \setlength{\headheight}{14.49998pt}.
(fancyhdr)                You might also make \topmargin smaller:
(fancyhdr)                \addtolength{\topmargin}{-2.49998pt}.

[30 <./imagenes/fol9.1.jpg> <./imagenes/fol9.3.jpg>]
<./Imagenes/fol10.2.jpg, id=295, 430.60875pt x 298.11375pt>
File: ./Imagenes/fol10.2.jpg Graphic file (type jpg)
<use ./Imagenes/fol10.2.jpg>
Package pdftex.def Info: ./Imagenes/fol10.2.jpg  used on input line 712.
(pdftex.def)             Requested size: 320.46199pt x 221.8653pt.
<./Imagenes/fol10.3.jpg, id=296, 444.66125pt x 266.9975pt>
File: ./Imagenes/fol10.3.jpg Graphic file (type jpg)
<use ./Imagenes/fol10.3.jpg>
Package pdftex.def Info: ./Imagenes/fol10.3.jpg  used on input line 717.
(pdftex.def)             Requested size: 389.13692pt x 233.65887pt.


Package fancyhdr Warning: \headheight is too small (12.0pt): 
(fancyhdr)                Make it at least 14.49998pt, for example:
(fancyhdr)                \setlength{\headheight}{14.49998pt}.
(fancyhdr)                You might also make \topmargin smaller:
(fancyhdr)                \addtolength{\topmargin}{-2.49998pt}.

[31 <./imagenes/fol10.1.jpg> <./imagenes/fol10.2.jpg>]
<./Imagenes/fol11.1.jpg, id=304, 578.16pt x 336.25626pt>
File: ./Imagenes/fol11.1.jpg Graphic file (type jpg)
<use ./Imagenes/fol11.1.jpg>
Package pdftex.def Info: ./Imagenes/fol11.1.jpg  used on input line 730.
(pdftex.def)             Requested size: 389.13692pt x 226.32182pt.


Package fancyhdr Warning: \headheight is too small (12.0pt): 
(fancyhdr)                Make it at least 14.49998pt, for example:
(fancyhdr)                \setlength{\headheight}{14.49998pt}.
(fancyhdr)                You might also make \topmargin smaller:
(fancyhdr)                \addtolength{\topmargin}{-2.49998pt}.

[32 <./imagenes/fol10.3.jpg>]
<./Imagenes/fol11.2.jpg.png, id=310, 618.31pt x 690.58pt>
File: ./Imagenes/fol11.2.jpg.png Graphic file (type png)
<use ./Imagenes/fol11.2.jpg.png>
Package pdftex.def Info: ./Imagenes/fol11.2.jpg.png  used on input line 735.
(pdftex.def)             Requested size: 274.6857pt x 306.79607pt.
<./Imagenes/fol11.3.jpg.png, id=311, 1135.24126pt x 720.6925pt>
File: ./Imagenes/fol11.3.jpg.png Graphic file (type png)
<use ./Imagenes/fol11.3.jpg.png>
Package pdftex.def Info: ./Imagenes/fol11.3.jpg.png  used on input line 742.
(pdftex.def)             Requested size: 453.22931pt x 287.72205pt.


Package fancyhdr Warning: \headheight is too small (12.0pt): 
(fancyhdr)                Make it at least 14.49998pt, for example:
(fancyhdr)                \setlength{\headheight}{14.49998pt}.
(fancyhdr)                You might also make \topmargin smaller:
(fancyhdr)                \addtolength{\topmargin}{-2.49998pt}.

[33 <./imagenes/fol11.1.jpg> <./imagenes/fol11.2.jpg.png>]

Package fancyhdr Warning: \headheight is too small (12.0pt): 
(fancyhdr)                Make it at least 14.49998pt, for example:
(fancyhdr)                \setlength{\headheight}{14.49998pt}.
(fancyhdr)                You might also make \topmargin smaller:
(fancyhdr)                \addtolength{\topmargin}{-2.49998pt}.

[34 <./imagenes/fol11.3.jpg.png>]
<./Imagenes/gird.jpg, id=323, 750.805pt x 754.82pt>
File: ./Imagenes/gird.jpg Graphic file (type jpg)
<use ./Imagenes/gird.jpg>
Package pdftex.def Info: ./Imagenes/gird.jpg  used on input line 773.
(pdftex.def)             Requested size: 228.90242pt x 230.12187pt.


Package fancyhdr Warning: \headheight is too small (12.0pt): 
(fancyhdr)                Make it at least 14.49998pt, for example:
(fancyhdr)                \setlength{\headheight}{14.49998pt}.
(fancyhdr)                You might also make \topmargin smaller:
(fancyhdr)                \addtolength{\topmargin}{-2.49998pt}.

[35

 <./imagenes/gird.jpg>]
<./Imagenes/acc.jpg, id=330, 1284.8pt x 722.7pt>
File: ./Imagenes/acc.jpg Graphic file (type jpg)
<use ./Imagenes/acc.jpg>
Package pdftex.def Info: ./Imagenes/acc.jpg  used on input line 782.
(pdftex.def)             Requested size: 228.90242pt x 128.75708pt.


Package fancyhdr Warning: \headheight is too small (12.0pt): 
(fancyhdr)                Make it at least 14.49998pt, for example:
(fancyhdr)                \setlength{\headheight}{14.49998pt}.
(fancyhdr)                You might also make \topmargin smaller:
(fancyhdr)                \addtolength{\topmargin}{-2.49998pt}.

[36 <./imagenes/acc.jpg>]

Package fancyhdr Warning: \headheight is too small (12.0pt): 
(fancyhdr)                Make it at least 14.49998pt, for example:
(fancyhdr)                \setlength{\headheight}{14.49998pt}.
(fancyhdr)                You might also make \topmargin smaller:
(fancyhdr)                \addtolength{\topmargin}{-2.49998pt}.

[37

]
LaTeX Font Info:    Font shape `OT1/ntxtlf/m/it' will be
(Font)              scaled to size 12.0pt on input line 837.
LaTeX Font Info:    Trying to load font information for OT1+ntxtt on input line
 845.

(d:/Instalar Programas/textlive/texlive/2025/texmf-dist/tex/latex/newtx/ot1ntxt
t.fd
File: ot1ntxtt.fd 2012/04/20 v3.1
)
LaTeX Font Info:    Font shape `OT1/ntxtt/m/n' will be
(Font)              scaled to size 12.0pt on input line 845.

Overfull \hbox (163.76782pt too wide) in paragraph at lines 845--846
\OT1/minntx/m/n/12 en L[]^^Pnea. Re-cu-pe-ra-do de []$\OT1/ntxtt/m/n/12 https :
 / / matematicaenlinea . com / basica-[]1 / unidad-[]1-[]ecuaciones-[]y-[]desig
ualdades /
 []


Package fancyhdr Warning: \headheight is too small (12.0pt): 
(fancyhdr)                Make it at least 14.49998pt, for example:
(fancyhdr)                \setlength{\headheight}{14.49998pt}.
(fancyhdr)                You might also make \topmargin smaller:
(fancyhdr)                \addtolength{\topmargin}{-2.49998pt}.

[38

]
<notasanexos.pdf, id=353, 614.295pt x 794.97pt>
File: notasanexos.pdf Graphic file (type pdf)
<use notasanexos.pdf>
Package pdftex.def Info: notasanexos.pdf  used on input line 860.
(pdftex.def)             Requested size: 614.29349pt x 794.96806pt.
<notasanexos.pdf, id=355, page=1, 614.295pt x 794.97pt>
File: notasanexos.pdf Graphic file (type pdf)
<use notasanexos.pdf, page 1>
Package pdftex.def Info: notasanexos.pdf , page1 used on input line 860.
(pdftex.def)             Requested size: 614.29349pt x 794.96806pt.
File: notasanexos.pdf Graphic file (type pdf)
<use notasanexos.pdf, page 1>
Package pdftex.def Info: notasanexos.pdf , page1 used on input line 860.
(pdftex.def)             Requested size: 614.58406pt x 795.3441pt.


Package fancyhdr Warning: \headheight is too small (12.0pt): 
(fancyhdr)                Make it at least 14.49998pt, for example:
(fancyhdr)                \setlength{\headheight}{14.49998pt}.
(fancyhdr)                You might also make \topmargin smaller:
(fancyhdr)                \addtolength{\topmargin}{-2.49998pt}.

[39]
File: notasanexos.pdf Graphic file (type pdf)
<use notasanexos.pdf, page 1>
Package pdftex.def Info: notasanexos.pdf , page1 used on input line 860.
(pdftex.def)             Requested size: 614.58406pt x 795.3441pt.
File: notasanexos.pdf Graphic file (type pdf)
<use notasanexos.pdf, page 1>
Package pdftex.def Info: notasanexos.pdf , page1 used on input line 860.
(pdftex.def)             Requested size: 614.58406pt x 795.3441pt.
File: notasanexos.pdf Graphic file (type pdf)
<use notasanexos.pdf, page 1>
Package pdftex.def Info: notasanexos.pdf , page1 used on input line 860.
(pdftex.def)             Requested size: 614.58406pt x 795.3441pt.
 [40

 <./notasanexos.pdf

pdfTeX warning: pdflatex.exe (file ./notasanexos.pdf): PDF inclusion: Subtype i
n Resources dict is not a name (key 'Subtype', type <stream>); ignored.
>]
<notasanexos.pdf, id=368, page=2, 614.295pt x 794.97pt>
File: notasanexos.pdf Graphic file (type pdf)
<use notasanexos.pdf, page 2>
Package pdftex.def Info: notasanexos.pdf , page2 used on input line 860.
(pdftex.def)             Requested size: 614.58406pt x 795.3441pt.
File: notasanexos.pdf Graphic file (type pdf)
<use notasanexos.pdf, page 2>
Package pdftex.def Info: notasanexos.pdf , page2 used on input line 860.
(pdftex.def)             Requested size: 614.58406pt x 795.3441pt.
File: notasanexos.pdf Graphic file (type pdf)
<use notasanexos.pdf, page 2>
Package pdftex.def Info: notasanexos.pdf , page2 used on input line 860.
(pdftex.def)             Requested size: 614.58406pt x 795.3441pt.
 [41

 <./notasanexos.pdf

pdfTeX warning: pdflatex.exe (file ./notasanexos.pdf): PDF inclusion: Subtype i
n Resources dict is not a name (key 'Subtype', type <stream>); ignored.
>] (./cuerpoinformeD.aux
LaTeX Info: Redefining \. on input line 12.
LaTeX Info: Redefining \% on input line 12.
)
 ***********
LaTeX2e <2025-11-01>
L3 programming layer <2020/03/25>
 ***********
 ) 
Here is how much of TeX's memory you used:
 22788 strings out of 467577
 423483 string characters out of 5410090
 890074 words of memory out of 5000000
 51213 multiletter control sequences out of 15000+600000
 654284 words of font info for 93 fonts, out of 8000000 for 9000
 1141 hyphenation exceptions out of 8191
 75i,17n,80p,797b,1427s stack positions out of 10000i,1000n,20000p,200000b,200000s
<d:/Instalar Programas/textlive/texlive/2025/texmf-dist/fonts/type1/public/ne
wtx/NewTXMI.pfb><d:/Instalar Programas/textlive/texlive/2025/texmf-dist/fonts/t
ype1/public/newtx/txexs.pfb><d:/Instalar Programas/textlive/texlive/2025/texmf-
dist/fonts/type1/public/newtx/txmiaX.pfb><d:/Instalar Programas/textlive/texliv
e/2025/texmf-dist/fonts/type1/public/newtx/txsym.pfb><d:/Instalar Programas/tex
tlive/texlive/2025/texmf-dist/fonts/type1/public/newtx/txsys.pfb><d:/Instalar P
rogramas/textlive/texlive/2025/texmf-dist/fonts/type1/public/txfonts/txtt.pfb><
d:/Instalar Programas/textlive/texlive/2025/texmf-dist/fonts/type1/public/newtx
/ztmb.pfb><d:/Instalar Programas/textlive/texlive/2025/texmf-dist/fonts/type1/p
ublic/newtx/ztmr.pfb><d:/Instalar Programas/textlive/texlive/2025/texmf-dist/fo
nts/type1/public/newtx/ztmri.pfb>
Output written on cuerpoinformeD.pdf (43 pages, 14887474 bytes).
PDF statistics:
 559 PDF objects out of 1000 (max. 8388607)
 437 compressed objects within 5 object streams
 128 named destinations out of 1000 (max. 500000)
 542 words of extra memory for PDF output out of 10000 (max. 10000000)

