This is pdfTeX, Version 3.141592653-2.6-1.40.28 (TeX Live 2025) (preloaded format=pdflatex 2025.11.3)  3 NOV 2025 22:35
entering extended mode
 restricted \write18 enabled.
 %&-line parsing enabled.
**investigacion2.tex
(./investigacion2.tex
LaTeX2e <2025-11-01>
L3 programming layer <2025-10-24>

(d:/Instalar Programas/textlive/texlive/2025/texmf-dist/tex/latex/base/article.
cls
Document Class: article 2025/01/22 v1.4n Standard LaTeX document class

(d:/Instalar Programas/textlive/texlive/2025/texmf-dist/tex/latex/base/size12.c
lo
File: size12.clo 2025/01/22 v1.4n Standard LaTeX file (size option)
)
\c@part=\count275
\c@section=\count276
\c@subsection=\count277
\c@subsubsection=\count278
\c@paragraph=\count279
\c@subparagraph=\count280
\c@figure=\count281
\c@table=\count282
\abovecaptionskip=\skip49
\belowcaptionskip=\skip50
\bibindent=\dimen148
)
(d:/Instalar Programas/textlive/texlive/2025/texmf-dist/tex/latex/base/inputenc
.sty
Package: inputenc 2024/02/08 v1.3d Input encoding file
\inpenc@prehook=\toks17
\inpenc@posthook=\toks18
)
(d:/Instalar Programas/textlive/texlive/2025/texmf-dist/tex/latex/base/fontenc.
sty
Package: fontenc 2025/07/18 v2.1d Standard LaTeX package
)
(d:/Instalar Programas/textlive/texlive/2025/texmf-dist/tex/generic/babel/babel
.sty
Package: babel 2025/10/22 v25.14 The multilingual framework for LuaLaTeX, pdfLa
TeX and XeLaTeX
\babel@savecnt=\count283
LaTeX Encoding Info:    Redeclaring text command \ij (encoding OT1) on input li
ne 2050.
LaTeX Encoding Info:    Redeclaring text command \IJ (encoding OT1) on input li
ne 2052.
LaTeX Encoding Info:    Redeclaring text command \ij (encoding T1) on input lin
e 2054.
LaTeX Encoding Info:    Redeclaring text command \IJ (encoding T1) on input lin
e 2055.
LaTeX Encoding Info:    Ignoring declaration for text command \ij (encoding ?) 
on input line 2056.
LaTeX Encoding Info:    Ignoring declaration for text command \IJ (encoding ?) 
on input line 2058.
LaTeX Encoding Info:    Ignoring declaration for text command \SS (encoding ?) 
on input line 2083.
\U@D=\dimen149
\l@unhyphenated=\language90

(d:/Instalar Programas/textlive/texlive/2025/texmf-dist/tex/generic/babel/txtba
bel.def)
\bbl@readstream=\read2
\bbl@dirlevel=\count284

(d:/Instalar Programas/textlive/texlive/2025/texmf-dist/tex/generic/babel/local
e/es/babel-spanish.tex)
Package babel Info: Importing font and identification data for spanish
(babel)             from babel-es.ini. Reported on input line 4295.

(d:/Instalar Programas/textlive/texlive/2025/texmf-dist/tex/generic/babel-spani
sh/spanish.ldf
Language: spanish.ldf 2021/05/27 v5.0q Spanish support from the babel system
\es@quottoks=\toks19
\es@quotdepth=\count285
Package babel Info: Making " an active character on input line 570.
Package babel Info: Making . an active character on input line 675.
Package babel Info: Making < an active character on input line 722.
Package babel Info: Making > an active character on input line 722.
))
LaTeX Encoding Info:    Redeclaring text command \guillemotleft (encoding OT1) 
on input line 7.
LaTeX Encoding Info:    Redeclaring text command \guillemotright (encoding OT1)
 on input line 7.

(d:/Instalar Programas/textlive/texlive/2025/texmf-dist/tex/latex/geometry/geom
etry.sty
Package: geometry 2020/01/02 v5.9 Page Geometry

(d:/Instalar Programas/textlive/texlive/2025/texmf-dist/tex/latex/graphics/keyv
al.sty
Package: keyval 2022/05/29 v1.15 key=value parser (DPC)
\KV@toks@=\toks20
)
(d:/Instalar Programas/textlive/texlive/2025/texmf-dist/tex/generic/iftex/ifvte
x.sty
Package: ifvtex 2019/10/25 v1.7 ifvtex legacy package. Use iftex instead.

(d:/Instalar Programas/textlive/texlive/2025/texmf-dist/tex/generic/iftex/iftex
.sty
Package: iftex 2024/12/12 v1.0g TeX engine tests
))
\Gm@cnth=\count286
\Gm@cntv=\count287
\c@Gm@tempcnt=\count288
\Gm@bindingoffset=\dimen150
\Gm@wd@mp=\dimen151
\Gm@odd@mp=\dimen152
\Gm@even@mp=\dimen153
\Gm@layoutwidth=\dimen154
\Gm@layoutheight=\dimen155
\Gm@layouthoffset=\dimen156
\Gm@layoutvoffset=\dimen157
\Gm@dimlist=\toks21
)
(d:/Instalar Programas/textlive/texlive/2025/texmf-dist/tex/latex/setspace/sets
pace.sty
Package: setspace 2022/12/04 v6.7b set line spacing
)
(d:/Instalar Programas/textlive/texlive/2025/texmf-dist/tex/latex/newtx/newtxte
xt.sty
Package: newtxtext 2024/04/01 v1.744(Michael Sharpe) latex and unicode latex su
pport for TeXGyreTermesX

`newtxtext' v1.744, 2024/04/01 Text macros taking advantage of TeXGyre Termes a
nd its extensions (msharpe)
(d:/Instalar Programas/textlive/texlive/2025/texmf-dist/tex/latex/xpatch/xpatch
.sty
(d:/Instalar Programas/textlive/texlive/2025/texmf-dist/tex/latex/l3kernel/expl
3.sty
Package: expl3 2025-10-24 L3 programming layer (loader) 

(d:/Instalar Programas/textlive/texlive/2025/texmf-dist/tex/latex/l3backend/l3b
ackend-pdftex.def
File: l3backend-pdftex.def 2025-10-09 L3 backend support: PDF output (pdfTeX)
\l__color_backend_stack_int=\count289
))
Package: xpatch 2020/03/25 v0.3a Extending etoolbox patching commands

(d:/Instalar Programas/textlive/texlive/2025/texmf-dist/tex/latex/l3packages/xp
arse/xparse.sty
Package: xparse 2025-10-09 L3 Experimental document command parser
)
(d:/Instalar Programas/textlive/texlive/2025/texmf-dist/tex/latex/etoolbox/etoo
lbox.sty
Package: etoolbox 2025/10/02 v2.5m e-TeX tools for LaTeX (JAW)
\etb@tempcnta=\count290
))
(d:/Instalar Programas/textlive/texlive/2025/texmf-dist/tex/latex/xcolor/xcolor
.sty
Package: xcolor 2024/09/29 v3.02 LaTeX color extensions (UK)

(d:/Instalar Programas/textlive/texlive/2025/texmf-dist/tex/latex/graphics-cfg/
color.cfg
File: color.cfg 2016/01/02 v1.6 sample color configuration
)
Package xcolor Info: Driver file: pdftex.def on input line 274.

(d:/Instalar Programas/textlive/texlive/2025/texmf-dist/tex/latex/graphics-def/
pdftex.def
File: pdftex.def 2025/09/29 v1.2d Graphics/color driver for pdftex
)
(d:/Instalar Programas/textlive/texlive/2025/texmf-dist/tex/latex/graphics/math
color.ltx)
Package xcolor Info: Model `cmy' substituted by `cmy0' on input line 1349.
Package xcolor Info: Model `hsb' substituted by `rgb' on input line 1353.
Package xcolor Info: Model `RGB' extended on input line 1365.
Package xcolor Info: Model `HTML' substituted by `rgb' on input line 1367.
Package xcolor Info: Model `Hsb' substituted by `hsb' on input line 1368.
Package xcolor Info: Model `tHsb' substituted by `hsb' on input line 1369.
Package xcolor Info: Model `HSB' substituted by `hsb' on input line 1370.
Package xcolor Info: Model `Gray' substituted by `gray' on input line 1371.
Package xcolor Info: Model `wave' substituted by `hsb' on input line 1372.
)
(d:/Instalar Programas/textlive/texlive/2025/texmf-dist/tex/latex/xkeyval/xkeyv
al.sty
Package: xkeyval 2022/06/16 v2.9 package option processing (HA)

(d:/Instalar Programas/textlive/texlive/2025/texmf-dist/tex/generic/xkeyval/xke
yval.tex
(d:/Instalar Programas/textlive/texlive/2025/texmf-dist/tex/generic/xkeyval/xkv
utils.tex
\XKV@toks=\toks22
\XKV@tempa@toks=\toks23
)
\XKV@depth=\count291
File: xkeyval.tex 2014/12/03 v2.7a key=value parser (HA)
))
(d:/Instalar Programas/textlive/texlive/2025/texmf-dist/tex/latex/base/textcomp
.sty
Package: textcomp 2024/04/24 v2.1b Standard LaTeX package
)
(d:/Instalar Programas/textlive/texlive/2025/texmf-dist/tex/generic/xstring/xst
ring.sty
(d:/Instalar Programas/textlive/texlive/2025/texmf-dist/tex/generic/xstring/xst
ring.tex
\xs_counta=\count292
\xs_countb=\count293
)
Package: xstring 2023/08/22 v1.86 String manipulations (CT)
)
(d:/Instalar Programas/textlive/texlive/2025/texmf-dist/tex/latex/base/ifthen.s
ty
Package: ifthen 2024/03/16 v1.1e Standard LaTeX ifthen package (DPC)
)
(d:/Instalar Programas/textlive/texlive/2025/texmf-dist/tex/latex/carlisle/scal
efnt.sty)
LaTeX Font Info:    Setting ntxLF sub-encoding to TS1/0 on input line 24.
LaTeX Font Info:    Setting ntxTLF sub-encoding to TS1/0 on input line 24.
LaTeX Font Info:    Setting ntxOsF sub-encoding to TS1/0 on input line 24.
LaTeX Font Info:    Setting ntxTOsF sub-encoding to TS1/0 on input line 24.

(d:/Instalar Programas/textlive/texlive/2025/texmf-dist/tex/generic/kastrup/bin
hex.tex)
\ntx@tmpcnta=\count294
\ntx@cnt=\count295

(d:/Instalar Programas/textlive/texlive/2025/texmf-dist/tex/latex/fontaxes/font
axes.sty
Package: fontaxes 2025-05-24 v2.0.1 Font selection axes (deprecated)

(d:/Instalar Programas/textlive/texlive/2025/texmf-dist/tex/latex/figureversion
s/figureversions.sty
Package: figureversions 2025-04-29 v1.0.1 Figure versions
))
\tx@sixem=\dimen158
\tx@y=\dimen159
\tx@x=\dimen160
\tx@tmpdima=\dimen161
\tx@tmpdimb=\dimen162
\tx@tmpdimc=\dimen163
\tx@tmpdimd=\dimen164
\tx@tmpdime=\dimen165
\tx@tmpdimf=\dimen166
\tx@dimA=\dimen167
\tx@dimAA=\dimen168
\tx@dimB=\dimen169
\tx@dimBB=\dimen170
\tx@dimC=\dimen171
LaTeX Info: Redefining \oldstylenums on input line 902.
)
(d:/Instalar Programas/textlive/texlive/2025/texmf-dist/tex/latex/newtx/newtxma
th.sty
Package: newtxmath 2024/09/22 v1.754

`newtxmath' v1.754, 2024/09/22 Math macros based originally on txfonts (msharpe
)
(d:/Instalar Programas/textlive/texlive/2025/texmf-dist/tex/latex/amsmath/amsma
th.sty
Package: amsmath 2025/07/09 v2.17z AMS math features
\@mathmargin=\skip51

For additional information on amsmath, use the `?' option.

(d:/Instalar Programas/textlive/texlive/2025/texmf-dist/tex/latex/amsmath/amste
xt.sty
Package: amstext 2024/11/17 v2.01 AMS text

(d:/Instalar Programas/textlive/texlive/2025/texmf-dist/tex/latex/amsmath/amsge
n.sty
File: amsgen.sty 1999/11/30 v2.0 generic functions
\@emptytoks=\toks24
\ex@=\dimen172
))
(d:/Instalar Programas/textlive/texlive/2025/texmf-dist/tex/latex/amsmath/amsbs
y.sty
Package: amsbsy 1999/11/29 v1.2d Bold Symbols
\pmbraise@=\dimen173
)
(d:/Instalar Programas/textlive/texlive/2025/texmf-dist/tex/latex/amsmath/amsop
n.sty
Package: amsopn 2022/04/08 v2.04 operator names
)
\inf@bad=\count296
LaTeX Info: Redefining \frac on input line 233.
\uproot@=\count297
\leftroot@=\count298
LaTeX Info: Redefining \overline on input line 398.
LaTeX Info: Redefining \colon on input line 409.
\classnum@=\count299
\DOTSCASE@=\count300
LaTeX Info: Redefining \ldots on input line 495.
LaTeX Info: Redefining \dots on input line 498.
LaTeX Info: Redefining \cdots on input line 619.
\Mathstrutbox@=\box53
\strutbox@=\box54
LaTeX Info: Redefining \big on input line 721.
LaTeX Info: Redefining \Big on input line 722.
LaTeX Info: Redefining \bigg on input line 723.
LaTeX Info: Redefining \Bigg on input line 724.
\big@size=\dimen174
LaTeX Font Info:    Redeclaring font encoding OML on input line 742.
LaTeX Font Info:    Redeclaring font encoding OMS on input line 743.
\macc@depth=\count301
LaTeX Info: Redefining \bmod on input line 904.
LaTeX Info: Redefining \pmod on input line 909.
LaTeX Info: Redefining \smash on input line 939.
LaTeX Info: Redefining \relbar on input line 969.
LaTeX Info: Redefining \Relbar on input line 970.
\c@MaxMatrixCols=\count302
\dotsspace@=\muskip17
\c@parentequation=\count303
\dspbrk@lvl=\count304
\tag@help=\toks25
\row@=\count305
\column@=\count306
\maxfields@=\count307
\andhelp@=\toks26
\eqnshift@=\dimen175
\alignsep@=\dimen176
\tagshift@=\dimen177
\tagwidth@=\dimen178
\totwidth@=\dimen179
\lineht@=\dimen180
\@envbody=\toks27
\multlinegap=\skip52
\multlinetaggap=\skip53
\mathdisplay@stack=\toks28
LaTeX Info: Redefining \[ on input line 2950.
LaTeX Info: Redefining \] on input line 2951.
)
(d:/Instalar Programas/textlive/texlive/2025/texmf-dist/tex/latex/oberdiek/cent
ernot.sty
Package: centernot 2016/05/16 v1.4 Centers the not symbol horizontally (HO)
)
\tx@cntz=\count308

(d:/Instalar Programas/textlive/texlive/2025/texmf-dist/tex/generic/kastrup/bin
hex.tex)
\tx@Isdigit=\count309
\tx@IsAlNum=\count310
\tx@tA=\toks29
\tx@tB=\toks30
\tx@su=\read3

amsthm NOT loaded
LaTeX Font Info:    Redeclaring symbol font `operators' on input line 402.
LaTeX Font Info:    Overwriting symbol font `operators' in version `normal'
(Font)                  OT1/cmr/m/n --> OT1/minntx/m/n on input line 402.
LaTeX Font Info:    Overwriting symbol font `operators' in version `bold'
(Font)                  OT1/cmr/bx/n --> OT1/minntx/m/n on input line 402.
LaTeX Font Info:    Overwriting symbol font `operators' in version `bold'
(Font)                  OT1/minntx/m/n --> OT1/minntx/b/n on input line 403.
LaTeX Font Info:    Redeclaring math alphabet \mathsf on input line 410.
LaTeX Font Info:    Overwriting math alphabet `\mathsf' in version `normal'
(Font)                  OT1/cmss/m/n --> OT1/qhv/m/n on input line 410.
LaTeX Font Info:    Overwriting math alphabet `\mathsf' in version `bold'
(Font)                  OT1/cmss/bx/n --> OT1/qhv/m/n on input line 410.
LaTeX Font Info:    Overwriting math alphabet `\mathsf' in version `bold'
(Font)                  OT1/qhv/m/n --> OT1/qhv/b/n on input line 412.
LaTeX Font Info:    Redeclaring math alphabet \mathit on input line 419.
LaTeX Font Info:    Overwriting math alphabet `\mathit' in version `normal'
(Font)                  OT1/cmr/m/it --> OT1/minntx/m/it on input line 419.
LaTeX Font Info:    Overwriting math alphabet `\mathit' in version `bold'
(Font)                  OT1/cmr/bx/it --> OT1/minntx/m/it on input line 419.
LaTeX Font Info:    Redeclaring math alphabet \mathtt on input line 420.
LaTeX Font Info:    Overwriting math alphabet `\mathtt' in version `normal'
(Font)                  OT1/cmtt/m/n --> T1/ntxtt/m/n on input line 420.
LaTeX Font Info:    Overwriting math alphabet `\mathtt' in version `bold'
(Font)                  OT1/cmtt/m/n --> T1/ntxtt/m/n on input line 420.
LaTeX Font Info:    Redeclaring math alphabet \mathbf on input line 422.
LaTeX Font Info:    Overwriting math alphabet `\mathbf' in version `normal'
(Font)                  OT1/cmr/bx/n --> OT1/minntx/b/n on input line 422.
LaTeX Font Info:    Overwriting math alphabet `\mathbf' in version `bold'
(Font)                  OT1/cmr/bx/n --> OT1/minntx/b/n on input line 422.
LaTeX Font Info:    Overwriting math alphabet `\mathit' in version `bold'
(Font)                  OT1/minntx/m/it --> OT1/minntx/b/it on input line 423.
LaTeX Font Info:    Overwriting math alphabet `\mathtt' in version `bold'
(Font)                  T1/ntxtt/m/n --> T1/ntxtt/b/n on input line 426.
LaTeX Font Info:    Redeclaring symbol font `letters' on input line 534.
LaTeX Font Info:    Overwriting symbol font `letters' in version `normal'
(Font)                  OML/cmm/m/it --> OML/ntxmi/m/it on input line 534.
LaTeX Font Info:    Overwriting symbol font `letters' in version `bold'
(Font)                  OML/cmm/b/it --> OML/ntxmi/m/it on input line 534.
LaTeX Font Info:    Overwriting symbol font `letters' in version `bold'
(Font)                  OML/ntxmi/m/it --> OML/ntxmi/b/it on input line 535.
\symlettersA=\mathgroup4
LaTeX Font Info:    Overwriting symbol font `lettersA' in version `bold'
(Font)                  U/ntxmia/m/it --> U/ntxmia/b/it on input line 582.
Now handling font encoding LMS ...
... no UTF-8 mapping file for font encoding LMS
LaTeX Font Info:    Redeclaring symbol font `symbols' on input line 604.
LaTeX Font Info:    Encoding `OMS' has changed to `LMS' for symbol font
(Font)              `symbols' in the math version `normal' on input line 604.
LaTeX Font Info:    Overwriting symbol font `symbols' in version `normal'
(Font)                  OMS/cmsy/m/n --> LMS/ntxsy/m/n on input line 604.
LaTeX Font Info:    Encoding `OMS' has changed to `LMS' for symbol font
(Font)              `symbols' in the math version `bold' on input line 604.
LaTeX Font Info:    Overwriting symbol font `symbols' in version `bold'
(Font)                  OMS/cmsy/b/n --> LMS/ntxsy/m/n on input line 604.
LaTeX Font Info:    Overwriting symbol font `symbols' in version `bold'
(Font)                  LMS/ntxsy/m/n --> LMS/ntxsy/b/n on input line 605.
\symAMSm=\mathgroup5
LaTeX Font Info:    Overwriting symbol font `AMSm' in version `bold'
(Font)                  U/ntxsym/m/n --> U/ntxsym/b/n on input line 630.
\symsymbolsC=\mathgroup6
LaTeX Font Info:    Overwriting symbol font `symbolsC' in version `bold'
(Font)                  U/ntxsyc/m/n --> U/ntxsyc/b/n on input line 651.
Now handling font encoding LMX ...
... no UTF-8 mapping file for font encoding LMX
LaTeX Font Info:    Redeclaring symbol font `largesymbols' on input line 664.
LaTeX Font Info:    Encoding `OMX' has changed to `LMX' for symbol font
(Font)              `largesymbols' in the math version `normal' on input line 6
64.
LaTeX Font Info:    Overwriting symbol font `largesymbols' in version `normal'
(Font)                  OMX/cmex/m/n --> LMX/ntxexx/m/n on input line 664.
LaTeX Font Info:    Encoding `OMX' has changed to `LMX' for symbol font
(Font)              `largesymbols' in the math version `bold' on input line 664
.
LaTeX Font Info:    Overwriting symbol font `largesymbols' in version `bold'
(Font)                  OMX/cmex/m/n --> LMX/ntxexx/m/n on input line 664.
LaTeX Font Info:    Overwriting symbol font `largesymbols' in version `bold'
(Font)                  LMX/ntxexx/m/n --> LMX/ntxexx/b/n on input line 665.
\symlargesymbolsTXA=\mathgroup7
LaTeX Font Info:    Overwriting symbol font `largesymbolsTXA' in version `bold'

(Font)                  U/ntxexa/m/n --> U/ntxexa/b/n on input line 679.
\tx@sbptoks=\toks31
LaTeX Font Info:    Redeclaring math delimiter \lfloor on input line 902.
LaTeX Font Info:    Redeclaring math delimiter \rfloor on input line 903.
LaTeX Font Info:    Redeclaring math delimiter \lceil on input line 904.
LaTeX Font Info:    Redeclaring math delimiter \rceil on input line 905.
LaTeX Font Info:    Redeclaring math delimiter \lbrace on input line 910.
LaTeX Font Info:    Redeclaring math delimiter \rbrace on input line 911.
LaTeX Font Info:    Redeclaring math delimiter \langle on input line 913.
LaTeX Font Info:    Redeclaring math delimiter \rangle on input line 915.
LaTeX Font Info:    Redeclaring math delimiter \arrowvert on input line 919.
LaTeX Font Info:    Redeclaring math delimiter \vert on input line 920.
LaTeX Font Info:    Redeclaring math symbol \hbar on input line 966.
LaTeX Font Info:    Redeclaring math accent \dot on input line 991.
LaTeX Font Info:    Redeclaring math accent \ddot on input line 992.
LaTeX Font Info:    Redeclaring math accent \vec on input line 2057.
LaTeX Info: Redefining \Bbbk on input line 2847.
LaTeX Info: Redefining \not on input line 2995.
)
(d:/Instalar Programas/textlive/texlive/2025/texmf-dist/tex/latex/titlesec/titl
esec.sty
Package: titlesec 2025/01/04 v2.17 Sectioning titles
\ttl@box=\box55
\beforetitleunit=\skip54
\aftertitleunit=\skip55
\ttl@plus=\dimen181
\ttl@minus=\dimen182
\ttl@toksa=\toks32
\titlewidth=\dimen183
\titlewidthlast=\dimen184
\titlewidthfirst=\dimen185
)
(d:/Instalar Programas/textlive/texlive/2025/texmf-dist/tex/latex/lipsum/lipsum
.sty
(d:/Instalar Programas/textlive/texlive/2025/texmf-dist/tex/latex/l3packages/l3
keys2e/l3keys2e.sty
Package: l3keys2e 2025-10-09 LaTeX2e option processing using LaTeX3 keys
)
Package: lipsum 2021-09-20 v2.7 150 paragraphs of Lorem Ipsum dummy text
\g__lipsum_par_int=\count311
\l__lipsum_a_int=\count312
\l__lipsum_b_int=\count313

(d:/Instalar Programas/textlive/texlive/2025/texmf-dist/tex/latex/lipsum/lipsum
.ltd.tex))
(d:/Instalar Programas/textlive/texlive/2025/texmf-dist/tex/latex/mathtools/mat
htools.sty
Package: mathtools 2024/10/04 v1.31 mathematical typesetting tools

(d:/Instalar Programas/textlive/texlive/2025/texmf-dist/tex/latex/tools/calc.st
y
Package: calc 2025/03/01 v4.3b Infix arithmetic (KKT,FJ)
\calc@Acount=\count314
\calc@Bcount=\count315
\calc@Adimen=\dimen186
\calc@Bdimen=\dimen187
\calc@Askip=\skip56
\calc@Bskip=\skip57
LaTeX Info: Redefining \setlength on input line 86.
LaTeX Info: Redefining \addtolength on input line 87.
\calc@Ccount=\count316
\calc@Cskip=\skip58
)
(d:/Instalar Programas/textlive/texlive/2025/texmf-dist/tex/latex/mathtools/mhs
etup.sty
Package: mhsetup 2021/03/18 v1.4 programming setup (MH)
)
\g_MT_multlinerow_int=\count317
\l_MT_multwidth_dim=\dimen188
\origjot=\skip59
\l_MT_shortvdotswithinadjustabove_dim=\dimen189
\l_MT_shortvdotswithinadjustbelow_dim=\dimen190
\l_MT_above_intertext_sep=\dimen191
\l_MT_below_intertext_sep=\dimen192
\l_MT_above_shortintertext_sep=\dimen193
\l_MT_below_shortintertext_sep=\dimen194
\xmathstrut@box=\box56
\xmathstrut@dim=\dimen195
)
(d:/Instalar Programas/textlive/texlive/2025/texmf-dist/tex/latex/tools/bm.sty
Package: bm 2025/10/21 v1.2g Bold Symbol Support (DPC/FMi)
\symboldoperators=\mathgroup8
\symboldletters=\mathgroup9
\symboldsymbols=\mathgroup10
\symboldlargesymbols=\mathgroup11
LaTeX Font Info:    Redeclaring math alphabet \mathbf on input line 149.
)
   defining Unicode char U+2265 (decimal 8805)
   defining Unicode char U+2264 (decimal 8804)

(d:/Instalar Programas/textlive/texlive/2025/texmf-dist/tex/latex/tools/tabular
x.sty
Package: tabularx 2023/12/11 v2.12a `tabularx' package (DPC)

(d:/Instalar Programas/textlive/texlive/2025/texmf-dist/tex/latex/tools/array.s
ty
Package: array 2025/09/25 v2.6n Tabular extension package (FMi)
\col@sep=\dimen196
\ar@mcellbox=\box57
\extrarowheight=\dimen197
\NC@list=\toks33
\extratabsurround=\skip60
\backup@length=\skip61
\ar@cellbox=\box58
)
\TX@col@width=\dimen198
\TX@old@table=\dimen199
\TX@old@col=\dimen256
\TX@target=\dimen257
\TX@delta=\dimen258
\TX@cols=\count318
\TX@ftn=\toks34
)
(d:/Instalar Programas/textlive/texlive/2025/texmf-dist/tex/latex/booktabs/book
tabs.sty
Package: booktabs 2020/01/12 v1.61803398 Publication quality tables
\heavyrulewidth=\dimen259
\lightrulewidth=\dimen260
\cmidrulewidth=\dimen261
\belowrulesep=\dimen262
\belowbottomsep=\dimen263
\aboverulesep=\dimen264
\abovetopsep=\dimen265
\cmidrulesep=\dimen266
\cmidrulekern=\dimen267
\defaultaddspace=\dimen268
\@cmidla=\count319
\@cmidlb=\count320
\@aboverulesep=\dimen269
\@belowrulesep=\dimen270
\@thisruleclass=\count321
\@lastruleclass=\count322
\@thisrulewidth=\dimen271
)
(d:/Instalar Programas/textlive/texlive/2025/texmf-dist/tex/latex/multirow/mult
irow.sty
Package: multirow 2024/11/12 v2.9 Span multiple rows of a table
\multirow@colwidth=\skip62
\multirow@cntb=\count323
\multirow@dima=\skip63
\bigstrutjot=\dimen272
)
(d:/Instalar Programas/textlive/texlive/2025/texmf-dist/tex/latex/tools/longtab
le.sty
Package: longtable 2025-10-13 v4.24 Multi-page Table package (DPC)
\LTleft=\skip64
\LTright=\skip65
\LTpre=\skip66
\LTpost=\skip67
\LTchunksize=\count324
\LTcapwidth=\dimen273
\LT@head=\box59
\LT@firsthead=\box60
\LT@foot=\box61
\LT@lastfoot=\box62
\LT@gbox=\box63
\LT@cols=\count325
\LT@rows=\count326
\c@LT@tables=\count327
\c@LT@chunks=\count328
\LT@p@ftn=\toks35
)
(d:/Instalar Programas/textlive/texlive/2025/texmf-dist/tex/latex/enumitem/enum
item.sty
Package: enumitem 2025/02/06 v3.11 Customized lists
\labelindent=\skip68
\enit@outerparindent=\dimen274
\enit@toks=\toks36
\enit@inbox=\box64
\enit@count@id=\count329
\enitdp@description=\count330
)
(d:/Instalar Programas/textlive/texlive/2025/texmf-dist/tex/latex/graphics/grap
hicx.sty
Package: graphicx 2024/12/31 v1.2e Enhanced LaTeX Graphics (DPC,SPQR)

(d:/Instalar Programas/textlive/texlive/2025/texmf-dist/tex/latex/graphics/grap
hics.sty
Package: graphics 2024/08/06 v1.4g Standard LaTeX Graphics (DPC,SPQR)

(d:/Instalar Programas/textlive/texlive/2025/texmf-dist/tex/latex/graphics/trig
.sty
Package: trig 2023/12/02 v1.11 sin cos tan (DPC)
)
(d:/Instalar Programas/textlive/texlive/2025/texmf-dist/tex/latex/graphics-cfg/
graphics.cfg
File: graphics.cfg 2016/06/04 v1.11 sample graphics configuration
)
Package graphics Info: Driver file: pdftex.def on input line 106.
)
\Gin@req@height=\dimen275
\Gin@req@width=\dimen276
)
(d:/Instalar Programas/textlive/texlive/2025/texmf-dist/tex/latex/float/float.s
ty
Package: float 2001/11/08 v1.3d Float enhancements (AL)
\c@float@type=\count331
\float@exts=\toks37
\float@box=\box65
\@float@everytoks=\toks38
\@floatcapt=\box66
)
(d:/Instalar Programas/textlive/texlive/2025/texmf-dist/tex/latex/hyperref/hype
rref.sty
Package: hyperref 2025-07-12 v7.01o Hypertext links for LaTeX

(d:/Instalar Programas/textlive/texlive/2025/texmf-dist/tex/latex/kvsetkeys/kvs
etkeys.sty
Package: kvsetkeys 2022-10-05 v1.19 Key value parser (HO)
)
(d:/Instalar Programas/textlive/texlive/2025/texmf-dist/tex/generic/kvdefinekey
s/kvdefinekeys.sty
Package: kvdefinekeys 2019-12-19 v1.6 Define keys (HO)
)
(d:/Instalar Programas/textlive/texlive/2025/texmf-dist/tex/generic/pdfescape/p
dfescape.sty
Package: pdfescape 2019/12/09 v1.15 Implements pdfTeX's escape features (HO)

(d:/Instalar Programas/textlive/texlive/2025/texmf-dist/tex/generic/ltxcmds/ltx
cmds.sty
Package: ltxcmds 2023-12-04 v1.26 LaTeX kernel commands for general use (HO)
)
(d:/Instalar Programas/textlive/texlive/2025/texmf-dist/tex/generic/pdftexcmds/
pdftexcmds.sty
Package: pdftexcmds 2020-06-27 v0.33 Utility functions of pdfTeX for LuaTeX (HO
)

(d:/Instalar Programas/textlive/texlive/2025/texmf-dist/tex/generic/infwarerr/i
nfwarerr.sty
Package: infwarerr 2019/12/03 v1.5 Providing info/warning/error messages (HO)
)
Package pdftexcmds Info: \pdf@primitive is available.
Package pdftexcmds Info: \pdf@ifprimitive is available.
Package pdftexcmds Info: \pdfdraftmode found.
))
(d:/Instalar Programas/textlive/texlive/2025/texmf-dist/tex/latex/hycolor/hycol
or.sty
Package: hycolor 2020-01-27 v1.10 Color options for hyperref/bookmark (HO)
)
(d:/Instalar Programas/textlive/texlive/2025/texmf-dist/tex/latex/hyperref/name
ref.sty
Package: nameref 2025-06-21 v2.57 Cross-referencing by name of section

(d:/Instalar Programas/textlive/texlive/2025/texmf-dist/tex/latex/refcount/refc
ount.sty
Package: refcount 2019/12/15 v3.6 Data extraction from label references (HO)
)
(d:/Instalar Programas/textlive/texlive/2025/texmf-dist/tex/generic/gettitlestr
ing/gettitlestring.sty
Package: gettitlestring 2019/12/15 v1.6 Cleanup title references (HO)

(d:/Instalar Programas/textlive/texlive/2025/texmf-dist/tex/latex/kvoptions/kvo
ptions.sty
Package: kvoptions 2022-06-15 v3.15 Key value format for package options (HO)
))
\c@section@level=\count332
)
(d:/Instalar Programas/textlive/texlive/2025/texmf-dist/tex/generic/stringenc/s
tringenc.sty
Package: stringenc 2019/11/29 v1.12 Convert strings between diff. encodings (HO
)
)
\@linkdim=\dimen277
\Hy@linkcounter=\count333
\Hy@pagecounter=\count334

(d:/Instalar Programas/textlive/texlive/2025/texmf-dist/tex/latex/hyperref/pd1e
nc.def
File: pd1enc.def 2025-07-12 v7.01o Hyperref: PDFDocEncoding definition (HO)
Now handling font encoding PD1 ...
... no UTF-8 mapping file for font encoding PD1
)
(d:/Instalar Programas/textlive/texlive/2025/texmf-dist/tex/generic/intcalc/int
calc.sty
Package: intcalc 2019/12/15 v1.3 Expandable calculations with integers (HO)
)
\Hy@SavedSpaceFactor=\count335

(d:/Instalar Programas/textlive/texlive/2025/texmf-dist/tex/latex/hyperref/puen
c.def
File: puenc.def 2025-07-12 v7.01o Hyperref: PDF Unicode definition (HO)
Now handling font encoding PU ...
... no UTF-8 mapping file for font encoding PU
)
Package hyperref Info: Hyper figures OFF on input line 4195.
Package hyperref Info: Link nesting OFF on input line 4200.
Package hyperref Info: Hyper index ON on input line 4203.
Package hyperref Info: Plain pages OFF on input line 4210.
Package hyperref Info: Backreferencing OFF on input line 4215.
Package hyperref Info: Implicit mode ON; LaTeX internals redefined.
Package hyperref Info: Bookmarks ON on input line 4462.
\c@Hy@tempcnt=\count336

(d:/Instalar Programas/textlive/texlive/2025/texmf-dist/tex/latex/url/url.sty
\Urlmuskip=\muskip18
Package: url 2013/09/16  ver 3.4  Verb mode for urls, etc.
)
LaTeX Info: Redefining \url on input line 4801.
\XeTeXLinkMargin=\dimen278

(d:/Instalar Programas/textlive/texlive/2025/texmf-dist/tex/generic/bitset/bits
et.sty
Package: bitset 2019/12/09 v1.3 Handle bit-vector datatype (HO)

(d:/Instalar Programas/textlive/texlive/2025/texmf-dist/tex/generic/bigintcalc/
bigintcalc.sty
Package: bigintcalc 2019/12/15 v1.5 Expandable calculations on big integers (HO
)
))
\Fld@menulength=\count337
\Field@Width=\dimen279
\Fld@charsize=\dimen280
Package hyperref Info: Hyper figures OFF on input line 6078.
Package hyperref Info: Link nesting OFF on input line 6083.
Package hyperref Info: Hyper index ON on input line 6086.
Package hyperref Info: backreferencing OFF on input line 6093.
Package hyperref Info: Link coloring OFF on input line 6098.
Package hyperref Info: Link coloring with OCG OFF on input line 6103.
Package hyperref Info: PDF/A mode OFF on input line 6108.
\Hy@abspage=\count338
\c@Item=\count339
\c@Hfootnote=\count340
)
Package hyperref Info: Driver (autodetected): hpdftex.

(d:/Instalar Programas/textlive/texlive/2025/texmf-dist/tex/latex/hyperref/hpdf
tex.def
File: hpdftex.def 2025-07-12 v7.01o Hyperref driver for pdfTeX
\Fld@listcount=\count341
\c@bookmark@seq@number=\count342

(d:/Instalar Programas/textlive/texlive/2025/texmf-dist/tex/latex/rerunfilechec
k/rerunfilecheck.sty
Package: rerunfilecheck 2025-06-21 v1.11 Rerun checks for auxiliary files (HO)

(d:/Instalar Programas/textlive/texlive/2025/texmf-dist/tex/generic/uniquecount
er/uniquecounter.sty
Package: uniquecounter 2019/12/15 v1.4 Provide unlimited unique counter (HO)
)
Package uniquecounter Info: New unique counter `rerunfilecheck' on input line 2
84.
)
\Hy@SectionHShift=\skip69
)
(d:/Instalar Programas/textlive/texlive/2025/texmf-dist/tex/latex/pdfpages/pdfp
ages.sty
Package: pdfpages 2025/07/23 v0.6g Insert pages of external PDF documents (AM)

(d:/Instalar Programas/textlive/texlive/2025/texmf-dist/tex/latex/eso-pic/eso-p
ic.sty
Package: eso-pic 2023/05/03 v3.0c eso-pic (RN)
\ESO@tempdima=\dimen281
\ESO@tempdimb=\dimen282
)
\AM@pagewidth=\dimen283
\AM@pageheight=\dimen284
\AM@fboxrule=\dimen285

(d:/Instalar Programas/textlive/texlive/2025/texmf-dist/tex/latex/pdfpages/pppd
ftex.def
File: pppdftex.def 2025/07/23 v0.6g Pdfpages driver for pdfTeX (AM)
)
\pdfpages@includegraphics@status=\count343
\AM@pagebox=\box67
\AM@global@opts=\toks39
\AM@pagecnt=\count344
\AM@toc@title=\toks40
\AM@lof@heading=\toks41
\c@AM@survey=\count345
\AM@templatesizebox=\box68
)
(d:/Instalar Programas/textlive/texlive/2025/texmf-dist/tex/latex/comment/comme
nt.sty
\CommentStream=\write3
 Excluding comment 'comment')
\c@intro=\count346
 Excluding 'comment' comment.
Excluding 'comment' comment.
LaTeX Font Info:    Trying to load font information for T1+ntxtlf on input line
 81.

(d:/Instalar Programas/textlive/texlive/2025/texmf-dist/tex/latex/newtx/t1ntxtl
f.fd
File: t1ntxtlf.fd 2021/05/24 v1.1 font definition file for T1/ntx/tlf
)
LaTeX Font Info:    Font shape `T1/ntxtlf/m/n' will be
(Font)              scaled to size 12.0pt on input line 81.
 (./investigacion2.aux
LaTeX Info: Redefining \. on input line 11.
LaTeX Info: Redefining \% on input line 11.
Package babel Info: 'spanish' activates 'spanish' shorthands.
(babel)             Reported on input line 11.
)
\openout1 = `investigacion2.aux'.

LaTeX Font Info:    Checking defaults for OML/ntxmi/m/it on input line 81.
LaTeX Font Info:    Trying to load font information for OML+ntxmi on input line
 81.

(d:/Instalar Programas/textlive/texlive/2025/texmf-dist/tex/latex/newtx/omlntxm
i.fd
File: omlntxmi.fd 2015/08/25 Fontinst v1.933 font definitions for OML/ntxmi.
)
LaTeX Font Info:    ... okay on input line 81.
LaTeX Font Info:    Checking defaults for OMS/cmsy/m/n on input line 81.
LaTeX Font Info:    ... okay on input line 81.
LaTeX Font Info:    Checking defaults for OT1/cmr/m/n on input line 81.
LaTeX Font Info:    ... okay on input line 81.
LaTeX Font Info:    Checking defaults for T1/cmr/m/n on input line 81.
LaTeX Font Info:    ... okay on input line 81.
LaTeX Font Info:    Checking defaults for TS1/cmr/m/n on input line 81.
LaTeX Font Info:    ... okay on input line 81.
LaTeX Font Info:    Checking defaults for OMX/cmex/m/n on input line 81.
LaTeX Font Info:    ... okay on input line 81.
LaTeX Font Info:    Checking defaults for U/ntxexa/m/n on input line 81.
LaTeX Font Info:    Trying to load font information for U+ntxexa on input line 
81.

(d:/Instalar Programas/textlive/texlive/2025/texmf-dist/tex/latex/newtx/untxexa
.fd
File: untxexa.fd 2012/04/16 Fontinst v1.933 font definitions for U/ntxexa.
)
LaTeX Font Info:    ... okay on input line 81.
LaTeX Font Info:    Checking defaults for LMS/ntxsy/m/n on input line 81.
LaTeX Font Info:    Trying to load font information for LMS+ntxsy on input line
 81.

(d:/Instalar Programas/textlive/texlive/2025/texmf-dist/tex/latex/newtx/lmsntxs
y.fd
File: lmsntxsy.fd 2016/07/02 Fontinst v1.933 font definitions for LMS/ntxsy.
)
LaTeX Font Info:    ... okay on input line 81.
LaTeX Font Info:    Checking defaults for LMX/ntxexx/m/n on input line 81.
LaTeX Font Info:    Trying to load font information for LMX+ntxexx on input lin
e 81.

(d:/Instalar Programas/textlive/texlive/2025/texmf-dist/tex/latex/newtx/lmxntxe
xx.fd
File: lmxntxexx.fd 2016/07/03 Fontinst v1.933 font definitions for LMX/ntxexx.
)
LaTeX Font Info:    ... okay on input line 81.
LaTeX Font Info:    Checking defaults for PD1/pdf/m/n on input line 81.
LaTeX Font Info:    ... okay on input line 81.
LaTeX Font Info:    Checking defaults for PU/pdf/m/n on input line 81.
LaTeX Font Info:    ... okay on input line 81.
LaTeX Info: Redefining \. on input line 81.
LaTeX Info: Redefining \% on input line 81.

*geometry* driver: auto-detecting
*geometry* detected driver: pdftex
*geometry* verbose mode - [ preamble ] result:
* driver: pdftex
* paper: letterpaper
* layout: <same size as paper>
* layoutoffset:(h,v)=(0.0pt,0.0pt)
* modes: 
* h-part:(L,W,R)=(85.35826pt, 457.80486pt, 71.13188pt)
* v-part:(T,H,B)=(71.13188pt, 652.70622pt, 71.13188pt)
* \paperwidth=614.295pt
* \paperheight=794.96999pt
* \textwidth=457.80486pt
* \textheight=652.70622pt
* \oddsidemargin=13.08827pt
* \evensidemargin=13.08827pt
* \topmargin=-38.1381pt
* \headheight=12.0pt
* \headsep=25.0pt
* \topskip=12.0pt
* \footskip=30.0pt
* \marginparwidth=44.0pt
* \marginparsep=10.0pt
* \columnsep=10.0pt
* \skip\footins=10.8pt plus 4.0pt minus 2.0pt
* \hoffset=0.0pt
* \voffset=0.0pt
* \mag=1000
* \@twocolumnfalse
* \@twosidefalse
* \@mparswitchfalse
* \@reversemarginfalse
* (1in=72.27pt=25.4mm, 1cm=28.453pt)


(d:/Instalar Programas/textlive/texlive/2025/texmf-dist/tex/context/base/mkii/s
upp-pdf.mkii
[Loading MPS to PDF converter (version 2006.09.02).]
\scratchcounter=\count347
\scratchdimen=\dimen286
\scratchbox=\box69
\nofMPsegments=\count348
\nofMParguments=\count349
\everyMPshowfont=\toks42
\MPscratchCnt=\count350
\MPscratchDim=\dimen287
\MPnumerator=\count351
\makeMPintoPDFobject=\count352
\everyMPtoPDFconversion=\toks43
)
(d:/Instalar Programas/textlive/texlive/2025/texmf-dist/tex/latex/epstopdf-pkg/
epstopdf-base.sty
Package: epstopdf-base 2020-01-24 v2.11 Base part for package epstopdf
Package epstopdf-base Info: Redefining graphics rule for `.eps' on input line 4
85.

(d:/Instalar Programas/textlive/texlive/2025/texmf-dist/tex/latex/latexconfig/e
pstopdf-sys.cfg
File: epstopdf-sys.cfg 2010/07/13 v1.3 Configuration of (r)epstopdf for TeX Liv
e
))
\c@mv@tabular=\count353
\c@mv@boldtabular=\count354
LaTeX Info: Command `\dddot' is already robust on input line 81.
LaTeX Info: Command `\ddddot' is already robust on input line 81.
Package hyperref Info: Link coloring OFF on input line 81.
 (./investigacion2.out) (./investigacion2.out)
\@outlinefile=\write4
\openout4 = `investigacion2.out'.


(d:/Instalar Programas/textlive/texlive/2025/texmf-dist/tex/latex/pdflscape/pdf
lscape.sty
Package: pdflscape 2025-06-23 v0.14 Display of landscape pages in PDF

(d:/Instalar Programas/textlive/texlive/2025/texmf-dist/tex/latex/pdflscape/pdf
lscape-nometadata.sty
Package: pdflscape-nometadata 2025-06-23 v0.14 Display of landscape pages in PD
F (HO)

(d:/Instalar Programas/textlive/texlive/2025/texmf-dist/tex/latex/graphics/lsca
pe.sty
Package: lscape 2020/05/28 v3.02 Landscape Pages (DPC)
)
Package pdflscape Info: Auto-detected driver: pdftex on input line 81.
))
LaTeX Font Info:    Font shape `T1/ntxtlf/b/n' will be
(Font)              scaled to size 12.0pt on input line 110.
LaTeX Font Info:    Font shape `T1/ntxtlf/b/n' will be
(Font)              scaled to size 20.74pt on input line 110.
LaTeX Font Info:    Font shape `T1/ntxtlf/m/n' will be
(Font)              scaled to size 17.28pt on input line 117.
LaTeX Font Info:    Font shape `T1/ntxtlf/b/n' will be
(Font)              scaled to size 17.28pt on input line 117.
LaTeX Font Info:    Font shape `T1/ntxtlf/m/n' will be
(Font)              scaled to size 14.4pt on input line 126.
LaTeX Font Info:    Font shape `T1/ntxtlf/b/n' will be
(Font)              scaled to size 14.4pt on input line 126.
LaTeX Font Info:    Font shape `T1/ntxtlf/m/it' will be
(Font)              scaled to size 12.0pt on input line 127.

(d:/Instalar Programas/textlive/texlive/2025/texmf-dist/tex/latex/newtx/ot1minn
tx.fd)
(d:/Instalar Programas/textlive/texlive/2025/texmf-dist/tex/latex/newtx/untxmia
.fd)
(d:/Instalar Programas/textlive/texlive/2025/texmf-dist/tex/latex/newtx/untxsym
.fd)
(d:/Instalar Programas/textlive/texlive/2025/texmf-dist/tex/latex/newtx/untxsyc
.fd)
Overfull \hbox (3.41031pt too wide) in paragraph at lines 145--145
 []|\T1/ntxtlf/b/n/12 Estado| 
 []


Overfull \hbox (23.99998pt too wide) in alignment at lines 145--145
[][] 
 []


Overfull \hbox (17.62482pt too wide) in paragraph at lines 145--146
[][] 
 []


Overfull \hbox (3.41031pt too wide) in paragraph at lines 158--158
 []|\T1/ntxtlf/b/n/12 Estado| 
 []


Overfull \hbox (23.99998pt too wide) in alignment at lines 158--158
[][] 
 []


Overfull \hbox (17.62482pt too wide) in paragraph at lines 158--159
[][] 
 []

[1

{d:/Instalar Programas/textlive/texlive/2025/texmf-var/fonts/map/pdftex/updmap/
pdftex.map}{d:/Instalar Programas/textlive/texlive/2025/texmf-dist/fonts/enc/dv
ips/newtx/ntx-ec-tlf.enc}]
Overfull \hbox (3.41031pt too wide) in paragraph at lines 171--171
 []|\T1/ntxtlf/b/n/12 Estado| 
 []


Overfull \hbox (23.99998pt too wide) in alignment at lines 171--171
[][] 
 []


Overfull \hbox (17.62482pt too wide) in paragraph at lines 171--172
[][] 
 []


Overfull \hbox (3.41031pt too wide) in paragraph at lines 184--184
 []|\T1/ntxtlf/b/n/12 Estado| 
 []


Overfull \hbox (23.99998pt too wide) in alignment at lines 184--184
[][] 
 []


Overfull \hbox (17.62482pt too wide) in paragraph at lines 184--185
[][] 
 []


Overfull \hbox (3.41031pt too wide) in paragraph at lines 197--197
 []|\T1/ntxtlf/b/n/12 Estado| 
 []


Overfull \hbox (23.99998pt too wide) in alignment at lines 197--197
[][] 
 []


Overfull \hbox (17.62482pt too wide) in paragraph at lines 197--198
[][] 
 []

[2]
Overfull \hbox (3.41031pt too wide) in paragraph at lines 208--208
 []|\T1/ntxtlf/b/n/12 Estado| 
 []


Overfull \hbox (23.99998pt too wide) in alignment at lines 208--208
[][] 
 []


Overfull \hbox (17.62482pt too wide) in paragraph at lines 208--209
[][] 
 []


Overfull \hbox (3.41031pt too wide) in paragraph at lines 219--219
 []|\T1/ntxtlf/b/n/12 Estado| 
 []


Overfull \hbox (23.99998pt too wide) in alignment at lines 219--219
[][] 
 []


Overfull \hbox (17.62482pt too wide) in paragraph at lines 219--220
[][] 
 []


Overfull \hbox (3.41031pt too wide) in paragraph at lines 230--230
 []|\T1/ntxtlf/b/n/12 Estado| 
 []


Overfull \hbox (23.99998pt too wide) in alignment at lines 230--230
[][] 
 []


Overfull \hbox (17.62482pt too wide) in paragraph at lines 230--231
[][] 
 []

[3]
Overfull \hbox (3.41031pt too wide) in paragraph at lines 261--261
 []|\T1/ntxtlf/b/n/12 Estado| 
 []


Overfull \hbox (23.99998pt too wide) in alignment at lines 261--261
[][] 
 []


Overfull \hbox (17.62482pt too wide) in paragraph at lines 261--262
[][] 
 []


Overfull \hbox (3.41031pt too wide) in paragraph at lines 274--274
 []|\T1/ntxtlf/b/n/12 Estado| 
 []


Overfull \hbox (23.99998pt too wide) in alignment at lines 274--274
[][] 
 []


Overfull \hbox (17.62482pt too wide) in paragraph at lines 274--275
[][] 
 []


Overfull \hbox (3.41031pt too wide) in paragraph at lines 286--286
 []|\T1/ntxtlf/b/n/12 Estado| 
 []


Overfull \hbox (23.99998pt too wide) in alignment at lines 286--286
[][] 
 []


Overfull \hbox (17.62482pt too wide) in paragraph at lines 286--287
[][] 
 []

[4]
Overfull \hbox (3.41031pt too wide) in paragraph at lines 298--298
 []|\T1/ntxtlf/b/n/12 Estado| 
 []


Overfull \hbox (23.99998pt too wide) in alignment at lines 298--298
[][] 
 []


Overfull \hbox (17.62482pt too wide) in paragraph at lines 298--299
[][] 
 []


Overfull \hbox (3.41031pt too wide) in paragraph at lines 310--310
 []|\T1/ntxtlf/b/n/12 Estado| 
 []


Overfull \hbox (23.99998pt too wide) in alignment at lines 310--310
[][] 
 []


Overfull \hbox (17.62482pt too wide) in paragraph at lines 310--311
[][] 
 []


Overfull \hbox (3.41031pt too wide) in paragraph at lines 320--320
 []|\T1/ntxtlf/b/n/12 Estado| 
 []


Overfull \hbox (23.99998pt too wide) in alignment at lines 320--320
[][] 
 []


Overfull \hbox (17.62482pt too wide) in paragraph at lines 320--321
[][] 
 []

[5]
Overfull \hbox (3.41031pt too wide) in paragraph at lines 330--330
 []|\T1/ntxtlf/b/n/12 Estado| 
 []


Overfull \hbox (23.99998pt too wide) in alignment at lines 330--330
[][] 
 []


Overfull \hbox (17.62482pt too wide) in paragraph at lines 330--331
[][] 
 []


Overfull \hbox (3.41031pt too wide) in paragraph at lines 356--356
 []|\T1/ntxtlf/b/n/12 Estado| 
 []


Overfull \hbox (23.99998pt too wide) in alignment at lines 356--356
[][] 
 []


Overfull \hbox (17.62482pt too wide) in paragraph at lines 356--357
[][] 
 []

[6]
Overfull \hbox (3.41031pt too wide) in paragraph at lines 368--368
 []|\T1/ntxtlf/b/n/12 Estado| 
 []


Overfull \hbox (23.99998pt too wide) in alignment at lines 368--368
[][] 
 []


Overfull \hbox (17.62482pt too wide) in paragraph at lines 368--369
[][] 
 []


Overfull \hbox (3.41031pt too wide) in paragraph at lines 379--379
 []|\T1/ntxtlf/b/n/12 Estado| 
 []


Overfull \hbox (23.99998pt too wide) in alignment at lines 379--379
[][] 
 []


Overfull \hbox (17.62482pt too wide) in paragraph at lines 379--380
[][] 
 []


Overfull \hbox (3.41031pt too wide) in paragraph at lines 390--390
 []|\T1/ntxtlf/b/n/12 Estado| 
 []


Overfull \hbox (23.99998pt too wide) in alignment at lines 390--390
[][] 
 []


Overfull \hbox (17.62482pt too wide) in paragraph at lines 390--391
[][] 
 []

[7]
Overfull \hbox (3.41031pt too wide) in paragraph at lines 414--414
 []|\T1/ntxtlf/b/n/12 Estado| 
 []


Overfull \hbox (23.99998pt too wide) in alignment at lines 414--414
[][] 
 []


Overfull \hbox (17.62482pt too wide) in paragraph at lines 414--415
[][] 
 []


Overfull \hbox (3.41031pt too wide) in paragraph at lines 425--425
 []|\T1/ntxtlf/b/n/12 Estado| 
 []


Overfull \hbox (23.99998pt too wide) in alignment at lines 425--425
[][] 
 []


Overfull \hbox (17.62482pt too wide) in paragraph at lines 425--426
[][] 
 []


Overfull \hbox (3.41031pt too wide) in paragraph at lines 436--436
 []|\T1/ntxtlf/b/n/12 Estado| 
 []


Overfull \hbox (23.99998pt too wide) in alignment at lines 436--436
[][] 
 []


Overfull \hbox (17.62482pt too wide) in paragraph at lines 436--437
[][] 
 []

[8]
Overfull \hbox (3.41031pt too wide) in paragraph at lines 447--447
 []|\T1/ntxtlf/b/n/12 Estado| 
 []


Overfull \hbox (23.99998pt too wide) in alignment at lines 447--447
[][] 
 []


Overfull \hbox (17.62482pt too wide) in paragraph at lines 447--448
[][] 
 []

[9]
pdfTeX warning (ext4): destination with the same identifier (name{section.1}) h
as been already used, duplicate ignored
<to be read again> 
                   \relax 
l.492 ...ado de muros de mampostería estructural}
                                                  
pdfTeX warning (ext4): destination with the same identifier (name{subsection.1.
1}) has been already used, duplicate ignored
<to be read again> 
                   \relax 
l.500 	\subsection{Checklist de supervisión}
                                             
Overfull \hbox (3.41031pt too wide) in paragraph at lines 512--512
 []|\T1/ntxtlf/b/n/12 Estado| 
 []


Overfull \hbox (23.99998pt too wide) in alignment at lines 512--512
[][] 
 []


Overfull \hbox (17.62482pt too wide) in paragraph at lines 512--513
[][] 
 []


Overfull \hbox (3.41031pt too wide) in paragraph at lines 524--524
 []|\T1/ntxtlf/b/n/12 Estado| 
 []


Overfull \hbox (23.99998pt too wide) in alignment at lines 524--524
[][] 
 []


Overfull \hbox (17.62482pt too wide) in paragraph at lines 524--525
[][] 
 []


Overfull \hbox (3.41031pt too wide) in paragraph at lines 536--536
 []|\T1/ntxtlf/b/n/12 Estado| 
 []


Overfull \hbox (23.99998pt too wide) in alignment at lines 536--536
[][] 
 []


Overfull \hbox (17.62482pt too wide) in paragraph at lines 536--537
[][] 
 []

[10]
Overfull \hbox (3.41031pt too wide) in paragraph at lines 548--548
 []|\T1/ntxtlf/b/n/12 Estado| 
 []


Overfull \hbox (23.99998pt too wide) in alignment at lines 548--548
[][] 
 []


Overfull \hbox (17.62482pt too wide) in paragraph at lines 548--549
[][] 
 []


Overfull \hbox (3.41031pt too wide) in paragraph at lines 560--560
 []|\T1/ntxtlf/b/n/12 Estado| 
 []


Overfull \hbox (23.99998pt too wide) in alignment at lines 560--560
[][] 
 []


Overfull \hbox (17.62482pt too wide) in paragraph at lines 560--561
[][] 
 []


Overfull \hbox (3.41031pt too wide) in paragraph at lines 571--571
 []|\T1/ntxtlf/b/n/12 Estado| 
 []


Overfull \hbox (23.99998pt too wide) in alignment at lines 571--571
[][] 
 []


Overfull \hbox (17.62482pt too wide) in paragraph at lines 571--572
[][] 
 []

[11]
pdfTeX warning (ext4): destination with the same identifier (name{section.2}) h
as been already used, duplicate ignored
<to be read again> 
                   \relax 
l.580 ...on{Construcción de mochetas de concreto}
                                                  
pdfTeX warning (ext4): destination with the same identifier (name{subsection.2.
1}) has been already used, duplicate ignored
<to be read again> 
                   \relax 
l.588 	\subsection{Checklist de supervisión}
                                             
Overfull \hbox (3.41031pt too wide) in paragraph at lines 600--600
 []|\T1/ntxtlf/b/n/12 Estado| 
 []


Overfull \hbox (23.99998pt too wide) in alignment at lines 600--600
[][] 
 []


Overfull \hbox (17.62482pt too wide) in paragraph at lines 600--601
[][] 
 []


Overfull \hbox (3.41031pt too wide) in paragraph at lines 612--612
 []|\T1/ntxtlf/b/n/12 Estado| 
 []


Overfull \hbox (23.99998pt too wide) in alignment at lines 612--612
[][] 
 []


Overfull \hbox (17.62482pt too wide) in paragraph at lines 612--613
[][] 
 []

[12]
Overfull \hbox (3.41031pt too wide) in paragraph at lines 624--624
 []|\T1/ntxtlf/b/n/12 Estado| 
 []


Overfull \hbox (23.99998pt too wide) in alignment at lines 624--624
[][] 
 []


Overfull \hbox (17.62482pt too wide) in paragraph at lines 624--625
[][] 
 []


Overfull \hbox (3.41031pt too wide) in paragraph at lines 636--636
 []|\T1/ntxtlf/b/n/12 Estado| 
 []


Overfull \hbox (23.99998pt too wide) in alignment at lines 636--636
[][] 
 []


Overfull \hbox (17.62482pt too wide) in paragraph at lines 636--637
[][] 
 []


Overfull \hbox (3.41031pt too wide) in paragraph at lines 648--648
 []|\T1/ntxtlf/b/n/12 Estado| 
 []


Overfull \hbox (23.99998pt too wide) in alignment at lines 648--648
[][] 
 []


Overfull \hbox (17.62482pt too wide) in paragraph at lines 648--649
[][] 
 []

[13]
Overfull \hbox (3.41031pt too wide) in paragraph at lines 660--660
 []|\T1/ntxtlf/b/n/12 Estado| 
 []


Overfull \hbox (23.99998pt too wide) in alignment at lines 660--660
[][] 
 []


Overfull \hbox (17.62482pt too wide) in paragraph at lines 660--661
[][] 
 []


pdfTeX warning (ext4): destination with the same identifier (name{section.3}) h
as been already used, duplicate ignored
<to be read again> 
                   \relax 
l.677 ...strucción de soleras de concreto armado}
                                                  
pdfTeX warning (ext4): destination with the same identifier (name{subsection.3.
1}) has been already used, duplicate ignored
<to be read again> 
                   \relax 
l.691 	\subsection{Checklist de supervisión}
                                             
Overfull \hbox (3.41031pt too wide) in paragraph at lines 703--703
 []|\T1/ntxtlf/b/n/12 Estado| 
 []


Overfull \hbox (23.99998pt too wide) in alignment at lines 703--703
[][] 
 []


Overfull \hbox (17.62482pt too wide) in paragraph at lines 703--704
[][] 
 []

[14]
Overfull \hbox (3.41031pt too wide) in paragraph at lines 715--715
 []|\T1/ntxtlf/b/n/12 Estado| 
 []


Overfull \hbox (23.99998pt too wide) in alignment at lines 715--715
[][] 
 []


Overfull \hbox (17.62482pt too wide) in paragraph at lines 715--716
[][] 
 []


Overfull \hbox (3.41031pt too wide) in paragraph at lines 726--726
 []|\T1/ntxtlf/b/n/12 Estado| 
 []


Overfull \hbox (23.99998pt too wide) in alignment at lines 726--726
[][] 
 []


Overfull \hbox (17.62482pt too wide) in paragraph at lines 726--727
[][] 
 []


Overfull \hbox (3.41031pt too wide) in paragraph at lines 738--738
 []|\T1/ntxtlf/b/n/12 Estado| 
 []


Overfull \hbox (23.99998pt too wide) in alignment at lines 738--738
[][] 
 []


Overfull \hbox (17.62482pt too wide) in paragraph at lines 738--739
[][] 
 []

[15]
Overfull \hbox (3.41031pt too wide) in paragraph at lines 749--749
 []|\T1/ntxtlf/b/n/12 Estado| 
 []


Overfull \hbox (23.99998pt too wide) in alignment at lines 749--749
[][] 
 []


Overfull \hbox (17.62482pt too wide) in paragraph at lines 749--750
[][] 
 []


Overfull \hbox (3.41031pt too wide) in paragraph at lines 760--760
 []|\T1/ntxtlf/b/n/12 Estado| 
 []


Overfull \hbox (23.99998pt too wide) in alignment at lines 760--760
[][] 
 []


Overfull \hbox (17.62482pt too wide) in paragraph at lines 760--761
[][] 
 []


pdfTeX warning (ext4): destination with the same identifier (name{section.4}) h
as been already used, duplicate ignored
<to be read again> 
                   \relax 
l.772 	\section{Vigas de concreto reforzado}
                                            
pdfTeX warning (ext4): destination with the same identifier (name{subsection.4.
1}) has been already used, duplicate ignored
<to be read again> 
                   \relax 
l.779 	\subsection{Checklist de supervisión}
                                             
Overfull \hbox (3.41031pt too wide) in paragraph at lines 792--792
 []|\T1/ntxtlf/b/n/12 Estado| 
 []


Overfull \hbox (23.99998pt too wide) in alignment at lines 792--792
[][] 
 []


Overfull \hbox (17.62482pt too wide) in paragraph at lines 792--793
[][] 
 []

[16]
Overfull \hbox (3.41031pt too wide) in paragraph at lines 805--805
 []|\T1/ntxtlf/b/n/12 Estado| 
 []


Overfull \hbox (23.99998pt too wide) in alignment at lines 805--805
[][] 
 []


Overfull \hbox (17.62482pt too wide) in paragraph at lines 805--806
[][] 
 []


Overfull \hbox (3.41031pt too wide) in paragraph at lines 816--816
 []|\T1/ntxtlf/b/n/12 Estado| 
 []


Overfull \hbox (23.99998pt too wide) in alignment at lines 816--816
[][] 
 []


Overfull \hbox (17.62482pt too wide) in paragraph at lines 816--817
[][] 
 []


Overfull \hbox (3.41031pt too wide) in paragraph at lines 827--827
 []|\T1/ntxtlf/b/n/12 Estado| 
 []


Overfull \hbox (23.99998pt too wide) in alignment at lines 827--827
[][] 
 []


Overfull \hbox (17.62482pt too wide) in paragraph at lines 827--828
[][] 
 []

[17]
Overfull \hbox (3.41031pt too wide) in paragraph at lines 839--839
 []|\T1/ntxtlf/b/n/12 Estado| 
 []


Overfull \hbox (23.99998pt too wide) in alignment at lines 839--839
[][] 
 []


Overfull \hbox (17.62482pt too wide) in paragraph at lines 839--840
[][] 
 []


Overfull \hbox (3.41031pt too wide) in paragraph at lines 850--850
 []|\T1/ntxtlf/b/n/12 Estado| 
 []


Overfull \hbox (23.99998pt too wide) in alignment at lines 850--850
[][] 
 []


Overfull \hbox (17.62482pt too wide) in paragraph at lines 850--851
[][] 
 []


Overfull \hbox (3.41031pt too wide) in paragraph at lines 861--861
 []|\T1/ntxtlf/b/n/12 Estado| 
 []


Overfull \hbox (23.99998pt too wide) in alignment at lines 861--861
[][] 
 []


Overfull \hbox (17.62482pt too wide) in paragraph at lines 861--862
[][] 
 []

[18]
Overfull \hbox (3.41031pt too wide) in paragraph at lines 888--888
 []|\T1/ntxtlf/b/n/12 Estado| 
 []


Overfull \hbox (23.99998pt too wide) in alignment at lines 888--888
[][] 
 []


Overfull \hbox (17.62482pt too wide) in paragraph at lines 888--889
[][] 
 []


(d:/Instalar Programas/textlive/texlive/2025/texmf-dist/tex/latex/newtx/ts1ntxt
lf.fd)
Overfull \hbox (3.41031pt too wide) in paragraph at lines 901--901
 []|\T1/ntxtlf/b/n/12 Estado| 
 []


Overfull \hbox (23.99998pt too wide) in alignment at lines 901--901
[][] 
 []


Overfull \hbox (17.62482pt too wide) in paragraph at lines 901--902
[][] 
 []


Overfull \hbox (3.41031pt too wide) in paragraph at lines 913--913
 []|\T1/ntxtlf/b/n/12 Estado| 
 []


Overfull \hbox (23.99998pt too wide) in alignment at lines 913--913
[][] 
 []


Overfull \hbox (17.62482pt too wide) in paragraph at lines 913--914
[][] 
 []

[19{d:/Instalar Programas/textlive/texlive/2025/texmf-dist/fonts/enc/dvips/tex-
gyre/q-ts1.enc}]
Overfull \hbox (3.41031pt too wide) in paragraph at lines 925--925
 []|\T1/ntxtlf/b/n/12 Estado| 
 []


Overfull \hbox (23.99998pt too wide) in alignment at lines 925--925
[][] 
 []


Overfull \hbox (17.62482pt too wide) in paragraph at lines 925--926
[][] 
 []


Overfull \hbox (3.41031pt too wide) in paragraph at lines 936--936
 []|\T1/ntxtlf/b/n/12 Estado| 
 []


Overfull \hbox (23.99998pt too wide) in alignment at lines 936--936
[][] 
 []


Overfull \hbox (17.62482pt too wide) in paragraph at lines 936--937
[][] 
 []


Overfull \hbox (3.41031pt too wide) in paragraph at lines 948--948
 []|\T1/ntxtlf/b/n/12 Estado| 
 []


Overfull \hbox (23.99998pt too wide) in alignment at lines 948--948
[][] 
 []


Overfull \hbox (17.62482pt too wide) in paragraph at lines 948--949
[][] 
 []

[20]
Overfull \hbox (3.41031pt too wide) in paragraph at lines 974--974
 []|\T1/ntxtlf/b/n/12 Estado| 
 []


Overfull \hbox (23.99998pt too wide) in alignment at lines 974--974
[][] 
 []


Overfull \hbox (17.62482pt too wide) in paragraph at lines 974--975
[][] 
 []


Overfull \hbox (3.41031pt too wide) in paragraph at lines 985--985
 []|\T1/ntxtlf/b/n/12 Estado| 
 []


Overfull \hbox (23.99998pt too wide) in alignment at lines 985--985
[][] 
 []


Overfull \hbox (17.62482pt too wide) in paragraph at lines 985--986
[][] 
 []


Overfull \hbox (3.41031pt too wide) in paragraph at lines 997--997
 []|\T1/ntxtlf/b/n/12 Estado| 
 []


Overfull \hbox (23.99998pt too wide) in alignment at lines 997--997
[][] 
 []


Overfull \hbox (17.62482pt too wide) in paragraph at lines 997--998
[][] 
 []

[21]
Overfull \hbox (3.41031pt too wide) in paragraph at lines 1009--1009
 []|\T1/ntxtlf/b/n/12 Estado| 
 []


Overfull \hbox (23.99998pt too wide) in alignment at lines 1009--1009
[][] 
 []


Overfull \hbox (17.62482pt too wide) in paragraph at lines 1009--1010
[][] 
 []


Overfull \hbox (3.41031pt too wide) in paragraph at lines 1021--1021
 []|\T1/ntxtlf/b/n/12 Estado| 
 []


Overfull \hbox (23.99998pt too wide) in alignment at lines 1021--1021
[][] 
 []


Overfull \hbox (17.62482pt too wide) in paragraph at lines 1021--1022
[][] 
 []


Overfull \hbox (3.41031pt too wide) in paragraph at lines 1032--1032
 []|\T1/ntxtlf/b/n/12 Estado| 
 []


Overfull \hbox (23.99998pt too wide) in alignment at lines 1032--1032
[][] 
 []


Overfull \hbox (17.62482pt too wide) in paragraph at lines 1032--1033
[][] 
 []

[22]
Overfull \hbox (3.41031pt too wide) in paragraph at lines 1043--1043
 []|\T1/ntxtlf/b/n/12 Estado| 
 []


Overfull \hbox (23.99998pt too wide) in alignment at lines 1043--1043
[][] 
 []


Overfull \hbox (17.62482pt too wide) in paragraph at lines 1043--1044
[][] 
 []


Overfull \hbox (3.41031pt too wide) in paragraph at lines 1055--1055
 []|\T1/ntxtlf/b/n/12 Estado| 
 []


Overfull \hbox (23.99998pt too wide) in alignment at lines 1055--1055
[][] 
 []


Overfull \hbox (17.62482pt too wide) in paragraph at lines 1055--1056
[][] 
 []

[23]
Overfull \hbox (3.41031pt too wide) in paragraph at lines 1084--1084
 []|\T1/ntxtlf/b/n/12 Estado| 
 []


Overfull \hbox (23.99998pt too wide) in alignment at lines 1084--1084
[][] 
 []


Overfull \hbox (17.62482pt too wide) in paragraph at lines 1084--1085
[][] 
 []


Overfull \hbox (3.41031pt too wide) in paragraph at lines 1097--1097
 []|\T1/ntxtlf/b/n/12 Estado| 
 []


Overfull \hbox (23.99998pt too wide) in alignment at lines 1097--1097
[][] 
 []


Overfull \hbox (17.62482pt too wide) in paragraph at lines 1097--1098
[][] 
 []


Overfull \hbox (3.41031pt too wide) in paragraph at lines 1109--1109
 []|\T1/ntxtlf/b/n/12 Estado| 
 []


Overfull \hbox (23.99998pt too wide) in alignment at lines 1109--1109
[][] 
 []


Overfull \hbox (17.62482pt too wide) in paragraph at lines 1109--1110
[][] 
 []


Overfull \hbox (3.41031pt too wide) in paragraph at lines 1121--1121
 []|\T1/ntxtlf/b/n/12 Estado| 
 []


Overfull \hbox (23.99998pt too wide) in alignment at lines 1121--1121
[][] 
 []


Overfull \hbox (17.62482pt too wide) in paragraph at lines 1121--1122
[][] 
 []

[24]
Overfull \hbox (3.41031pt too wide) in paragraph at lines 1133--1133
 []|\T1/ntxtlf/b/n/12 Estado| 
 []


Overfull \hbox (23.99998pt too wide) in alignment at lines 1133--1133
[][] 
 []


Overfull \hbox (17.62482pt too wide) in paragraph at lines 1133--1134
[][] 
 []


Overfull \hbox (3.41031pt too wide) in paragraph at lines 1145--1145
 []|\T1/ntxtlf/b/n/12 Estado| 
 []


Overfull \hbox (23.99998pt too wide) in alignment at lines 1145--1145
[][] 
 []


Overfull \hbox (17.62482pt too wide) in paragraph at lines 1145--1146
[][] 
 []

[25]
pdfTeX warning (ext4): destination with the same identifier (name{section.1}) h
as been already used, duplicate ignored
<to be read again> 
                   \relax 
l.1167 ...alación de tuberías (hidrosanitarias)}
                                                  
pdfTeX warning (ext4): destination with the same identifier (name{subsection.1.
1}) has been already used, duplicate ignored
<to be read again> 
                   \relax 
l.1175 	\subsection{Checklist de supervisión}
                                              
Overfull \hbox (3.41031pt too wide) in paragraph at lines 1187--1187
 []|\T1/ntxtlf/b/n/12 Estado| 
 []


Overfull \hbox (23.99998pt too wide) in alignment at lines 1187--1187
[][] 
 []


Overfull \hbox (17.62482pt too wide) in paragraph at lines 1187--1188
[][] 
 []


Overfull \hbox (3.41031pt too wide) in paragraph at lines 1198--1198
 []|\T1/ntxtlf/b/n/12 Estado| 
 []


Overfull \hbox (23.99998pt too wide) in alignment at lines 1198--1198
[][] 
 []


Overfull \hbox (17.62482pt too wide) in paragraph at lines 1198--1199
[][] 
 []

LaTeX Font Info:    Font shape `T1/ntxtlf/b/it' will be
(Font)              scaled to size 12.0pt on input line 1200.

Overfull \hbox (3.41031pt too wide) in paragraph at lines 1210--1210
 []|\T1/ntxtlf/b/n/12 Estado| 
 []


Overfull \hbox (23.99998pt too wide) in alignment at lines 1210--1210
[][] 
 []


Overfull \hbox (17.62482pt too wide) in paragraph at lines 1210--1211
[][] 
 []

[26]
Overfull \hbox (3.41031pt too wide) in paragraph at lines 1222--1222
 []|\T1/ntxtlf/b/n/12 Estado| 
 []


Overfull \hbox (23.99998pt too wide) in alignment at lines 1222--1222
[][] 
 []


Overfull \hbox (17.62482pt too wide) in paragraph at lines 1222--1223
[][] 
 []


Overfull \hbox (3.41031pt too wide) in paragraph at lines 1234--1234
 []|\T1/ntxtlf/b/n/12 Estado| 
 []


Overfull \hbox (23.99998pt too wide) in alignment at lines 1234--1234
[][] 
 []


Overfull \hbox (17.62482pt too wide) in paragraph at lines 1234--1235
[][] 
 []


Overfull \hbox (3.41031pt too wide) in paragraph at lines 1246--1246
 []|\T1/ntxtlf/b/n/12 Estado| 
 []


Overfull \hbox (23.99998pt too wide) in alignment at lines 1246--1246
[][] 
 []


Overfull \hbox (17.62482pt too wide) in paragraph at lines 1246--1247
[][] 
 []

[27]
Overfull \hbox (3.41031pt too wide) in paragraph at lines 1257--1257
 []|\T1/ntxtlf/b/n/12 Estado| 
 []


Overfull \hbox (23.99998pt too wide) in alignment at lines 1257--1257
[][] 
 []


Overfull \hbox (17.62482pt too wide) in paragraph at lines 1257--1258
[][] 
 []


pdfTeX warning (ext4): destination with the same identifier (name{section.2}) h
as been already used, duplicate ignored
<to be read again> 
                   \relax 
l.1265 	\section{Construcción de pozos de visita}
                                                  
pdfTeX warning (ext4): destination with the same identifier (name{subsection.2.
1}) has been already used, duplicate ignored
<to be read again> 
                   \relax 
l.1274 	\subsection{Checklist de supervisión}
                                              
Overfull \hbox (3.41031pt too wide) in paragraph at lines 1286--1286
 []|\T1/ntxtlf/b/n/12 Estado| 
 []


Overfull \hbox (23.99998pt too wide) in alignment at lines 1286--1286
[][] 
 []


Overfull \hbox (17.62482pt too wide) in paragraph at lines 1286--1287
[][] 
 []

[28]
Overfull \hbox (3.41031pt too wide) in paragraph at lines 1297--1297
 []|\T1/ntxtlf/b/n/12 Estado| 
 []


Overfull \hbox (23.99998pt too wide) in alignment at lines 1297--1297
[][] 
 []


Overfull \hbox (17.62482pt too wide) in paragraph at lines 1297--1298
[][] 
 []


Overfull \hbox (3.41031pt too wide) in paragraph at lines 1309--1309
 []|\T1/ntxtlf/b/n/12 Estado| 
 []


Overfull \hbox (23.99998pt too wide) in alignment at lines 1309--1309
[][] 
 []


Overfull \hbox (17.62482pt too wide) in paragraph at lines 1309--1310
[][] 
 []


Overfull \hbox (3.41031pt too wide) in paragraph at lines 1321--1321
 []|\T1/ntxtlf/b/n/12 Estado| 
 []


Overfull \hbox (23.99998pt too wide) in alignment at lines 1321--1321
[][] 
 []


Overfull \hbox (17.62482pt too wide) in paragraph at lines 1321--1322
[][] 
 []

[29]
Overfull \hbox (3.41031pt too wide) in paragraph at lines 1333--1333
 []|\T1/ntxtlf/b/n/12 Estado| 
 []


Overfull \hbox (23.99998pt too wide) in alignment at lines 1333--1333
[][] 
 []


Overfull \hbox (17.62482pt too wide) in paragraph at lines 1333--1334
[][] 
 []


Overfull \hbox (3.41031pt too wide) in paragraph at lines 1345--1345
 []|\T1/ntxtlf/b/n/12 Estado| 
 []


Overfull \hbox (23.99998pt too wide) in alignment at lines 1345--1345
[][] 
 []


Overfull \hbox (17.62482pt too wide) in paragraph at lines 1345--1346
[][] 
 []


Overfull \hbox (3.41031pt too wide) in paragraph at lines 1357--1357
 []|\T1/ntxtlf/b/n/12 Estado| 
 []


Overfull \hbox (23.99998pt too wide) in alignment at lines 1357--1357
[][] 
 []


Overfull \hbox (17.62482pt too wide) in paragraph at lines 1357--1358
[][] 
 []

[30]
pdfTeX warning (ext4): destination with the same identifier (name{section.3}) h
as been already used, duplicate ignored
<to be read again> 
                   \relax 
l.1363 ...on{Construcción de pozos de absorción}
                                                  
pdfTeX warning (ext4): destination with the same identifier (name{subsection.3.
1}) has been already used, duplicate ignored
<to be read again> 
                   \relax 
l.1370 	\subsection{Checklist de supervisión}
                                              
Overfull \hbox (3.41031pt too wide) in paragraph at lines 1381--1381
 []|\T1/ntxtlf/b/n/12 Estado| 
 []


Overfull \hbox (23.99998pt too wide) in alignment at lines 1381--1381
[][] 
 []


Overfull \hbox (17.62482pt too wide) in paragraph at lines 1381--1382
[][] 
 []


Overfull \hbox (3.41031pt too wide) in paragraph at lines 1392--1392
 []|\T1/ntxtlf/b/n/12 Estado| 
 []


Overfull \hbox (23.99998pt too wide) in alignment at lines 1392--1392
[][] 
 []


Overfull \hbox (17.62482pt too wide) in paragraph at lines 1392--1393
[][] 
 []

[31]
Overfull \hbox (3.41031pt too wide) in paragraph at lines 1403--1403
 []|\T1/ntxtlf/b/n/12 Estado| 
 []


Overfull \hbox (23.99998pt too wide) in alignment at lines 1403--1403
[][] 
 []


Overfull \hbox (17.62482pt too wide) in paragraph at lines 1403--1404
[][] 
 []


Overfull \hbox (3.41031pt too wide) in paragraph at lines 1414--1414
 []|\T1/ntxtlf/b/n/12 Estado| 
 []


Overfull \hbox (23.99998pt too wide) in alignment at lines 1414--1414
[][] 
 []


Overfull \hbox (17.62482pt too wide) in paragraph at lines 1414--1415
[][] 
 []


Overfull \hbox (3.41031pt too wide) in paragraph at lines 1425--1425
 []|\T1/ntxtlf/b/n/12 Estado| 
 []


Overfull \hbox (23.99998pt too wide) in alignment at lines 1425--1425
[][] 
 []


Overfull \hbox (17.62482pt too wide) in paragraph at lines 1425--1426
[][] 
 []


Overfull \hbox (3.41031pt too wide) in paragraph at lines 1436--1436
 []|\T1/ntxtlf/b/n/12 Estado| 
 []


Overfull \hbox (23.99998pt too wide) in alignment at lines 1436--1436
[][] 
 []


Overfull \hbox (17.62482pt too wide) in paragraph at lines 1436--1437
[][] 
 []

[32]
Overfull \hbox (3.41031pt too wide) in paragraph at lines 1447--1447
 []|\T1/ntxtlf/b/n/12 Estado| 
 []


Overfull \hbox (23.99998pt too wide) in alignment at lines 1447--1447
[][] 
 []


Overfull \hbox (17.62482pt too wide) in paragraph at lines 1447--1448
[][] 
 []


pdfTeX warning (ext4): destination with the same identifier (name{section.4}) h
as been already used, duplicate ignored
<to be read again> 
                   \relax 
l.1456 ... tratamiento de aguas residuales (PTAR)}
                                                  
pdfTeX warning (ext4): destination with the same identifier (name{subsection.4.
1}) has been already used, duplicate ignored
<to be read again> 
                   \relax 
l.1466 	\subsection{Checklist de supervisión}
                                              
Overfull \hbox (3.41031pt too wide) in paragraph at lines 1478--1478
 []|\T1/ntxtlf/b/n/12 Estado| 
 []


Overfull \hbox (23.99998pt too wide) in alignment at lines 1478--1478
[][] 
 []


Overfull \hbox (17.62482pt too wide) in paragraph at lines 1478--1479
[][] 
 []

[33]
Overfull \hbox (3.41031pt too wide) in paragraph at lines 1490--1490
 []|\T1/ntxtlf/b/n/12 Estado| 
 []


Overfull \hbox (23.99998pt too wide) in alignment at lines 1490--1490
[][] 
 []


Overfull \hbox (17.62482pt too wide) in paragraph at lines 1490--1491
[][] 
 []


Overfull \hbox (3.41031pt too wide) in paragraph at lines 1502--1502
 []|\T1/ntxtlf/b/n/12 Estado| 
 []


Overfull \hbox (23.99998pt too wide) in alignment at lines 1502--1502
[][] 
 []


Overfull \hbox (17.62482pt too wide) in paragraph at lines 1502--1503
[][] 
 []


Overfull \hbox (3.41031pt too wide) in paragraph at lines 1514--1514
 []|\T1/ntxtlf/b/n/12 Estado| 
 []


Overfull \hbox (23.99998pt too wide) in alignment at lines 1514--1514
[][] 
 []


Overfull \hbox (17.62482pt too wide) in paragraph at lines 1514--1515
[][] 
 []

[34]
Overfull \hbox (3.41031pt too wide) in paragraph at lines 1526--1526
 []|\T1/ntxtlf/b/n/12 Estado| 
 []


Overfull \hbox (23.99998pt too wide) in alignment at lines 1526--1526
[][] 
 []


Overfull \hbox (17.62482pt too wide) in paragraph at lines 1526--1527
[][] 
 []


Overfull \hbox (3.41031pt too wide) in paragraph at lines 1538--1538
 []|\T1/ntxtlf/b/n/12 Estado| 
 []


Overfull \hbox (23.99998pt too wide) in alignment at lines 1538--1538
[][] 
 []


Overfull \hbox (17.62482pt too wide) in paragraph at lines 1538--1539
[][] 
 []


Overfull \hbox (3.41031pt too wide) in paragraph at lines 1550--1550
 []|\T1/ntxtlf/b/n/12 Estado| 
 []


Overfull \hbox (23.99998pt too wide) in alignment at lines 1550--1550
[][] 
 []


Overfull \hbox (17.62482pt too wide) in paragraph at lines 1550--1551
[][] 
 []

[35] [36]
pdfTeX warning (ext4): destination with the same identifier (name{section.1}) h
as been already used, duplicate ignored
<to be read again> 
                   \relax 
l.1573 ... de conducción superficial y enterrada}
                                                  
pdfTeX warning (ext4): destination with the same identifier (name{subsection.1.
1}) has been already used, duplicate ignored
<to be read again> 
                   \relax 
l.1582 	\subsection{Checklist de supervisión}
                                              
Overfull \hbox (3.41031pt too wide) in paragraph at lines 1593--1593
 []|\T1/ntxtlf/b/n/12 Estado| 
 []


Overfull \hbox (23.99998pt too wide) in alignment at lines 1593--1593
[][] 
 []


Overfull \hbox (17.62482pt too wide) in paragraph at lines 1593--1594
[][] 
 []


Overfull \hbox (3.41031pt too wide) in paragraph at lines 1605--1605
 []|\T1/ntxtlf/b/n/12 Estado| 
 []


Overfull \hbox (23.99998pt too wide) in alignment at lines 1605--1605
[][] 
 []


Overfull \hbox (17.62482pt too wide) in paragraph at lines 1605--1606
[][] 
 []


Overfull \hbox (3.41031pt too wide) in paragraph at lines 1618--1618
 []|\T1/ntxtlf/b/n/12 Estado| 
 []


Overfull \hbox (23.99998pt too wide) in alignment at lines 1618--1618
[][] 
 []


Overfull \hbox (17.62482pt too wide) in paragraph at lines 1618--1619
[][] 
 []

[37]
Overfull \hbox (3.41031pt too wide) in paragraph at lines 1630--1630
 []|\T1/ntxtlf/b/n/12 Estado| 
 []


Overfull \hbox (23.99998pt too wide) in alignment at lines 1630--1630
[][] 
 []


Overfull \hbox (17.62482pt too wide) in paragraph at lines 1630--1631
[][] 
 []


Overfull \hbox (3.41031pt too wide) in paragraph at lines 1642--1642
 []|\T1/ntxtlf/b/n/12 Estado| 
 []


Overfull \hbox (23.99998pt too wide) in alignment at lines 1642--1642
[][] 
 []


Overfull \hbox (17.62482pt too wide) in paragraph at lines 1642--1643
[][] 
 []


Overfull \hbox (3.41031pt too wide) in paragraph at lines 1654--1654
 []|\T1/ntxtlf/b/n/12 Estado| 
 []


Overfull \hbox (23.99998pt too wide) in alignment at lines 1654--1654
[][] 
 []


Overfull \hbox (17.62482pt too wide) in paragraph at lines 1654--1655
[][] 
 []

[38]
Overfull \hbox (3.41031pt too wide) in paragraph at lines 1666--1666
 []|\T1/ntxtlf/b/n/12 Estado| 
 []


Overfull \hbox (23.99998pt too wide) in alignment at lines 1666--1666
[][] 
 []


Overfull \hbox (17.62482pt too wide) in paragraph at lines 1666--1667
[][] 
 []


pdfTeX warning (ext4): destination with the same identifier (name{section.2}) h
as been already used, duplicate ignored
<to be read again> 
                   \relax 
l.1676 ...nstalación de líneas de distribución}
                                                  
pdfTeX warning (ext4): destination with the same identifier (name{subsection.2.
1}) has been already used, duplicate ignored
<to be read again> 
                   \relax 
l.1684 	\subsection{Checklist de supervisión}
                                              
Overfull \hbox (3.41031pt too wide) in paragraph at lines 1695--1695
 []|\T1/ntxtlf/b/n/12 Estado| 
 []


Overfull \hbox (23.99998pt too wide) in alignment at lines 1695--1695
[][] 
 []


Overfull \hbox (17.62482pt too wide) in paragraph at lines 1695--1696
[][] 
 []

[39]
Overfull \hbox (3.41031pt too wide) in paragraph at lines 1706--1706
 []|\T1/ntxtlf/b/n/12 Estado| 
 []


Overfull \hbox (23.99998pt too wide) in alignment at lines 1706--1706
[][] 
 []


Overfull \hbox (17.62482pt too wide) in paragraph at lines 1706--1707
[][] 
 []


Overfull \hbox (3.41031pt too wide) in paragraph at lines 1717--1717
 []|\T1/ntxtlf/b/n/12 Estado| 
 []


Overfull \hbox (23.99998pt too wide) in alignment at lines 1717--1717
[][] 
 []


Overfull \hbox (17.62482pt too wide) in paragraph at lines 1717--1718
[][] 
 []


Overfull \hbox (3.41031pt too wide) in paragraph at lines 1729--1729
 []|\T1/ntxtlf/b/n/12 Estado| 
 []


Overfull \hbox (23.99998pt too wide) in alignment at lines 1729--1729
[][] 
 []


Overfull \hbox (17.62482pt too wide) in paragraph at lines 1729--1730
[][] 
 []

[40]
Overfull \hbox (3.41031pt too wide) in paragraph at lines 1740--1740
 []|\T1/ntxtlf/b/n/12 Estado| 
 []


Overfull \hbox (23.99998pt too wide) in alignment at lines 1740--1740
[][] 
 []


Overfull \hbox (17.62482pt too wide) in paragraph at lines 1740--1741
[][] 
 []


Overfull \hbox (3.41031pt too wide) in paragraph at lines 1751--1751
 []|\T1/ntxtlf/b/n/12 Estado| 
 []


Overfull \hbox (23.99998pt too wide) in alignment at lines 1751--1751
[][] 
 []


Overfull \hbox (17.62482pt too wide) in paragraph at lines 1751--1752
[][] 
 []


Overfull \hbox (3.41031pt too wide) in paragraph at lines 1762--1762
 []|\T1/ntxtlf/b/n/12 Estado| 
 []


Overfull \hbox (23.99998pt too wide) in alignment at lines 1762--1762
[][] 
 []


Overfull \hbox (17.62482pt too wide) in paragraph at lines 1762--1763
[][] 
 []


pdfTeX warning (ext4): destination with the same identifier (name{section.3}) h
as been already used, duplicate ignored
<to be read again> 
                   \relax 
l.1782 ...onstrucción de tanque de distribución}
                                                   [41]
pdfTeX warning (ext4): destination with the same identifier (name{subsection.3.
1}) has been already used, duplicate ignored
<to be read again> 
                   \relax 
l.1791 	\subsection{Checklist de supervisión}
                                              
Overfull \hbox (3.41031pt too wide) in paragraph at lines 1802--1802
 []|\T1/ntxtlf/b/n/12 Estado| 
 []


Overfull \hbox (23.99998pt too wide) in alignment at lines 1802--1802
[][] 
 []


Overfull \hbox (17.62482pt too wide) in paragraph at lines 1802--1803
[][] 
 []


Overfull \hbox (3.41031pt too wide) in paragraph at lines 1814--1814
 []|\T1/ntxtlf/b/n/12 Estado| 
 []


Overfull \hbox (23.99998pt too wide) in alignment at lines 1814--1814
[][] 
 []


Overfull \hbox (17.62482pt too wide) in paragraph at lines 1814--1815
[][] 
 []


Overfull \hbox (3.41031pt too wide) in paragraph at lines 1826--1826
 []|\T1/ntxtlf/b/n/12 Estado| 
 []


Overfull \hbox (23.99998pt too wide) in alignment at lines 1826--1826
[][] 
 []


Overfull \hbox (17.62482pt too wide) in paragraph at lines 1826--1827
[][] 
 []

[42]
Overfull \hbox (3.41031pt too wide) in paragraph at lines 1838--1838
 []|\T1/ntxtlf/b/n/12 Estado| 
 []


Overfull \hbox (23.99998pt too wide) in alignment at lines 1838--1838
[][] 
 []


Overfull \hbox (17.62482pt too wide) in paragraph at lines 1838--1839
[][] 
 []


Overfull \hbox (3.41031pt too wide) in paragraph at lines 1850--1850
 []|\T1/ntxtlf/b/n/12 Estado| 
 []


Overfull \hbox (23.99998pt too wide) in alignment at lines 1850--1850
[][] 
 []


Overfull \hbox (17.62482pt too wide) in paragraph at lines 1850--1851
[][] 
 []


Overfull \hbox (3.41031pt too wide) in paragraph at lines 1862--1862
 []|\T1/ntxtlf/b/n/12 Estado| 
 []


Overfull \hbox (23.99998pt too wide) in alignment at lines 1862--1862
[][] 
 []


Overfull \hbox (17.62482pt too wide) in paragraph at lines 1862--1863
[][] 
 []

[43]
Overfull \hbox (3.41031pt too wide) in paragraph at lines 1874--1874
 []|\T1/ntxtlf/b/n/12 Estado| 
 []


Overfull \hbox (23.99998pt too wide) in alignment at lines 1874--1874
[][] 
 []


Overfull \hbox (17.62482pt too wide) in paragraph at lines 1874--1875
[][] 
 []


pdfTeX warning (ext4): destination with the same identifier (name{section.4}) h
as been already used, duplicate ignored
<to be read again> 
                   \relax 
l.1889 ...e tanques de captación de agua potable}
                                                  
pdfTeX warning (ext4): destination with the same identifier (name{subsection.4.
1}) has been already used, duplicate ignored
<to be read again> 
                   \relax 
l.1899 	\subsection{Checklist de supervisión}
                                              
Overfull \hbox (3.41031pt too wide) in paragraph at lines 1911--1911
 []|\T1/ntxtlf/b/n/12 Estado| 
 []


Overfull \hbox (23.99998pt too wide) in alignment at lines 1911--1911
[][] 
 []


Overfull \hbox (17.62482pt too wide) in paragraph at lines 1911--1912
[][] 
 []

[44]
Overfull \hbox (3.41031pt too wide) in paragraph at lines 1923--1923
 []|\T1/ntxtlf/b/n/12 Estado| 
 []


Overfull \hbox (23.99998pt too wide) in alignment at lines 1923--1923
[][] 
 []


Overfull \hbox (17.62482pt too wide) in paragraph at lines 1923--1924
[][] 
 []


Overfull \hbox (3.41031pt too wide) in paragraph at lines 1935--1935
 []|\T1/ntxtlf/b/n/12 Estado| 
 []


Overfull \hbox (23.99998pt too wide) in alignment at lines 1935--1935
[][] 
 []


Overfull \hbox (17.62482pt too wide) in paragraph at lines 1935--1936
[][] 
 []


Overfull \hbox (3.41031pt too wide) in paragraph at lines 1947--1947
 []|\T1/ntxtlf/b/n/12 Estado| 
 []


Overfull \hbox (23.99998pt too wide) in alignment at lines 1947--1947
[][] 
 []


Overfull \hbox (17.62482pt too wide) in paragraph at lines 1947--1948
[][] 
 []

[45]
Overfull \hbox (3.41031pt too wide) in paragraph at lines 1959--1959
 []|\T1/ntxtlf/b/n/12 Estado| 
 []


Overfull \hbox (23.99998pt too wide) in alignment at lines 1959--1959
[][] 
 []


Overfull \hbox (17.62482pt too wide) in paragraph at lines 1959--1960
[][] 
 []


Overfull \hbox (3.41031pt too wide) in paragraph at lines 1971--1971
 []|\T1/ntxtlf/b/n/12 Estado| 
 []


Overfull \hbox (23.99998pt too wide) in alignment at lines 1971--1971
[][] 
 []


Overfull \hbox (17.62482pt too wide) in paragraph at lines 1971--1972
[][] 
 []


Overfull \hbox (3.41031pt too wide) in paragraph at lines 1983--1983
 []|\T1/ntxtlf/b/n/12 Estado| 
 []


Overfull \hbox (23.99998pt too wide) in alignment at lines 1983--1983
[][] 
 []


Overfull \hbox (17.62482pt too wide) in paragraph at lines 1983--1984
[][] 
 []

[46]
pdfTeX warning (ext4): destination with the same identifier (name{section.5}) h
as been already used, duplicate ignored
<to be read again> 
                   \relax 
l.1993 ...n{Perforación de pozos de agua potable}
                                                  
pdfTeX warning (ext4): destination with the same identifier (name{subsection.5.
1}) has been already used, duplicate ignored
<to be read again> 
                   \relax 
l.2000 	\subsection{Checklist de supervisión}
                                              
Overfull \hbox (3.41031pt too wide) in paragraph at lines 2012--2012
 []|\T1/ntxtlf/b/n/12 Estado| 
 []


Overfull \hbox (23.99998pt too wide) in alignment at lines 2012--2012
[][] 
 []


Overfull \hbox (17.62482pt too wide) in paragraph at lines 2012--2013
[][] 
 []


Overfull \hbox (3.41031pt too wide) in paragraph at lines 2024--2024
 []|\T1/ntxtlf/b/n/12 Estado| 
 []


Overfull \hbox (23.99998pt too wide) in alignment at lines 2024--2024
[][] 
 []


Overfull \hbox (17.62482pt too wide) in paragraph at lines 2024--2025
[][] 
 []

[47]
Overfull \hbox (3.41031pt too wide) in paragraph at lines 2035--2035
 []|\T1/ntxtlf/b/n/12 Estado| 
 []


Overfull \hbox (23.99998pt too wide) in alignment at lines 2035--2035
[][] 
 []


Overfull \hbox (17.62482pt too wide) in paragraph at lines 2035--2036
[][] 
 []


Overfull \hbox (3.41031pt too wide) in paragraph at lines 2046--2046
 []|\T1/ntxtlf/b/n/12 Estado| 
 []


Overfull \hbox (23.99998pt too wide) in alignment at lines 2046--2046
[][] 
 []


Overfull \hbox (17.62482pt too wide) in paragraph at lines 2046--2047
[][] 
 []


Overfull \hbox (3.41031pt too wide) in paragraph at lines 2057--2057
 []|\T1/ntxtlf/b/n/12 Estado| 
 []


Overfull \hbox (23.99998pt too wide) in alignment at lines 2057--2057
[][] 
 []


Overfull \hbox (17.62482pt too wide) in paragraph at lines 2057--2058
[][] 
 []


Overfull \hbox (3.41031pt too wide) in paragraph at lines 2068--2068
 []|\T1/ntxtlf/b/n/12 Estado| 
 []


Overfull \hbox (23.99998pt too wide) in alignment at lines 2068--2068
[][] 
 []


Overfull \hbox (17.62482pt too wide) in paragraph at lines 2068--2069
[][] 
 []

[48]
Overfull \hbox (3.41031pt too wide) in paragraph at lines 2079--2079
 []|\T1/ntxtlf/b/n/12 Estado| 
 []


Overfull \hbox (23.99998pt too wide) in alignment at lines 2079--2079
[][] 
 []


Overfull \hbox (17.62482pt too wide) in paragraph at lines 2079--2080
[][] 
 []


Overfull \hbox (3.41031pt too wide) in paragraph at lines 2091--2091
 []|\T1/ntxtlf/b/n/12 Estado| 
 []


Overfull \hbox (23.99998pt too wide) in alignment at lines 2091--2091
[][] 
 []


Overfull \hbox (17.62482pt too wide) in paragraph at lines 2091--2092
[][] 
 []


pdfTeX warning (ext4): destination with the same identifier (name{section.6}) h
as been already used, duplicate ignored
<to be read again> 
                   \relax 
l.2099 ...s de agua (enterradas o semienterradas)}
                                                  
pdfTeX warning (ext4): destination with the same identifier (name{subsection.6.
1}) has been already used, duplicate ignored
<to be read again> 
                   \relax 
l.2107 	\subsection{Checklist de supervisión}
                                              
LaTeX Font Info:    Font shape `T1/ntxtlf/m/n' will be
(Font)              scaled to size 10.95pt on input line 2111.

Overfull \hbox (17.62482pt too wide) in paragraph at lines 2126--2127
[][] 
 []

[49]
Overfull \hbox (17.62482pt too wide) in paragraph at lines 2141--2142
[][] 
 []


Overfull \hbox (17.62482pt too wide) in paragraph at lines 2156--2157
[][] 
 []


Overfull \hbox (17.62482pt too wide) in paragraph at lines 2171--2172
[][] 
 []

[50]
Overfull \hbox (17.62482pt too wide) in paragraph at lines 2186--2187
[][] 
 []


Overfull \hbox (17.62482pt too wide) in paragraph at lines 2201--2202
[][] 
 []


Overfull \hbox (17.62482pt too wide) in paragraph at lines 2216--2217
[][] 
 []

[51]
pdfTeX warning (ext4): destination with the same identifier (name{section.7}) h
as been already used, duplicate ignored
<to be read again> 
                   \relax 
l.2225 	\section{Construcción de Pavimentos }
                                              
LaTeX Font Info:    Font shape `T1/ntxtlf/m/it' will be
(Font)              scaled to size 10.95pt on input line 2236.
 [52]
LaTeX Info: Symbol \texttwosuperior not provided by
            font family ntxtlf in TS1 encoding.
            Default family used instead on input line 2269.
 [53{d:/Instalar Programas/textlive/texlive/2025/texmf-dist/fonts/enc/dvips/cm-
super/cm-super-ts1.enc}]
Overfull \hbox (17.62482pt too wide) in paragraph at lines 2326--2327
[][] 
 []


Overfull \hbox (17.62482pt too wide) in paragraph at lines 2352--2353
[][] 
 []

[54]
Overfull \hbox (17.62482pt too wide) in paragraph at lines 2370--2371
[][] 
 []


Overfull \hbox (17.62482pt too wide) in paragraph at lines 2388--2389
[][] 
 []

[55]
Overfull \hbox (17.62482pt too wide) in paragraph at lines 2405--2406
[][] 
 []


Overfull \hbox (17.62482pt too wide) in paragraph at lines 2423--2424
[][] 
 []

[56]
Overfull \hbox (17.62482pt too wide) in paragraph at lines 2440--2441
[][] 
 []


Overfull \hbox (17.62482pt too wide) in paragraph at lines 2457--2458
[][] 
 []

[57]
Overfull \hbox (17.62482pt too wide) in paragraph at lines 2475--2476
[][] 
 []

[58] (./investigacion2.aux
LaTeX Info: Redefining \. on input line 11.
LaTeX Info: Redefining \% on input line 11.
)
 ***********
LaTeX2e <2025-11-01>
L3 programming layer <2020/03/25>
 ***********
Package rerunfilecheck Info: File `investigacion2.out' has not changed.
(rerunfilecheck)             Checksum: 52DD33F2E3CC456DF3F81E4702500270;11688.
 ) 
Here is how much of TeX's memory you used:
 18725 strings out of 467577
 294334 string characters out of 5410090
 803328 words of memory out of 5000000
 47195 multiletter control sequences out of 15000+600000
 704754 words of font info for 133 fonts, out of 8000000 for 9000
 1141 hyphenation exceptions out of 8191
 75i,9n,79p,565b,624s stack positions out of 10000i,1000n,20000p,200000b,200000s
<d:/Instalar Programas/textlive/texlive/2025/texmf-dist/fonts/type1/public/te
x-gyre/qtmr.pfb><d:/Instalar Programas/textlive/texlive/2025/texmf-dist/fonts/t
ype1/public/cm-super/sfrm1095.pfb><d:/Instalar Programas/textlive/texlive/2025/
texmf-dist/fonts/type1/public/newtx/txsym.pfb><d:/Instalar Programas/textlive/t
exlive/2025/texmf-dist/fonts/type1/public/newtx/txsys.pfb><d:/Instalar Programa
s/textlive/texlive/2025/texmf-dist/fonts/type1/public/newtx/ztmb.pfb><d:/Instal
ar Programas/textlive/texlive/2025/texmf-dist/fonts/type1/public/newtx/ztmbi.pf
b><d:/Instalar Programas/textlive/texlive/2025/texmf-dist/fonts/type1/public/ne
wtx/ztmr.pfb><d:/Instalar Programas/textlive/texlive/2025/texmf-dist/fonts/type
1/public/newtx/ztmri.pfb>
Output written on investigacion2.pdf (58 pages, 265271 bytes).
PDF statistics:
 485 PDF objects out of 1000 (max. 8388607)
 404 compressed objects within 5 object streams
 82 named destinations out of 1000 (max. 500000)
 385 words of extra memory for PDF output out of 10000 (max. 10000000)

